# Path: micropython
# Arch: x86_64
# Object files:
[  0] linker synthesized
[  1] build-standard/py/mpstate.o
[  2] build-standard/py/nlr.o
[  3] build-standard/py/nlrx64.o
[  4] build-standard/py/malloc.o
[  5] build-standard/py/gc.o
[  6] build-standard/py/qstr.o
[  7] build-standard/py/vstr.o
[  8] build-standard/py/mpprint.o
[  9] build-standard/py/unicode.o
[ 10] build-standard/py/mpz.o
[ 11] build-standard/py/reader.o
[ 12] build-standard/py/lexer.o
[ 13] build-standard/py/parse.o
[ 14] build-standard/py/scope.o
[ 15] build-standard/py/compile.o
[ 16] build-standard/py/emitcommon.o
[ 17] build-standard/py/emitbc.o
[ 18] build-standard/py/asmbase.o
[ 19] build-standard/py/asmx64.o
[ 20] build-standard/py/emitnx64.o
[ 21] build-standard/py/formatfloat.o
[ 22] build-standard/py/parsenumbase.o
[ 23] build-standard/py/parsenum.o
[ 24] build-standard/py/emitglue.o
[ 25] build-standard/py/persistentcode.o
[ 26] build-standard/py/runtime.o
[ 27] build-standard/py/runtime_utils.o
[ 28] build-standard/py/scheduler.o
[ 29] build-standard/py/nativeglue.o
[ 30] build-standard/py/pairheap.o
[ 31] build-standard/py/ringbuf.o
[ 32] build-standard/py/stackctrl.o
[ 33] build-standard/py/argcheck.o
[ 34] build-standard/py/warning.o
[ 35] build-standard/py/map.o
[ 36] build-standard/py/obj.o
[ 37] build-standard/py/objarray.o
[ 38] build-standard/py/objattrtuple.o
[ 39] build-standard/py/objbool.o
[ 40] build-standard/py/objboundmeth.o
[ 41] build-standard/py/objcell.o
[ 42] build-standard/py/objclosure.o
[ 43] build-standard/py/objcomplex.o
[ 44] build-standard/py/objdeque.o
[ 45] build-standard/py/objdict.o
[ 46] build-standard/py/objenumerate.o
[ 47] build-standard/py/objexcept.o
[ 48] build-standard/py/objfilter.o
[ 49] build-standard/py/objfloat.o
[ 50] build-standard/py/objfun.o
[ 51] build-standard/py/objgenerator.o
[ 52] build-standard/py/objgetitemiter.o
[ 53] build-standard/py/objint.o
[ 54] build-standard/py/objint_mpz.o
[ 55] build-standard/py/objlist.o
[ 56] build-standard/py/objmap.o
[ 57] build-standard/py/objmodule.o
[ 58] build-standard/py/objobject.o
[ 59] build-standard/py/objpolyiter.o
[ 60] build-standard/py/objproperty.o
[ 61] build-standard/py/objnone.o
[ 62] build-standard/py/objnamedtuple.o
[ 63] build-standard/py/objrange.o
[ 64] build-standard/py/objreversed.o
[ 65] build-standard/py/objset.o
[ 66] build-standard/py/objsingleton.o
[ 67] build-standard/py/objslice.o
[ 68] build-standard/py/objstr.o
[ 69] build-standard/py/objstrunicode.o
[ 70] build-standard/py/objstringio.o
[ 71] build-standard/py/objtuple.o
[ 72] build-standard/py/objtype.o
[ 73] build-standard/py/objzip.o
[ 74] build-standard/py/opmethods.o
[ 75] build-standard/py/sequence.o
[ 76] build-standard/py/stream.o
[ 77] build-standard/py/binary.o
[ 78] build-standard/py/builtinimport.o
[ 79] build-standard/py/builtinevex.o
[ 80] build-standard/py/modarray.o
[ 81] build-standard/py/modbuiltins.o
[ 82] build-standard/py/modcollections.o
[ 83] build-standard/py/modgc.o
[ 84] build-standard/py/modio.o
[ 85] build-standard/py/modmath.o
[ 86] build-standard/py/modcmath.o
[ 87] build-standard/py/modmicropython.o
[ 88] build-standard/py/modstruct.o
[ 89] build-standard/py/modsys.o
[ 90] build-standard/py/moduerrno.o
[ 91] build-standard/py/modthread.o
[ 92] build-standard/py/vm.o
[ 93] build-standard/py/bc.o
[ 94] build-standard/py/showbc.o
[ 95] build-standard/py/repl.o
[ 96] build-standard/py/smallint.o
[ 97] build-standard/py/frozenmod.o
[ 98] build-standard/extmod/moductypes.o
[ 99] build-standard/extmod/modujson.o
[100] build-standard/extmod/modure.o
[101] build-standard/extmod/moduzlib.o
[102] build-standard/extmod/moduheapq.o
[103] build-standard/extmod/modutimeq.o
[104] build-standard/extmod/moduhashlib.o
[105] build-standard/extmod/moducryptolib.o
[106] build-standard/extmod/modubinascii.o
[107] build-standard/extmod/virtpin.o
[108] build-standard/extmod/machine_mem.o
[109] build-standard/extmod/machine_pinbase.o
[110] build-standard/extmod/machine_signal.o
[111] build-standard/extmod/machine_pulse.o
[112] build-standard/extmod/modussl_axtls.o
[113] build-standard/extmod/modurandom.o
[114] build-standard/extmod/moduwebsocket.o
[115] build-standard/extmod/vfs_posix_file.o
[116] build-standard/extmod/utime_mphal.o
[117] build-standard/lib/embed/abort_.o
[118] build-standard/lib/utils/printf.o
[119] build-standard/build-standard/frozen_content.o
[120] build-standard/main.o
[121] build-standard/gccollect.o
[122] build-standard/unix_mphal.o
[123] build-standard/mpthreadport.o
[124] build-standard/input.o
[125] build-standard/modmachine.o
[126] build-standard/modos.o
[127] build-standard/modtime.o
[128] build-standard/moduselect.o
[129] build-standard/alloc.o
[130] build-standard/fatfs_port.o
[131] build-standard/lib/axtls/ssl/asn1.o
[132] build-standard/lib/axtls/ssl/loader.o
[133] build-standard/lib/axtls/ssl/tls1.o
[134] build-standard/lib/axtls/ssl/tls1_svr.o
[135] build-standard/lib/axtls/ssl/tls1_clnt.o
[136] build-standard/lib/axtls/ssl/x509.o
[137] build-standard/lib/axtls/crypto/aes.o
[138] build-standard/lib/axtls/crypto/bigint.o
[139] build-standard/lib/axtls/crypto/crypto_misc.o
[140] build-standard/lib/axtls/crypto/hmac.o
[141] build-standard/lib/axtls/crypto/md5.o
[142] build-standard/lib/axtls/crypto/rsa.o
[143] build-standard/lib/axtls/crypto/sha1.o
[144] build-standard/extmod/modbtree.o
[145] build-standard/lib/berkeley-db-1.xx/btree/bt_close.o
[146] build-standard/lib/berkeley-db-1.xx/btree/bt_conv.o
[147] build-standard/lib/berkeley-db-1.xx/btree/bt_delete.o
[148] build-standard/lib/berkeley-db-1.xx/btree/bt_get.o
[149] build-standard/lib/berkeley-db-1.xx/btree/bt_open.o
[150] build-standard/lib/berkeley-db-1.xx/btree/bt_overflow.o
[151] build-standard/lib/berkeley-db-1.xx/btree/bt_page.o
[152] build-standard/lib/berkeley-db-1.xx/btree/bt_put.o
[153] build-standard/lib/berkeley-db-1.xx/btree/bt_search.o
[154] build-standard/lib/berkeley-db-1.xx/btree/bt_seq.o
[155] build-standard/lib/berkeley-db-1.xx/btree/bt_split.o
[156] build-standard/lib/berkeley-db-1.xx/btree/bt_utils.o
[157] build-standard/lib/berkeley-db-1.xx/mpool/mpool.o
[158] build-standard/modtermios.o
[159] build-standard/modusocket.o
[160] build-standard/modffi.o
[161] build-standard/lib/mp-readline/readline.o
[162] build-standard/lib/timeutils/timeutils.o
[163] build-standard/lib/utils/gchelper_generic.o
[164] /Applications/Xcode.app/Contents/Developer/Platforms/MacOSX.platform/Developer/SDKs/MacOSX.sdk/usr/lib/libpthread.tbd
[165] /Applications/Xcode.app/Contents/Developer/Platforms/MacOSX.platform/Developer/SDKs/MacOSX.sdk/usr/lib/libffi.tbd
# Sections:
# Address	Size    	Segment	Section
0x100000DF0	0x00042099	__TEXT	__text
0x100042E8A	0x0000036C	__TEXT	__stubs
0x1000431F8	0x000005BA	__TEXT	__stub_helper
0x1000437C0	0x00001B20	__TEXT	__const
0x1000452E0	0x00004CE0	__TEXT	__cstring
0x100049FC0	0x00001038	__TEXT	__unwind_info
0x10004B000	0x000001A0	__DATA_CONST	__got
0x10004B1A0	0x0000B6E0	__DATA_CONST	__const
0x100057000	0x00000490	__DATA	__la_symbol_ptr
0x100057490	0x00000ED0	__DATA	__data
0x100058360	0x000006D8	__DATA	__common
0x100058A40	0x00000181	__DATA	__bss
# Symbols:
# Address	Size    	File  Name
0x100000DF0	0x00000022	[  2] _nlr_push_tail
0x100000E12	0x00000016	[  2] _nlr_pop
0x100000E28	0x00000032	[  3] _nlr_push
0x100000E5A	0x00000059	[  3] _nlr_jump
0x100000EB3	0x00000065	[  4] _m_malloc
0x100000F18	0x00000053	[  4] _m_malloc_maybe
0x100000F6B	0x0000000A	[  4] _m_malloc0
0x100000F75	0x00000070	[  4] _m_realloc
0x100000FE5	0x00000065	[  4] _m_realloc_maybe
0x10000104A	0x00000023	[  4] _m_free
0x10000106D	0x00000014	[  4] _m_get_total_bytes_allocated
0x100001081	0x00000014	[  4] _m_get_current_bytes_allocated
0x100001095	0x00000014	[  4] _m_get_peak_bytes_allocated
0x1000010B0	0x000000D0	[  5] _gc_init
0x100001180	0x00000040	[  5] _gc_lock
0x1000011C0	0x00000040	[  5] _gc_unlock
0x100001200	0x00000020	[  5] _gc_is_locked
0x100001220	0x00000060	[  5] _gc_collect_start
0x100001280	0x000001E0	[  5] _gc_collect_root
0x100001460	0x000003A0	[  5] _gc_collect_end
0x100001800	0x000001F0	[  5] _gc_info
0x1000019F0	0x000002E0	[  5] _gc_alloc
0x100001CD0	0x000000F0	[  5] _gc_free
0x100001DC0	0x000000D0	[  5] _gc_nbytes
0x100001E90	0x00000390	[  5] _gc_realloc
0x100002220	0x00000060	[  5] _gc_dump_info
0x100002280	0x000002D0	[  5] _gc_dump_alloc_table
0x100002550	0x0000003D	[  6] _qstr_compute_hash
0x10000258D	0x0000002E	[  6] _qstr_init
0x1000025BB	0x000000EB	[  6] _qstr_find_strn
0x1000026A6	0x0000001F	[  6] _qstr_from_str
0x1000026C5	0x000002B4	[  6] _qstr_from_strn
0x100002979	0x00000033	[  6] _qstr_hash
0x1000029AC	0x00000029	[  6] _qstr_len
0x1000029D5	0x00000029	[  6] _qstr_str
0x1000029FE	0x00000030	[  6] _qstr_data
0x100002A2E	0x000000C4	[  6] _qstr_pool_info
0x100002AF2	0x000000A6	[  6] _qstr_dump_data
0x100002B98	0x00000035	[  7] _vstr_init
0x100002BCD	0x0000003D	[  7] _vstr_init_len
0x100002C0A	0x00000019	[  7] _vstr_init_fixed_buf
0x100002C23	0x00000045	[  7] _vstr_init_print
0x100002C68	0x0000003D	[  7] _vstr_add_strn
0x100002CA5	0x0000002A	[  7] _vstr_clear
0x100002CCF	0x00000042	[  7] _vstr_new
0x100002D11	0x00000034	[  7] _vstr_free
0x100002D45	0x0000004A	[  7] _vstr_extend
0x100002D8F	0x0000004F	[  7] _vstr_ensure_extra
0x100002DDE	0x00000029	[  7] _vstr_add_len
0x100002E07	0x00000036	[  7] _vstr_null_terminated_str
0x100002E3D	0x00000030	[  7] _vstr_add_byte
0x100002E6D	0x00000128	[  7] _vstr_add_char
0x100002F95	0x00000048	[  7] _vstr_add_str
0x100002FDD	0x00000016	[  7] _vstr_ins_byte
0x100002FF3	0x00000052	[  7] _vstr_ins_blank_bytes
0x100003045	0x00000016	[  7] _vstr_ins_char
0x10000305B	0x00000042	[  7] _vstr_cut_out_bytes
0x10000309D	0x00000017	[  7] _vstr_cut_tail_bytes
0x1000030B4	0x000000B2	[  7] _vstr_printf
0x100003168	0x00000010	[  8] _plat_print_strn
0x100003178	0x0000003A	[  8] _mp_print_str
0x1000031B2	0x00000117	[  8] _mp_print_strn
0x1000032C9	0x00000387	[  8] _mp_print_mp_int
0x100003650	0x000000F4	[  8] _mp_print_float
0x100003744	0x0000009A	[  8] _mp_printf
0x1000037DE	0x00000596	[  8] _mp_vprintf
0x100003D74	0x0000014F	[  8] _mp_print_int
0x100003EC3	0x0000005C	[  9] _utf8_get_char
0x100003F1F	0x00000017	[  9] _utf8_next_char
0x100003F36	0x00000023	[  9] _utf8_ptr_to_index
0x100003F59	0x0000002C	[  9] _utf8_charlen
0x100003F85	0x0000001E	[  9] _unichar_isspace
0x100003FA3	0x0000001F	[  9] _unichar_isalpha
0x100003FC2	0x0000001E	[  9] _unichar_isdigit
0x100003FE0	0x0000001F	[  9] _unichar_isxdigit
0x100003FFF	0x00000026	[  9] _unichar_isident
0x100004025	0x0000001E	[  9] _unichar_isupper
0x100004043	0x0000001E	[  9] _unichar_islower
0x100004061	0x0000001F	[  9] _unichar_tolower
0x100004080	0x0000001F	[  9] _unichar_toupper
0x10000409F	0x00000019	[  9] _unichar_xdigit_value
0x1000040B8	0x0000005C	[  9] _utf8_check
0x100004114	0x00000013	[ 10] _mpz_init_zero
0x100004127	0x00000017	[ 10] _mpz_init_from_int
0x10000413E	0x00000068	[ 10] _mpz_set_from_int
0x1000041A6	0x00000024	[ 10] _mpz_init_fixed_from_int
0x1000041CA	0x00000025	[ 10] _mpz_deinit
0x1000041EF	0x0000004A	[ 10] _mpz_set
0x100004239	0x0000004D	[ 10] _mpz_need_dig
0x100004286	0x00000077	[ 10] _mpz_set_from_ll
0x1000042FD	0x00000163	[ 10] _mpz_set_from_float
0x100004460	0x0000010F	[ 10] _mpz_set_from_str
0x10000456F	0x000000CC	[ 10] _mpz_set_from_bytes
0x10000463B	0x00000085	[ 10] _mpz_cmp
0x1000046C0	0x00000020	[ 10] _mpz_abs_inpl
0x1000046E0	0x00000020	[ 10] _mpz_neg_inpl
0x100004700	0x000000A9	[ 10] _mpz_not_inpl
0x1000047A9	0x0000008C	[ 10] _mpn_sub
0x100004835	0x00000087	[ 10] _mpn_add
0x1000048BC	0x00000111	[ 10] _mpz_shl_inpl
0x1000049CD	0x00000138	[ 10] _mpz_shr_inpl
0x100004B05	0x00000064	[ 10] _mpn_shr
0x100004B69	0x000000CC	[ 10] _mpz_add_inpl
0x100004C35	0x000000E8	[ 10] _mpz_sub_inpl
0x100004D1D	0x0000017B	[ 10] _mpz_and_inpl
0x100004E98	0x00000174	[ 10] _mpz_or_inpl
0x10000500C	0x0000015C	[ 10] _mpz_xor_inpl
0x100005168	0x00000176	[ 10] _mpz_mul_inpl
0x1000052DE	0x00000070	[ 10] _mpz_clone
0x10000534E	0x00000035	[ 10] _mpz_free
0x100005383	0x00000129	[ 10] _mpz_pow_inpl
0x1000054AC	0x00000176	[ 10] _mpz_pow3_inpl
0x100005622	0x0000038E	[ 10] _mpz_divmod_inpl
0x1000059B0	0x0000003E	[ 10] _mpz_hash
0x1000059EE	0x00000050	[ 10] _mpz_as_int_checked
0x100005A3E	0x00000090	[ 10] _mpz_as_bytes
0x100005ACE	0x00000052	[ 10] _mpz_as_float
0x100005B20	0x000001BB	[ 10] _mpz_as_str_inpl
0x100005CDB	0x00000058	[ 11] _mp_reader_new_mem
0x100005D33	0x00000022	[ 11] _mp_reader_mem_readbyte
0x100005D55	0x0000002D	[ 11] _mp_reader_mem_close
0x100005D82	0x0000008A	[ 11] _mp_reader_new_file_from_fd
0x100005E0C	0x00000068	[ 11] _mp_reader_posix_readbyte
0x100005E74	0x00000029	[ 11] _mp_reader_posix_close
0x100005E9D	0x0000003F	[ 11] _mp_reader_new_file
0x100005EDC	0x000008C0	[ 12] _mp_lexer_to_next
0x10000679C	0x0000008F	[ 12] _skip_whitespace
0x10000682B	0x0000005F	[ 12] _is_string_or_bytes
0x10000688A	0x0000008D	[ 12] _next_char
0x100006917	0x000000BC	[ 12] _mp_lexer_new
0x1000069D3	0x0000003D	[ 12] _mp_lexer_new_from_str_len
0x100006A10	0x00000048	[ 12] _mp_lexer_new_from_file
0x100006A58	0x0000003D	[ 12] _mp_lexer_new_from_fd
0x100006A95	0x00000045	[ 12] _mp_lexer_free
0x100006ADC	0x0000001A	[ 13] _mp_parse_node_is_const_false
0x100006AF6	0x0000001D	[ 13] _mp_parse_node_is_const_true
0x100006B13	0x00000052	[ 13] _mp_parse_node_get_int_maybe
0x100006B65	0x00000040	[ 13] _mp_parse_node_extract_list
0x100006BA6	0x0000096C	[ 13] _mp_parse
0x100007512	0x00000083	[ 13] _push_rule
0x100007595	0x000001AF	[ 13] _push_result_token
0x100007744	0x00000053	[ 13] _push_result_node
0x100007797	0x000006E1	[ 13] _push_result_rule
0x100007E78	0x0000002E	[ 13] _mp_parse_tree_clear
0x100007EA6	0x000000B7	[ 13] _parser_alloc
0x100007F5D	0x0000008F	[ 14] _scope_new
0x100007FEC	0x0000002D	[ 14] _scope_free
0x100008019	0x000000A1	[ 14] _scope_find_or_add_id
0x1000080BA	0x00000029	[ 14] _scope_find
0x1000080E3	0x00000035	[ 14] _scope_find_global
0x100008118	0x0000008D	[ 14] _scope_check_to_close_over
0x1000081A8	0x000004CB	[ 15] _mp_compile
0x100008673	0x00000054	[ 15] _scope_new_and_link
0x1000086C7	0x00000415	[ 15] _compile_scope
0x100008ADC	0x00000134	[ 15] _compile_node
0x100008C10	0x00000080	[ 15] _apply_to_single_or_list
0x100008C90	0x00000077	[ 15] _compile_viper_type_annotation
0x100008D07	0x00000038	[ 15] _compile_load_id
0x100008D3F	0x00000149	[ 15] _compile_scope_comp_iter
0x100008E88	0x00000033	[ 15] _compile_store_id
0x100008EBB	0x00000065	[ 15] _compile_generic_all_nodes
0x100008F20	0x000001CF	[ 15] _compile_decorated
0x1000090EF	0x00000027	[ 15] _compile_funcdef
0x100009116	0x00000362	[ 15] _compile_expr_stmt
0x100009478	0x0000000F	[ 15] _compile_generic_tuple
0x100009487	0x0000001A	[ 15] _compile_del_stmt
0x1000094A1	0x00000054	[ 15] _compile_break_cont_stmt
0x1000094F5	0x000000CE	[ 15] _compile_return_stmt
0x1000095C3	0x00000026	[ 15] _compile_yield_stmt
0x1000095E9	0x00000084	[ 15] _compile_raise_stmt
0x10000966D	0x0000001A	[ 15] _compile_import_name
0x100009687	0x0000020C	[ 15] _compile_import_from
0x100009893	0x0000012F	[ 15] _compile_global_nonlocal_stmt
0x1000099C2	0x000000B3	[ 15] _compile_assert_stmt
0x100009A75	0x0000031F	[ 15] _compile_async_stmt
0x100009D94	0x00000181	[ 15] _compile_if_stmt
0x100009F15	0x0000010F	[ 15] _compile_while_stmt
0x10000A024	0x00000486	[ 15] _compile_for_stmt
0x10000A4AA	0x000000C0	[ 15] _compile_try_stmt
0x10000A56A	0x00000042	[ 15] _compile_with_stmt
0x10000A5AC	0x00000015	[ 15] _compile_namedexpr
0x10000A5C1	0x0000009E	[ 15] _compile_test_if_expr
0x10000A65F	0x0000004D	[ 15] _compile_lambdef
0x10000A6AC	0x000000A2	[ 15] _compile_or_and_test
0x10000A74E	0x0000002E	[ 15] _compile_not_test_2
0x10000A77C	0x000001AC	[ 15] _compile_comparison
0x10000A928	0x00000011	[ 15] _compile_star_expr
0x10000A939	0x00000070	[ 15] _compile_binary_op
0x10000A9A9	0x0000006A	[ 15] _compile_term
0x10000AA13	0x00000041	[ 15] _compile_factor_2
0x10000AA54	0x0000002A	[ 15] _compile_power
0x10000AA7E	0x00000044	[ 15] _compile_atom_expr_await
0x10000AAC2	0x0000023F	[ 15] _compile_atom_expr_normal
0x10000AD01	0x000000AF	[ 15] _compile_atom_paren
0x10000ADB0	0x00000117	[ 15] _compile_atom_bracket
0x10000AEC7	0x0000000F	[ 15] _compile_atom_brace
0x10000AED6	0x00000012	[ 15] _compile_trailer_paren
0x10000AEE8	0x0000002B	[ 15] _compile_trailer_bracket
0x10000AF13	0x00000023	[ 15] _compile_trailer_period
0x10000AF36	0x000000D7	[ 15] _compile_subscript
0x10000B00D	0x00000026	[ 15] _compile_dictorsetmaker_item
0x10000B033	0x00000027	[ 15] _compile_classdef
0x10000B05A	0x0000009C	[ 15] _compile_yield_expr
0x10000B0F6	0x0000001D	[ 15] _compile_const_object
0x10000B113	0x00000058	[ 15] _compile_funcdef_helper
0x10000B16B	0x00000099	[ 15] _compile_classdef_helper
0x10000B204	0x00000044	[ 15] _compile_syntax_error
0x10000B248	0x000000B1	[ 15] _compile_funcdef_lambdef
0x10000B2F9	0x0000014B	[ 15] _compile_funcdef_lambdef_param
0x10000B444	0x00000148	[ 15] _close_over_variables_etc
0x10000B58C	0x00000294	[ 15] _compile_trailer_paren_helper
0x10000B820	0x0000007F	[ 15] _compile_namedexpr_helper
0x10000B89F	0x0000008F	[ 15] _compile_comprehension
0x10000B92E	0x00000303	[ 15] _c_assign
0x10000BC31	0x0000017B	[ 15] _c_assign_tuple
0x10000BDAC	0x0000007D	[ 15] _c_tuple
0x10000BE29	0x000001E4	[ 15] _c_del_stmt
0x10000C00D	0x00000033	[ 15] _compile_delete_id
0x10000C040	0x000001C4	[ 15] _c_if_cond
0x10000C204	0x00000054	[ 15] _compile_dotted_as_name
0x10000C258	0x0000020E	[ 15] _do_import_name
0x10000C466	0x00000052	[ 15] _compile_yield_from
0x10000C4B8	0x00000425	[ 15] _compile_async_with_stmt_helper
0x10000C8DD	0x000000FF	[ 15] _compile_try_finally
0x10000C9DC	0x00000324	[ 15] _compile_try_except
0x10000CD00	0x00000153	[ 15] _compile_with_stmt_helper
0x10000CE53	0x00000257	[ 15] _compile_atom_brace_helper
0x10000D0AA	0x00000156	[ 15] _compile_scope_func_lambda_param
0x10000D200	0x00000027	[ 16] _mp_emit_common_get_id_for_modification
0x10000D227	0x0000007B	[ 16] _mp_emit_common_id_op
0x10000D2A2	0x0000000F	[ 17] _emit_bc_new
0x10000D2B1	0x00000025	[ 17] _emit_bc_set_max_num_labels
0x10000D2D6	0x0000002D	[ 17] _emit_bc_free
0x10000D303	0x000002BF	[ 17] _mp_emit_bc_start_pass
0x10000D5C2	0x00000131	[ 17] _mp_emit_bc_end_pass
0x10000D6F3	0x00000012	[ 17] _mp_emit_bc_last_emit_was_return_value
0x10000D705	0x0000002E	[ 17] _mp_emit_bc_adjust_stack_size
0x10000D733	0x0000013B	[ 17] _mp_emit_bc_set_source_line
0x10000D86E	0x00000046	[ 17] _mp_emit_bc_label_assign
0x10000D8B4	0x0000002F	[ 17] _mp_emit_bc_import
0x10000D8E3	0x00000058	[ 17] _emit_write_bytecode_byte
0x10000D93B	0x00000065	[ 17] _emit_write_bytecode_byte_qstr
0x10000D9A0	0x0000005D	[ 17] _mp_emit_bc_load_const_tok
0x10000D9FD	0x00000134	[ 17] _mp_emit_bc_load_const_small_int
0x10000DB31	0x00000017	[ 17] _mp_emit_bc_load_const_str
0x10000DB48	0x0000003F	[ 17] _mp_emit_bc_load_const_obj
0x10000DB87	0x00000014	[ 17] _mp_emit_bc_load_null
0x10000DB9B	0x00000035	[ 17] _mp_emit_bc_load_local
0x10000DBD0	0x000000B6	[ 17] _emit_write_bytecode_byte_uint
0x10000DC86	0x0000004B	[ 17] _mp_emit_bc_load_global
0x10000DCD1	0x0000001C	[ 17] _mp_emit_bc_load_method
0x10000DCED	0x00000014	[ 17] _mp_emit_bc_load_build_class
0x10000DD01	0x0000005A	[ 17] _mp_emit_bc_subscr
0x10000DD5B	0x00000011	[ 17] _mp_emit_bc_rot_three
0x10000DD6C	0x00000085	[ 17] _mp_emit_bc_attr
0x10000DDF1	0x00000011	[ 17] _mp_emit_bc_rot_two
0x10000DE02	0x00000035	[ 17] _mp_emit_bc_store_local
0x10000DE37	0x00000018	[ 17] _mp_emit_bc_store_global
0x10000DE4F	0x00000018	[ 17] _mp_emit_bc_delete_local
0x10000DE67	0x00000015	[ 17] _mp_emit_bc_delete_global
0x10000DE7C	0x00000014	[ 17] _mp_emit_bc_dup_top
0x10000DE90	0x00000014	[ 17] _mp_emit_bc_dup_top_two
0x10000DEA4	0x00000014	[ 17] _mp_emit_bc_pop_top
0x10000DEB8	0x00000014	[ 17] _mp_emit_bc_jump
0x10000DECC	0x00000075	[ 17] _emit_write_bytecode_byte_signed_label
0x10000DF41	0x0000001A	[ 17] _mp_emit_bc_pop_jump_if
0x10000DF5B	0x0000001A	[ 17] _mp_emit_bc_jump_if_or_pop
0x10000DF75	0x000000F5	[ 17] _mp_emit_bc_unwind_jump
0x10000E06A	0x0000001D	[ 17] _mp_emit_bc_setup_block
0x10000E087	0x00000076	[ 17] _emit_write_bytecode_byte_unsigned_label
0x10000E0FD	0x00000069	[ 17] _mp_emit_bc_with_cleanup
0x10000E166	0x00000014	[ 17] _mp_emit_bc_end_finally
0x10000E17A	0x00000015	[ 17] _mp_emit_bc_get_iter
0x10000E18F	0x00000017	[ 17] _mp_emit_bc_for_iter
0x10000E1A6	0x00000031	[ 17] _mp_emit_bc_for_iter_end
0x10000E1D7	0x00000014	[ 17] _mp_emit_bc_pop_except_jump
0x10000E1EB	0x00000014	[ 17] _mp_emit_bc_unary_op
0x10000E1FF	0x0000004E	[ 17] _mp_emit_bc_binary_op
0x10000E24D	0x00000025	[ 17] _mp_emit_bc_build
0x10000E272	0x00000014	[ 17] _mp_emit_bc_store_map
0x10000E286	0x0000003D	[ 17] _mp_emit_bc_store_comp
0x10000E2C3	0x00000014	[ 17] _mp_emit_bc_unpack_sequence
0x10000E2D7	0x0000001E	[ 17] _mp_emit_bc_unpack_ex
0x10000E2F5	0x0000002D	[ 17] _mp_emit_bc_make_function
0x10000E322	0x00000047	[ 17] _emit_write_bytecode_byte_raw_code
0x10000E369	0x0000006F	[ 17] _mp_emit_bc_make_closure
0x10000E3D8	0x0000001A	[ 17] _mp_emit_bc_call_function
0x10000E3F2	0x00000027	[ 17] _emit_bc_call_function_method_helper
0x10000E419	0x0000001D	[ 17] _mp_emit_bc_call_method
0x10000E436	0x00000023	[ 17] _mp_emit_bc_return_value
0x10000E459	0x00000018	[ 17] _mp_emit_bc_raise_varargs
0x10000E471	0x0000002C	[ 17] _mp_emit_bc_yield
0x10000E49D	0x00000031	[ 17] _mp_emit_bc_start_except_handler
0x10000E4CE	0x00000031	[ 17] _mp_emit_bc_end_except_handler
0x10000E4FF	0x00000025	[ 18] _mp_asm_base_init
0x10000E524	0x00000032	[ 18] _mp_asm_base_deinit
0x10000E556	0x0000004B	[ 18] _mp_asm_base_start_pass
0x10000E5A1	0x00000025	[ 18] _mp_asm_base_get_cur_to_write_bytes
0x10000E5C6	0x00000017	[ 18] _mp_asm_base_label_assign
0x10000E5DD	0x00000039	[ 18] _mp_asm_base_data
0x10000E616	0x0000000F	[ 19] _asm_x64_mov_r64_r64
0x10000E625	0x00000054	[ 19] _asm_x64_generic_r64_r64
0x10000E679	0x0000007D	[ 19] _asm_x64_mov_r8_to_mem8
0x10000E6F6	0x000000BB	[ 19] _asm_x64_write_r64_disp
0x10000E7B1	0x00000083	[ 19] _asm_x64_mov_r16_to_mem16
0x10000E834	0x0000007D	[ 19] _asm_x64_mov_r32_to_mem32
0x10000E8B1	0x0000005B	[ 19] _asm_x64_mov_r64_to_mem64
0x10000E90C	0x00000069	[ 19] _asm_x64_mov_mem8_to_r64zx
0x10000E975	0x00000069	[ 19] _asm_x64_mov_mem16_to_r64zx
0x10000E9DE	0x00000063	[ 19] _asm_x64_mov_mem32_to_r64zx
0x10000EA41	0x0000005B	[ 19] _asm_x64_mov_mem64_to_r64
0x10000EA9C	0x00000075	[ 19] _asm_x64_mov_i32_to_r64
0x10000EB11	0x0000005A	[ 19] _asm_x64_mov_i64_to_r64
0x10000EB6B	0x00000019	[ 19] _asm_x64_mov_i64_to_r64_optimised
0x10000EB84	0x0000000F	[ 19] _asm_x64_and_r64_r64
0x10000EB93	0x0000000F	[ 19] _asm_x64_or_r64_r64
0x10000EBA2	0x0000000F	[ 19] _asm_x64_xor_r64_r64
0x10000EBB1	0x00000038	[ 19] _asm_x64_shl_r64_cl
0x10000EBE9	0x00000038	[ 19] _asm_x64_shr_r64_cl
0x10000EC21	0x00000035	[ 19] _asm_x64_sar_r64_cl
0x10000EC56	0x0000000F	[ 19] _asm_x64_add_r64_r64
0x10000EC65	0x0000000F	[ 19] _asm_x64_sub_r64_r64
0x10000EC74	0x0000006A	[ 19] _asm_x64_mul_r64_r64
0x10000ECDE	0x00000015	[ 19] _asm_x64_cmp_r64_with_r64
0x10000ECF3	0x00000030	[ 19] _asm_x64_test_r8_with_r8
0x10000ED23	0x00000015	[ 19] _asm_x64_test_r64_with_r64
0x10000ED38	0x00000034	[ 19] _asm_x64_setcc_r8
0x10000ED6C	0x0000002A	[ 19] _asm_x64_jmp_reg
0x10000ED96	0x0000008A	[ 19] _asm_x64_jmp_label
0x10000EE20	0x00000098	[ 19] _asm_x64_jcc_label
0x10000EEB8	0x0000007F	[ 19] _asm_x64_entry
0x10000EF37	0x00000076	[ 19] _asm_x64_sub_r64_i32
0x10000EFAD	0x0000008A	[ 19] _asm_x64_exit
0x10000F037	0x00000018	[ 19] _asm_x64_mov_local_to_r64
0x10000F04F	0x00000016	[ 19] _asm_x64_mov_r64_to_local
0x10000F065	0x00000088	[ 19] _asm_x64_mov_local_addr_to_r64
0x10000F0ED	0x0000007F	[ 19] _asm_x64_mov_reg_pcrel
0x10000F16C	0x00000042	[ 19] _asm_x64_call_ind
0x10000F1B0	0x0000007A	[ 20] _emit_native_x64_new
0x10000F22A	0x0000006E	[ 20] _emit_native_x64_free
0x10000F298	0x000007E0	[ 20] _emit_native_start_pass
0x10000FA78	0x000003FE	[ 20] _emit_native_end_pass
0x10000FE76	0x0000000C	[ 20] _emit_native_last_emit_was_return_value
0x10000FE82	0x00000076	[ 20] _emit_native_adjust_stack_size
0x10000FEF8	0x00000006	[ 20] _emit_native_set_source_line
0x10000FEFE	0x0000009A	[ 20] _emit_native_load_local
0x10000FF98	0x00000075	[ 20] _emit_native_load_global
0x10001000D	0x000000D2	[ 20] _emit_native_store_local
0x1000100DF	0x000000B7	[ 20] _emit_native_store_global
0x100010196	0x00000043	[ 20] _emit_native_delete_local
0x1000101D9	0x0000001F	[ 20] _emit_native_delete_global
0x1000101F8	0x000000A8	[ 20] _emit_native_label_assign
0x1000102A0	0x000000D4	[ 20] _emit_native_import
0x100010374	0x0000003C	[ 20] _emit_native_load_const_tok
0x1000103B0	0x00000019	[ 20] _emit_native_load_const_small_int
0x1000103C9	0x00000043	[ 20] _emit_native_load_const_str
0x10001040C	0x00000054	[ 20] _emit_native_load_const_obj
0x100010460	0x00000015	[ 20] _emit_native_load_null
0x100010475	0x0000008B	[ 20] _emit_native_load_method
0x100010500	0x0000003A	[ 20] _emit_native_load_build_class
0x10001053A	0x000009CE	[ 20] _emit_native_subscr
0x100010F08	0x000000A6	[ 20] _emit_native_attr
0x100010FAE	0x00000063	[ 20] _emit_native_dup_top
0x100011011	0x00000079	[ 20] _emit_native_dup_top_two
0x10001108A	0x00000030	[ 20] _emit_native_pop_top
0x1000110BA	0x00000059	[ 20] _emit_native_rot_two
0x100011113	0x00000088	[ 20] _emit_native_rot_three
0x10001119B	0x0000002C	[ 20] _emit_native_jump
0x1000111C7	0x0000000F	[ 20] _emit_native_pop_jump_if
0x1000111D6	0x0000000C	[ 20] _emit_native_jump_if_or_pop
0x1000111E2	0x00000146	[ 20] _emit_native_unwind_jump
0x100011328	0x00000162	[ 20] _emit_native_setup_block
0x10001148A	0x00000246	[ 20] _emit_native_with_cleanup
0x1000116D0	0x00000106	[ 20] _emit_native_end_finally
0x1000117D6	0x00000096	[ 20] _emit_native_get_iter
0x10001186C	0x00000096	[ 20] _emit_native_for_iter
0x100011902	0x00000031	[ 20] _emit_native_for_iter_end
0x100011933	0x00000062	[ 20] _emit_native_pop_except_jump
0x100011995	0x000000A1	[ 20] _emit_native_unary_op
0x100011A36	0x00000472	[ 20] _emit_native_binary_op
0x100011EA8	0x00000102	[ 20] _emit_native_build
0x100011FAA	0x00000069	[ 20] _emit_native_store_map
0x100012013	0x000000AB	[ 20] _emit_native_store_comp
0x1000120BE	0x0000004C	[ 20] _emit_native_unpack_sequence
0x10001210A	0x00000059	[ 20] _emit_native_unpack_ex
0x100012163	0x000000C3	[ 20] _emit_native_make_function
0x100012226	0x000000B2	[ 20] _emit_native_make_closure
0x1000122D8	0x00000181	[ 20] _emit_native_call_function
0x100012459	0x00000083	[ 20] _emit_native_call_method
0x1000124DC	0x000001BC	[ 20] _emit_native_return_value
0x100012698	0x00000063	[ 20] _emit_native_raise_varargs
0x1000126FB	0x00000272	[ 20] _emit_native_yield
0x10001296D	0x00000038	[ 20] _emit_native_start_except_handler
0x1000129A5	0x00000029	[ 20] _emit_native_end_except_handler
0x1000129CE	0x00000047	[ 20] _emit_call_with_imm_arg
0x100012A15	0x00000034	[ 20] _emit_native_mov_state_reg
0x100012A49	0x000003A7	[ 20] _emit_native_global_exc_entry
0x100012DF0	0x0000005F	[ 20] _need_reg_all
0x100012E4F	0x00000032	[ 20] _emit_native_mov_reg_state
0x100012E81	0x00000043	[ 20] _ensure_extra_stack
0x100012EC4	0x000000AB	[ 20] _emit_native_load_fast
0x100012F6F	0x00000068	[ 20] _emit_post_push_reg
0x100012FD7	0x0000007C	[ 20] _need_reg_single
0x100013053	0x00000090	[ 20] _emit_pre_pop_reg_flexible
0x1000130E3	0x000000A6	[ 20] _emit_access_stack
0x100013189	0x000000BB	[ 20] _load_reg_stack_imm
0x100013244	0x00000068	[ 20] _emit_post_push_imm
0x1000132AC	0x00000047	[ 20] _emit_call_with_qstr_arg
0x1000132F3	0x000000DD	[ 20] _emit_native_store_fast
0x1000133D0	0x00000049	[ 20] _emit_pre_pop_reg
0x100013419	0x000000B9	[ 20] _need_stack_settled
0x1000134D2	0x0000007B	[ 20] _emit_native_leave_exc_stack
0x10001354D	0x00000087	[ 20] _emit_load_reg_with_ptr
0x1000135D4	0x00000154	[ 20] _emit_get_stack_pointer_to_reg_for_pop
0x100013728	0x00000094	[ 20] _emit_get_stack_pointer_to_reg_for_push
0x1000137BC	0x00000055	[ 20] _emit_native_mov_reg_state_addr
0x100013811	0x000001B0	[ 20] _emit_native_jump_helper
0x1000139C1	0x000000A2	[ 20] _emit_native_push_exc_stack
0x100013A63	0x0000005D	[ 20] _emit_call_with_2_imm_args
0x100013AC0	0x00000088	[ 20] _emit_fold_stack_top
0x100013B48	0x000005E6	[ 21] _mp_format_float
0x10001412E	0x000000B5	[ 22] _mp_parse_num_base
0x1000141E3	0x000001D6	[ 23] _mp_parse_num_integer
0x1000143B9	0x00000034	[ 23] _raise_exc
0x1000143ED	0x0000036F	[ 23] _mp_parse_num_decimal
0x10001475C	0x0000001A	[ 24] _mp_emit_glue_new_raw_code
0x100014776	0x00000030	[ 24] _mp_emit_glue_assign_bytecode
0x1000147A6	0x0000003C	[ 24] _mp_emit_glue_assign_native
0x1000147E2	0x0000005E	[ 24] _mp_make_function_from_raw_code
0x100014840	0x00000041	[ 24] _mp_make_closure_from_raw_code
0x100014881	0x00000145	[ 25] _mp_native_relocate
0x1000149C6	0x000000B9	[ 25] _mp_raw_code_load
0x100014A7F	0x0000073C	[ 25] _load_raw_code
0x1000151BB	0x00000027	[ 25] _mp_raw_code_load_file
0x1000151E2	0x0000010A	[ 25] _load_qstr
0x1000152EC	0x0000015B	[ 25] _extract_prelude
0x100015448	0x000000C4	[ 26] _mp_init
0x10001550C	0x00000019	[ 26] _mp_locals_set
0x100015525	0x00000019	[ 26] _mp_globals_set
0x10001553E	0x00000006	[ 26] _mp_deinit
0x100015544	0x00000054	[ 26] _mp_load_name
0x100015598	0x0000008F	[ 26] _mp_load_global
0x100015627	0x00000073	[ 26] _mp_raise_msg_varg
0x10001569A	0x00000043	[ 26] _mp_load_build_class
0x1000156DD	0x0000002A	[ 26] _mp_store_name
0x100015707	0x00000025	[ 26] _mp_delete_name
0x10001572C	0x0000002A	[ 26] _mp_store_global
0x100015756	0x00000025	[ 26] _mp_delete_global
0x10001577B	0x000001D5	[ 26] _mp_unary_op
0x100015950	0x000005DC	[ 26] _mp_binary_op
0x100015F2C	0x00000013	[ 26] _mp_raise_ValueError
0x100015F3F	0x000000F1	[ 26] _mp_getiter
0x100016030	0x0000010D	[ 26] _mp_iternext
0x10001613D	0x00000023	[ 26] _mp_raise_msg
0x100016160	0x00000010	[ 26] _mp_call_function_0
0x100016170	0x00000058	[ 26] _mp_call_function_n_kw
0x1000161C8	0x00000021	[ 26] _mp_call_function_1
0x1000161E9	0x00000030	[ 26] _mp_call_method_n_kw
0x100016219	0x000004B1	[ 26] _mp_call_method_n_kw_var
0x1000166CA	0x000000F8	[ 26] _mp_unpack_sequence
0x1000167C2	0x0000019D	[ 26] _mp_unpack_ex
0x10001695F	0x00000053	[ 26] _mp_load_attr
0x1000169B2	0x0000007B	[ 26] _mp_load_method
0x100016A2D	0x000000B1	[ 26] _mp_convert_member_lookup
0x100016ADE	0x000000B0	[ 26] _mp_load_method_maybe
0x100016B8E	0x0000006B	[ 26] _mp_load_method_protected
0x100016BF9	0x00000099	[ 26] _mp_store_attr
0x100016C92	0x000000C3	[ 26] _mp_iternext_allow_raise
0x100016D55	0x000001FB	[ 26] _mp_resume
0x100016F50	0x00000055	[ 26] _mp_make_raise_obj
0x100016FA5	0x0000009C	[ 26] _mp_import_name
0x100017041	0x0000013B	[ 26] _mp_import_from
0x10001717C	0x0000009F	[ 26] _mp_import_all
0x10001721B	0x000000E5	[ 26] _mp_parse_compile_execute
0x100017300	0x00000035	[ 26] _m_malloc_fail
0x100017335	0x00000013	[ 26] _mp_raise_TypeError
0x100017348	0x00000020	[ 26] _mp_raise_OSError
0x100017368	0x00000013	[ 26] _mp_raise_NotImplementedError
0x10001737B	0x0000001D	[ 26] _mp_raise_recursion_depth
0x100017398	0x00000066	[ 26] _checked_fun_call
0x1000173FE	0x00000051	[ 27] _mp_call_function_1_protected
0x10001744F	0x00000036	[ 28] _mp_handle_pending
0x100017488	0x0000008C	[ 29] _mp_native_type_from_qstr
0x100017514	0x0000006F	[ 29] _mp_native_from_obj
0x100017583	0x00000051	[ 29] _mp_native_to_obj
0x1000175D4	0x00000033	[ 29] _mp_native_swap_globals
0x100017607	0x00000016	[ 29] _mp_native_call_function_n_kw
0x10001761D	0x00000033	[ 29] _mp_native_getiter
0x100017650	0x00000014	[ 29] _mp_native_iternext
0x100017664	0x0000001D	[ 29] _mp_native_raise
0x100017681	0x000000C1	[ 29] _mp_native_yield_from
0x100017742	0x0000000E	[ 29] _mp_obj_new_float_from_f
0x100017750	0x0000000A	[ 29] _mp_obj_new_float_from_d
0x10001775A	0x0000000F	[ 29] _mp_obj_get_float_to_f
0x100017769	0x0000000A	[ 29] _mp_obj_get_float_to_d
0x100017773	0x0000001A	[ 32] _mp_stack_ctrl_init
0x10001778D	0x00000018	[ 32] _mp_stack_set_top
0x1000177A5	0x0000001D	[ 32] _mp_stack_usage
0x1000177C2	0x00000019	[ 32] _mp_stack_set_limit
0x1000177DB	0x0000002C	[ 32] _mp_stack_check
0x100017807	0x0000007D	[ 33] _mp_arg_check_num_sig
0x100017884	0x00000132	[ 33] _mp_arg_parse_all
0x1000179B6	0x00000054	[ 33] _mp_arg_parse_all_kw_array
0x100017A0A	0x00000010	[ 33] _mp_arg_error_unimpl_kw
0x100017A1A	0x000000EE	[ 34] _mp_warning
0x100017B08	0x0000003F	[ 35] _mp_map_init
0x100017B47	0x00000019	[ 35] _mp_map_init_fixed_table
0x100017B60	0x00000039	[ 35] _mp_map_deinit
0x100017B99	0x0000003F	[ 35] _mp_map_clear
0x100017BD8	0x0000031E	[ 35] _mp_map_lookup
0x100017EF6	0x000000DC	[ 35] _mp_map_rehash
0x100017FD2	0x0000002C	[ 35] _mp_set_init
0x100017FFE	0x00000149	[ 35] _mp_set_lookup
0x100018147	0x000000AD	[ 35] _mp_set_rehash
0x1000181F4	0x00000057	[ 35] _mp_set_remove_first
0x10001824B	0x0000002D	[ 35] _mp_set_clear
0x100018278	0x00000021	[ 36] _mp_obj_get_type
0x100018299	0x00000029	[ 36] _mp_obj_get_type_str
0x1000182C2	0x0000006F	[ 36] _mp_obj_print_helper
0x100018331	0x00000016	[ 36] _mp_obj_print
0x100018347	0x000000F6	[ 36] _mp_obj_print_exception
0x10001843D	0x0000007E	[ 36] _mp_obj_is_true
0x1000184BB	0x0000006D	[ 36] _mp_obj_len_maybe
0x100018528	0x0000003A	[ 36] _mp_obj_is_callable
0x100018562	0x00000201	[ 36] _mp_obj_equal_not_equal
0x100018763	0x0000001D	[ 36] _mp_obj_equal
0x100018780	0x0000004D	[ 36] _mp_obj_get_int
0x1000187CD	0x00000027	[ 36] _mp_obj_get_int_truncated
0x1000187F4	0x0000005C	[ 36] _mp_obj_get_int_maybe
0x100018850	0x0000006C	[ 36] _mp_obj_get_float_maybe
0x1000188BC	0x00000042	[ 36] _mp_obj_get_float
0x1000188FE	0x00000095	[ 36] _mp_obj_get_complex_maybe
0x100018993	0x00000039	[ 36] _mp_obj_get_complex
0x1000189CC	0x00000048	[ 36] _mp_obj_get_array
0x100018A14	0x000000C7	[ 36] _mp_get_index
0x100018ADB	0x00000022	[ 36] _mp_obj_id
0x100018AFD	0x0000003A	[ 36] _mp_obj_len
0x100018B37	0x0000009E	[ 36] _mp_obj_subscr
0x100018BD5	0x00000009	[ 36] _mp_identity
0x100018BDE	0x00000009	[ 36] _mp_identity_getiter
0x100018BE7	0x00000035	[ 36] _mp_get_buffer
0x100018C1C	0x0000003C	[ 36] _mp_get_buffer_raise
0x100018C58	0x00000014	[ 36] _mp_generic_unary_op
0x100018C6C	0x000000DA	[ 37] _array_print
0x100018D46	0x0000004B	[ 37] _array_make_new
0x100018D91	0x0000002D	[ 37] _array_unary_op
0x100018DBE	0x000001F2	[ 37] _array_binary_op
0x100018FB0	0x00000399	[ 37] _array_subscr
0x100019349	0x0000003C	[ 37] _array_iterator_new
0x100019385	0x00000087	[ 37] _array_get_buffer
0x10001940C	0x0000008A	[ 37] _bytearray_make_new
0x100019496	0x000000B7	[ 37] _memoryview_make_new
0x10001954D	0x0000003D	[ 37] _mp_obj_new_bytearray
0x10001958A	0x00000071	[ 37] _array_new
0x1000195FB	0x00000036	[ 37] _mp_obj_new_bytearray_by_ref
0x100019631	0x00000121	[ 37] _array_construct
0x100019752	0x000000B7	[ 37] _array_append
0x100019809	0x000000BC	[ 37] _array_extend
0x1000198C5	0x00000034	[ 37] _array_it_iternext
0x1000198F9	0x00000091	[ 38] _mp_obj_attrtuple_print_helper
0x10001998A	0x00000016	[ 38] _mp_obj_attrtuple_print
0x1000199A0	0x00000036	[ 38] _mp_obj_attrtuple_attr
0x1000199D6	0x00000039	[ 39] _bool_print
0x100019A0F	0x00000041	[ 39] _bool_make_new
0x100019A50	0x00000021	[ 39] _bool_unary_op
0x100019A71	0x00000018	[ 39] _bool_binary_op
0x100019A89	0x000000F5	[ 40] _mp_call_method_self_n_kw
0x100019B7E	0x0000002E	[ 40] _mp_obj_new_bound_meth
0x100019BAC	0x00000062	[ 40] _bound_meth_print
0x100019C0E	0x0000001E	[ 40] _bound_meth_call
0x100019C2C	0x00000016	[ 40] _bound_meth_attr
0x100019C42	0x0000000A	[ 41] _mp_obj_cell_get
0x100019C4C	0x0000000A	[ 41] _mp_obj_cell_set
0x100019C56	0x00000028	[ 41] _mp_obj_new_cell
0x100019C7E	0x00000059	[ 41] _cell_print
0x100019CD7	0x000000B2	[ 42] _closure_print
0x100019D89	0x00000127	[ 42] _closure_call
0x100019EB0	0x00000056	[ 42] _mp_obj_new_closure
0x100019F08	0x000000F3	[ 43] _complex_print
0x100019FFB	0x00000192	[ 43] _complex_make_new
0x10001A18D	0x000000E7	[ 43] _complex_unary_op
0x10001A274	0x00000017	[ 43] _complex_binary_op
0x10001A28B	0x0000003C	[ 43] _complex_attr
0x10001A2C7	0x00000040	[ 43] _mp_obj_new_complex
0x10001A307	0x00000014	[ 43] _mp_obj_complex_get
0x10001A31B	0x00000319	[ 43] _mp_obj_complex_binary_op
0x10001A634	0x000000A5	[ 44] _deque_make_new
0x10001A6D9	0x0000003E	[ 44] _deque_unary_op
0x10001A717	0x00000063	[ 44] _mp_obj_deque_append
0x10001A77A	0x00000040	[ 44] _deque_popleft
0x10001A7BA	0x000000CC	[ 45] _mp_obj_dict_make_new
0x10001A886	0x00000035	[ 45] _mp_obj_new_dict
0x10001A8BB	0x000001EB	[ 45] _dict_update
0x10001AAA6	0x0000003B	[ 45] _mp_obj_dict_get
0x10001AAE1	0x00000096	[ 45] _mp_obj_dict_copy
0x10001AB77	0x000001C7	[ 45] _dict_print
0x10001AD3E	0x00000030	[ 45] _dict_unary_op
0x10001AD6E	0x00000296	[ 45] _dict_binary_op
0x10001B004	0x0000009A	[ 45] _dict_subscr
0x10001B09E	0x00000026	[ 45] _dict_getiter
0x10001B0C4	0x00000018	[ 45] _mp_obj_dict_init
0x10001B0DC	0x0000000E	[ 45] _mp_obj_dict_len
0x10001B0EA	0x00000034	[ 45] _mp_obj_dict_store
0x10001B11E	0x00000056	[ 45] _mp_obj_dict_delete
0x10001B174	0x00000095	[ 45] _dict_get_helper
0x10001B209	0x000000B5	[ 45] _dict_view_it_iternext
0x10001B2BE	0x00000021	[ 45] _dict_clear
0x10001B2DF	0x000000B3	[ 45] _dict_fromkeys
0x10001B392	0x0000000C	[ 45] _dict_get
0x10001B39E	0x0000002F	[ 45] _dict_items
0x10001B3CD	0x000000C1	[ 45] _dict_view_print
0x10001B48E	0x00000038	[ 45] _dict_view_binary_op
0x10001B4C6	0x00000029	[ 45] _dict_view_getiter
0x10001B4EF	0x0000002F	[ 45] _dict_keys
0x10001B51E	0x0000000F	[ 45] _dict_pop
0x10001B52D	0x000000B6	[ 45] _dict_popitem
0x10001B5E3	0x0000000F	[ 45] _dict_setdefault
0x10001B5F2	0x0000002F	[ 45] _dict_values
0x10001B621	0x00000068	[ 46] _enumerate_make_new
0x10001B689	0x0000006E	[ 46] _enumerate_iternext
0x10001B6F7	0x00000006	[ 47] _mp_init_emergency_exception_buf
0x10001B6FD	0x00000100	[ 47] _mp_obj_exception_print
0x10001B7FD	0x000000C1	[ 47] _mp_obj_exception_make_new
0x10001B8BE	0x0000001C	[ 47] _mp_obj_exception_get_value
0x10001B8DA	0x00000066	[ 47] _mp_obj_exception_attr
0x10001B940	0x00000051	[ 47] _mp_obj_new_exception
0x10001B991	0x00000021	[ 47] _mp_obj_new_exception_arg1
0x10001B9B2	0x000000BF	[ 47] _mp_obj_new_exception_msg
0x10001BA71	0x0000009A	[ 47] _mp_obj_new_exception_msg_varg
0x10001BB0B	0x000000F9	[ 47] _mp_obj_new_exception_msg_vlist
0x10001BC04	0x0000008E	[ 47] _exc_add_strn
0x10001BC92	0x00000034	[ 47] _mp_obj_is_exception_type
0x10001BCC6	0x00000012	[ 47] _mp_obj_is_exception_instance
0x10001BCD8	0x00000038	[ 47] _mp_obj_exception_match
0x10001BD10	0x0000002E	[ 47] _mp_obj_exception_clear_traceback
0x10001BD3E	0x00000134	[ 47] _mp_obj_exception_add_traceback
0x10001BE72	0x0000004D	[ 47] _mp_obj_exception_get_traceback
0x10001BEBF	0x00000054	[ 48] _filter_make_new
0x10001BF13	0x0000005D	[ 48] _filter_iternext
0x10001BF70	0x000000AF	[ 49] _float_print
0x10001C01F	0x000000B6	[ 49] _float_make_new
0x10001C0D5	0x000000AF	[ 49] _float_unary_op
0x10001C184	0x0000002F	[ 49] _float_binary_op
0x10001C1B3	0x00000031	[ 49] _mp_obj_new_float
0x10001C1E4	0x0000000B	[ 49] _mp_obj_float_get
0x10001C1EF	0x00000389	[ 49] _mp_obj_float_binary_op
0x10001C578	0x000000BE	[ 49] _mp_obj_float_divmod
0x10001C636	0x00000022	[ 50] _fun_builtin_0_call
0x10001C658	0x0000002A	[ 50] _fun_builtin_1_call
0x10001C682	0x0000002E	[ 50] _fun_builtin_2_call
0x10001C6B0	0x00000032	[ 50] _fun_builtin_3_call
0x10001C6E2	0x00000079	[ 50] _fun_builtin_var_call
0x10001C75B	0x00000047	[ 50] _mp_obj_fun_get_name
0x10001C7A2	0x00000060	[ 50] _mp_obj_fun_bc_attr
0x10001C802	0x00000057	[ 50] _fun_bc_print
0x10001C859	0x0000017C	[ 50] _fun_bc_call
0x10001C9D5	0x000000A1	[ 50] _mp_obj_new_fun_bc
0x10001CA76	0x00000015	[ 50] _mp_obj_new_fun_native
0x10001CA8B	0x00000036	[ 50] _fun_native_call
0x10001CAC1	0x000000D4	[ 51] _gen_wrap_call
0x10001CB95	0x000000C5	[ 51] _native_gen_wrap_call
0x10001CC5A	0x0000017B	[ 51] _mp_obj_gen_resume
0x10001CDD5	0x00000031	[ 51] _gen_instance_print
0x10001CE06	0x00000011	[ 51] _gen_instance_iternext
0x10001CE17	0x00000053	[ 51] _gen_resume_and_raise
0x10001CE6A	0x0000006B	[ 51] _gen_instance_close
0x10001CED5	0x00000020	[ 51] _gen_instance_send
0x10001CEF5	0x0000003C	[ 51] _gen_instance_throw
0x10001CF31	0x0000001F	[ 51] _gen_instance_pend_throw
0x10001CF50	0x0000002A	[ 52] _mp_obj_new_getitem_iter
0x10001CF7A	0x00000070	[ 52] _it_iternext
0x10001CFEA	0x000000AA	[ 53] _mp_obj_new_int_from_float
0x10001D094	0x00000093	[ 53] _mp_obj_int_print
0x10001D127	0x000001B8	[ 53] _mp_obj_int_formatted
0x10001D2DF	0x0000005C	[ 53] _mp_int_format_size
0x10001D33B	0x00000070	[ 53] _mp_obj_int_binary_op_extra_cases
0x10001D3AB	0x000000F4	[ 53] _mp_obj_int_make_new
0x10001D49F	0x000000A0	[ 53] _int_from_bytes
0x10001D53F	0x000000C2	[ 53] _int_to_bytes
0x10001D604	0x00000030	[ 54] _mp_obj_int_new_mpz
0x10001D634	0x00000098	[ 54] _mp_obj_int_formatted_impl
0x10001D6CC	0x0000005D	[ 54] _mp_obj_int_from_bytes_impl
0x10001D729	0x0000003F	[ 54] _mp_obj_int_to_bytes_impl
0x10001D768	0x0000003A	[ 54] _mp_obj_int_sign
0x10001D7A2	0x00000132	[ 54] _mp_obj_int_unary_op
0x10001D8D4	0x00000440	[ 54] _mp_obj_int_binary_op
0x10001DD14	0x00000044	[ 54] _mp_obj_int_get_checked
0x10001DD58	0x00000150	[ 54] _mp_obj_int_pow3
0x10001DEA8	0x0000004B	[ 54] _mp_obj_new_int_from_ull
0x10001DEF3	0x0000001C	[ 54] _mp_obj_new_int
0x10001DF0F	0x0000004E	[ 54] _mp_obj_new_int_from_ll
0x10001DF5D	0x0000001A	[ 54] _mp_obj_new_int_from_uint
0x10001DF77	0x00000069	[ 54] _mp_obj_new_int_from_str_len
0x10001DFE0	0x0000001C	[ 54] _mp_obj_int_get_truncated
0x10001DFFD	0x0000000E	[ 54] _mp_obj_int_as_float_impl
0x10001E00B	0x00000074	[ 55] _mp_obj_list_append
0x10001E07F	0x0000006E	[ 55] _mp_obj_list_sort
0x10001E0ED	0x0000014A	[ 55] _mp_quicksort
0x10001E237	0x00000069	[ 55] _mp_obj_list_remove
0x10001E2A0	0x0000001B	[ 55] _list_index
0x10001E2BB	0x000000BD	[ 55] _list_pop
0x10001E378	0x0000008A	[ 55] _list_print
0x10001E402	0x00000058	[ 55] _list_make_new
0x10001E45A	0x0000002D	[ 55] _list_unary_op
0x10001E487	0x00000180	[ 55] _list_binary_op
0x10001E607	0x000002CA	[ 55] _list_subscr
0x10001E8D1	0x0000002A	[ 55] _list_getiter
0x10001E8FB	0x00000051	[ 55] _mp_obj_list_init
0x10001E94C	0x00000056	[ 55] _mp_obj_new_list
0x10001E9A2	0x00000014	[ 55] _mp_obj_list_get
0x10001E9B6	0x0000000A	[ 55] _mp_obj_list_set_len
0x10001E9C0	0x0000003C	[ 55] _list_extend_from_iter
0x10001E9FC	0x000000B5	[ 55] _list_extend
0x10001EAB1	0x00000027	[ 55] _list_it_iternext
0x10001EAD8	0x0000004C	[ 55] _list_clear
0x10001EB24	0x00000015	[ 55] _list_copy
0x10001EB39	0x00000015	[ 55] _list_count
0x10001EB4E	0x00000071	[ 55] _list_insert
0x10001EBBF	0x0000004A	[ 55] _list_reverse
0x10001EC09	0x0000007A	[ 56] _map_make_new
0x10001EC83	0x0000007E	[ 56] _map_iternext
0x10001ED01	0x0000009F	[ 57] _module_print
0x10001EDA0	0x000000D4	[ 57] _module_attr
0x10001EE74	0x0000007E	[ 57] _mp_obj_new_module
0x10001EEF2	0x0000004E	[ 57] _mp_module_get
0x10001EF40	0x0000005E	[ 57] _mp_module_search_umodule
0x10001EF9E	0x0000002A	[ 58] _object_make_new
0x10001EFC8	0x0000000B	[ 58] _object___init__
0x10001EFD3	0x00000042	[ 58] _object___new__
0x10001F015	0x00000008	[ 59] _polymorph_it_iternext
0x10001F01D	0x00000082	[ 60] _property_make_new
0x10001F09F	0x0000000A	[ 60] _mp_obj_property_get
0x10001F0A9	0x0000003E	[ 60] _property_getter
0x10001F0E7	0x0000003E	[ 60] _property_setter
0x10001F125	0x00000036	[ 60] _property_deleter
0x10001F15B	0x0000001F	[ 61] _none_print
0x10001F17A	0x0000009E	[ 62] _mp_obj_new_namedtuple_base
0x10001F218	0x000000EF	[ 62] _new_namedtuple_type
0x10001F307	0x00000038	[ 62] _namedtuple_print
0x10001F33F	0x00000110	[ 62] _namedtuple_make_new
0x10001F44F	0x00000049	[ 62] _namedtuple_attr
0x10001F498	0x00000055	[ 63] _range_print
0x10001F4ED	0x0000009A	[ 63] _range_make_new
0x10001F587	0x00000057	[ 63] _range_unary_op
0x10001F5DE	0x00000049	[ 63] _range_attr
0x10001F627	0x000000DE	[ 63] _range_subscr
0x10001F705	0x00000023	[ 63] _range_getiter
0x10001F728	0x0000003D	[ 63] _range_it_iternext
0x10001F765	0x000000AB	[ 64] _reversed_make_new
0x10001F810	0x0000002D	[ 64] _reversed_iternext
0x10001F840	0x0000011A	[ 65] _set_print
0x10001F95A	0x00000096	[ 65] _set_make_new
0x10001F9F0	0x000000B2	[ 65] _set_unary_op
0x10001FAA2	0x0000023A	[ 65] _set_binary_op
0x10001FCDC	0x0000002A	[ 65] _set_getiter
0x10001FD06	0x0000006F	[ 65] _mp_obj_new_set
0x10001FD75	0x00000013	[ 65] _mp_obj_set_store
0x10001FD88	0x00000025	[ 65] _set_union
0x10001FDAD	0x00000025	[ 65] _set_symmetric_difference
0x10001FDD2	0x0000000C	[ 65] _set_intersect
0x10001FDDE	0x0000000C	[ 65] _set_diff
0x10001FDEA	0x0000003F	[ 65] _set_update
0x10001FE29	0x0000004F	[ 65] _set_symmetric_difference_update
0x10001FE78	0x0000010E	[ 65] _set_intersect_int
0x10001FF86	0x00000093	[ 65] _set_diff_int
0x100020019	0x0000000C	[ 65] _set_issubset
0x100020025	0x00000015	[ 65] _set_issuperset
0x10002003A	0x0000004F	[ 65] _set_copy
0x100020089	0x0000004A	[ 65] _set_update_int
0x1000200D3	0x00000019	[ 65] _set_add
0x1000200EC	0x00000014	[ 65] _set_clear
0x100020100	0x0000014D	[ 65] _set_issubset_internal
0x10002024D	0x00000048	[ 65] _set_it_iternext
0x100020295	0x00000019	[ 65] _set_discard
0x1000202AE	0x00000015	[ 65] _set_diff_update
0x1000202C3	0x0000000F	[ 65] _set_intersect_update
0x1000202D2	0x00000058	[ 65] _set_isdisjoint
0x10002032A	0x00000027	[ 65] _set_pop
0x100020351	0x0000003F	[ 65] _set_remove
0x100020390	0x00000017	[ 66] _singleton_print
0x1000203A7	0x00000085	[ 67] _slice_print
0x10002042C	0x0000005C	[ 67] _slice_attr
0x100020488	0x0000003E	[ 67] _mp_obj_new_slice
0x1000204C6	0x0000013B	[ 67] _mp_obj_slice_indices
0x100020601	0x00000084	[ 67] _slice_indices
0x100020688	0x0000013B	[ 68] _mp_str_print_quoted
0x1000207C3	0x000000BF	[ 68] _mp_str_print_json
0x100020882	0x0000018B	[ 68] _mp_obj_str_make_new
0x100020A0D	0x000000AA	[ 68] _mp_obj_new_str_from_vstr
0x100020AB7	0x0000006B	[ 68] _mp_obj_new_str_copy
0x100020B22	0x0000003A	[ 68] _mp_obj_new_str
0x100020B5C	0x0000008E	[ 68] _find_subbytes
0x100020BEA	0x00000996	[ 68] _mp_obj_str_binary_op
0x100021580	0x00000036	[ 68] _bad_implicit_conversion
0x1000215B6	0x000001A8	[ 68] _str_join
0x10002175E	0x00000256	[ 68] _mp_obj_str_split
0x1000219B4	0x00000026	[ 68] _mp_obj_new_str_of_type
0x1000219DA	0x00000061	[ 68] _mp_obj_str_get_data
0x100021A3B	0x00000121	[ 68] _str_splitlines
0x100021B5C	0x000001E3	[ 68] _str_rsplit
0x100021D3F	0x00000011	[ 68] _str_find
0x100021D50	0x00000011	[ 68] _str_rfind
0x100021D61	0x00000014	[ 68] _str_index
0x100021D75	0x00000014	[ 68] _str_rindex
0x100021D89	0x000000C4	[ 68] _str_startswith
0x100021E4D	0x0000009B	[ 68] _str_endswith
0x100021EE8	0x00000015	[ 68] _str_strip
0x100021EFD	0x00000012	[ 68] _str_lstrip
0x100021F0F	0x00000015	[ 68] _str_rstrip
0x100021F24	0x000000B4	[ 68] _str_center
0x100021FD8	0x0000008E	[ 68] _mp_obj_str_format
0x100022066	0x00000A26	[ 68] _mp_obj_str_format_helper
0x100022A8C	0x000002A8	[ 68] _str_replace
0x100022D34	0x0000016B	[ 68] _str_count
0x100022E9F	0x0000000F	[ 68] _str_partition
0x100022EAE	0x0000000F	[ 68] _str_rpartition
0x100022EBD	0x00000014	[ 68] _str_lower
0x100022ED1	0x00000014	[ 68] _str_upper
0x100022EE5	0x00000071	[ 68] _str_isspace
0x100022F56	0x00000071	[ 68] _str_isalpha
0x100022FC7	0x00000071	[ 68] _str_isdigit
0x100023038	0x00000096	[ 68] _str_isupper
0x1000230CE	0x00000096	[ 68] _str_islower
0x100023164	0x00000064	[ 68] _bytes_decode
0x1000231C8	0x0000005F	[ 68] _str_encode
0x100023227	0x0000005E	[ 68] _mp_obj_str_get_buffer
0x100023285	0x000000A1	[ 68] _str_print
0x100023326	0x00000203	[ 68] _bytes_make_new
0x100023529	0x000000D0	[ 68] _bytes_subscr
0x1000235F9	0x0000002A	[ 68] _mp_obj_new_bytes_iterator
0x100023623	0x00000017	[ 68] _mp_obj_new_bytes
0x10002363A	0x00000013	[ 68] _mp_obj_new_str_via_qstr
0x10002364E	0x0000002C	[ 68] _mp_obj_str_intern_checked
0x10002367A	0x000000F8	[ 68] _mp_obj_str_equal
0x100023772	0x0000003D	[ 68] _mp_obj_str_get_qstr
0x1000237AF	0x0000004F	[ 68] _mp_obj_str_get_str
0x1000237FE	0x0000017E	[ 68] _str_finder
0x10002397C	0x000001F7	[ 68] _str_uni_strip
0x100023B73	0x00000179	[ 68] _str_partitioner
0x100023CEC	0x0000009A	[ 68] _str_caseconv
0x100023D86	0x00000064	[ 68] _bytes_it_iternext
0x100023DEA	0x00000108	[ 69] _str_index_to_ptr
0x100023EF2	0x000001D6	[ 69] _uni_print
0x1000240C8	0x0000006A	[ 69] _uni_unary_op
0x100024132	0x00000140	[ 69] _str_subscr
0x100024272	0x0000002A	[ 69] _mp_obj_new_str_iterator
0x10002429C	0x0000007F	[ 69] _str_it_iternext
0x10002431B	0x0000002B	[ 70] _stringio_print
0x100024346	0x00000106	[ 70] _stringio_make_new
0x10002444C	0x00000101	[ 70] _stringio_write
0x10002454D	0x00000058	[ 70] _stringio_read
0x1000245A5	0x00000090	[ 70] _stringio_ioctl
0x100024635	0x00000043	[ 70] _stringio_getvalue
0x100024678	0x0000000D	[ 70] _stringio___exit__
0x100024685	0x000000C5	[ 71] _mp_obj_tuple_print
0x10002474A	0x00000086	[ 71] _mp_obj_tuple_unary_op
0x1000247D0	0x000001C1	[ 71] _mp_obj_tuple_binary_op
0x100024991	0x00000053	[ 71] _mp_obj_new_tuple
0x1000249E4	0x000000C3	[ 71] _mp_obj_tuple_subscr
0x100024AA7	0x000000F7	[ 71] _mp_obj_tuple_make_new
0x100024B9E	0x0000002A	[ 71] _mp_obj_tuple_getiter
0x100024BC8	0x00000014	[ 71] _mp_obj_tuple_get
0x100024BDC	0x00000016	[ 71] _mp_obj_tuple_del
0x100024BF2	0x00000024	[ 71] _tuple_it_iternext
0x100024C16	0x00000015	[ 71] _tuple_count
0x100024C2B	0x0000001B	[ 71] _tuple_index
0x100024C46	0x00000051	[ 72] _mp_obj_new_instance
0x100024C97	0x0000008D	[ 72] _instance_count_native_bases
0x100024D24	0x0000024C	[ 72] _mp_obj_instance_make_new
0x100024F70	0x00000177	[ 72] _mp_obj_class_lookup
0x1000250E7	0x00000069	[ 72] _mp_obj_instance_is_callable
0x100025150	0x000000D2	[ 72] _mp_obj_instance_call
0x100025222	0x000000BE	[ 72] _mp_obj_instance_getiter
0x1000252E0	0x00000017	[ 72] _type_print
0x1000252F7	0x0000005D	[ 72] _type_make_new
0x100025354	0x00000029	[ 72] _type_call
0x10002537D	0x00000187	[ 72] _type_attr
0x100025504	0x0000028D	[ 72] _mp_obj_new_type
0x100025791	0x00000141	[ 72] _instance_print
0x1000258D2	0x000000FF	[ 72] _instance_unary_op
0x1000259D1	0x000000EE	[ 72] _instance_binary_op
0x100025ABF	0x00000340	[ 72] _mp_obj_instance_attr
0x100025DFF	0x000000FB	[ 72] _instance_subscr
0x100025EFA	0x00000098	[ 72] _instance_get_buffer
0x100025F92	0x0000008C	[ 72] _check_for_special_accessors
0x10002601E	0x00000036	[ 72] _static_class_method_make_new
0x100026054	0x00000057	[ 72] _super_print
0x1000260AB	0x00000050	[ 72] _super_make_new
0x1000260FB	0x00000101	[ 72] _super_attr
0x1000261FC	0x0000002F	[ 72] _mp_load_super_method
0x10002622B	0x00000091	[ 72] _mp_obj_is_subclass_fast
0x1000262BC	0x00000028	[ 72] _mp_builtin_issubclass
0x1000262E4	0x0000001F	[ 72] _mp_builtin_isinstance
0x100026303	0x00000036	[ 72] _mp_obj_cast_to_native_base
0x100026339	0x00000056	[ 72] _native_base_init_wrapper
0x10002638F	0x000000BE	[ 72] _mp_obj_is_subclass
0x10002644D	0x0000006F	[ 73] _zip_make_new
0x1000264BC	0x00000061	[ 73] _zip_iternext
0x10002651D	0x00000027	[ 74] _op_getitem
0x100026544	0x00000031	[ 74] _op_setitem
0x100026575	0x00000024	[ 74] _op_delitem
0x100026599	0x00000027	[ 74] _op_contains
0x1000265C0	0x0000003F	[ 75] _mp_seq_multiply
0x1000265FF	0x00000056	[ 75] _mp_seq_get_fast_slice_indexes
0x100026655	0x00000069	[ 75] _mp_seq_extract_slice
0x1000266BE	0x00000091	[ 75] _mp_seq_cmp_bytes
0x10002674F	0x000000E4	[ 75] _mp_seq_cmp_objs
0x100026833	0x000000C2	[ 75] _mp_seq_index_obj
0x1000268F5	0x00000055	[ 75] _mp_seq_count_obj
0x10002694A	0x000000A1	[ 76] _mp_stream_rw
0x1000269EB	0x00000053	[ 76] _mp_get_stream_raise
0x100026A3E	0x0000000C	[ 76] _stream_read
0x100026A4A	0x00000036	[ 76] _mp_stream_write
0x100026A80	0x0000000F	[ 76] _mp_stream_write_adaptor
0x100026A8F	0x00000094	[ 76] _stream_write_method
0x100026B23	0x0000007F	[ 76] _stream_readinto
0x100026BA2	0x000000FA	[ 76] _stream_unbuffered_readline
0x100026C9C	0x00000072	[ 76] _stream_unbuffered_readlines
0x100026D0E	0x00000034	[ 76] _mp_stream_unbuffered_iter
0x100026D42	0x00000036	[ 76] _mp_stream_close
0x100026D78	0x00000092	[ 76] _stream_seek
0x100026E0A	0x0000004D	[ 76] _stream_tell
0x100026E57	0x00000036	[ 76] _stream_flush
0x100026E8D	0x0000008F	[ 76] _stream_ioctl
0x100026F1C	0x0000003D	[ 76] _mp_stream_posix_write
0x100026F59	0x0000003C	[ 76] _mp_stream_posix_read
0x100026F95	0x00000051	[ 76] _mp_stream_posix_lseek
0x100026FE6	0x00000030	[ 76] _mp_stream_posix_fsync
0x100027016	0x00000286	[ 76] _stream_read_generic
0x10002729C	0x0000020C	[ 77] _mp_binary_get_size
0x1000274A8	0x00000128	[ 77] _mp_binary_get_val_array
0x1000275D0	0x00000054	[ 77] _mp_binary_get_int
0x100027624	0x00000133	[ 77] _mp_binary_get_val
0x100027757	0x0000003D	[ 77] _mp_binary_set_int
0x100027794	0x00000106	[ 77] _mp_binary_set_val
0x10002789A	0x000000B8	[ 77] _mp_binary_set_val_array
0x100027952	0x000000DA	[ 77] _mp_binary_set_val_array_from_int
0x100027A2C	0x0000004B	[ 78] _mp_obj_is_package
0x100027A77	0x00000606	[ 78] _mp_builtin___import__
0x10002807D	0x00000050	[ 78] _stat_dir_or_file
0x1000280CD	0x0000007B	[ 78] _stat_file_py_or_mpy
0x100028148	0x00000089	[ 78] _do_load
0x1000281D1	0x0000003A	[ 78] _do_load_from_lexer
0x10002820B	0x000000C2	[ 78] _do_execute_raw_code
0x1000282CD	0x00000019	[ 78] _mp_globals_set
0x1000282E6	0x00000019	[ 78] _mp_locals_set
0x1000282FF	0x000000B4	[ 79] _mp_builtin_compile
0x1000283B3	0x0000000F	[ 79] _mp_builtin_eval
0x1000283C2	0x0000000F	[ 79] _mp_builtin_exec
0x1000283D1	0x00000173	[ 79] _eval_exec_helper
0x100028544	0x00000019	[ 79] _mp_globals_set
0x10002855D	0x00000019	[ 79] _mp_locals_set
0x100028576	0x000000E5	[ 81] _mp_builtin___build_class__
0x10002865B	0x00000012	[ 81] _mp_builtin_abs
0x10002866D	0x00000041	[ 81] _mp_builtin_all
0x1000286AE	0x00000041	[ 81] _mp_builtin_any
0x1000286EF	0x0000004C	[ 81] _mp_builtin_bin
0x10002873B	0x00000016	[ 81] _mp_builtin_callable
0x100028751	0x000000D2	[ 81] _mp_builtin_chr
0x100028823	0x00000120	[ 81] _mp_builtin_dir
0x100028943	0x00000015	[ 81] _mp_builtin_divmod
0x100028958	0x00000012	[ 81] _mp_builtin_hash
0x10002896A	0x00000017	[ 81] _mp_builtin_hex
0x100028981	0x00000086	[ 81] _mp_builtin_input
0x100028A07	0x0000000C	[ 81] _mp_builtin_iter
0x100028A13	0x0000000F	[ 81] _mp_builtin_max
0x100028A22	0x0000000C	[ 81] _mp_builtin_min
0x100028A2E	0x0000001E	[ 81] _mp_builtin_next
0x100028A4C	0x00000017	[ 81] _mp_builtin_oct
0x100028A63	0x00000090	[ 81] _mp_builtin_ord
0x100028AF3	0x00000032	[ 81] _mp_builtin_pow
0x100028B25	0x000000DE	[ 81] _mp_builtin_print
0x100028C03	0x00000090	[ 81] _mp_builtin___repl_print__
0x100028C93	0x00000052	[ 81] _mp_builtin_repr
0x100028CE5	0x000001AD	[ 81] _mp_builtin_round
0x100028E92	0x0000005A	[ 81] _mp_builtin_sum
0x100028EEC	0x00000057	[ 81] _mp_builtin_sorted
0x100028F43	0x00000091	[ 81] _mp_builtin_getattr
0x100028FD4	0x0000002D	[ 81] _mp_builtin_setattr
0x100029001	0x0000002A	[ 81] _mp_builtin_delattr
0x10002902B	0x00000069	[ 81] _mp_builtin_hasattr
0x100029094	0x0000000F	[ 81] _mp_builtin_globals
0x1000290A3	0x0000000F	[ 81] _mp_builtin_locals
0x1000290B2	0x0000014F	[ 81] _mp_builtin_min_max
0x100029201	0x0000001E	[ 83] _py_gc_collect
0x10002921F	0x0000001B	[ 83] _gc_disable
0x10002923A	0x0000001B	[ 83] _gc_enable
0x100029255	0x00000022	[ 83] _gc_isenabled
0x100029277	0x00000025	[ 83] _gc_mem_free
0x10002929C	0x00000025	[ 83] _gc_mem_alloc
0x1000292C1	0x00000062	[ 83] _gc_threshold
0x100029323	0x0000000D	[ 84] _iobase_make_new
0x100029330	0x00000010	[ 84] _iobase_read
0x100029340	0x00000010	[ 84] _iobase_write
0x100029350	0x0000009B	[ 84] _iobase_ioctl
0x1000293EB	0x000000AF	[ 84] _iobase_read_write
0x10002949A	0x00000108	[ 85] _mp_math_isclose
0x1000295A2	0x00000010	[ 85] _math_error
0x1000295B2	0x0000004C	[ 85] _mp_math_sqrt
0x1000295FE	0x00000074	[ 85] _mp_math_pow
0x100029672	0x00000050	[ 85] _mp_math_exp
0x1000296C2	0x00000056	[ 85] _mp_math_expm1
0x100029718	0x00000089	[ 85] _mp_math_log
0x1000297A1	0x00000056	[ 85] _mp_math_log2
0x1000297F7	0x00000056	[ 85] _mp_math_log10
0x10002984D	0x00000056	[ 85] _mp_math_cosh
0x1000298A3	0x00000056	[ 85] _mp_math_sinh
0x1000298F9	0x00000056	[ 85] _mp_math_tanh
0x10002994F	0x00000056	[ 85] _mp_math_acosh
0x1000299A5	0x00000056	[ 85] _mp_math_asinh
0x1000299FB	0x00000056	[ 85] _mp_math_atanh
0x100029A51	0x00000056	[ 85] _mp_math_cos
0x100029AA7	0x00000056	[ 85] _mp_math_sin
0x100029AFD	0x00000056	[ 85] _mp_math_tan
0x100029B53	0x00000056	[ 85] _mp_math_acos
0x100029BA9	0x00000056	[ 85] _mp_math_asin
0x100029BFF	0x00000056	[ 85] _mp_math_atan
0x100029C55	0x00000074	[ 85] _mp_math_atan2
0x100029CC9	0x00000015	[ 85] _mp_math_ceil
0x100029CDE	0x00000072	[ 85] _mp_math_copysign
0x100029D50	0x00000016	[ 85] _mp_math_fabs
0x100029D66	0x00000015	[ 85] _mp_math_floor
0x100029D7B	0x00000074	[ 85] _mp_math_fmod
0x100029DEF	0x00000074	[ 85] _mp_math_frexp
0x100029E63	0x00000032	[ 85] _mp_math_ldexp
0x100029E95	0x00000076	[ 85] _mp_math_modf
0x100029F0B	0x00000034	[ 85] _mp_math_isfinite
0x100029F3F	0x00000027	[ 85] _mp_math_isinf
0x100029F66	0x0000001C	[ 85] _mp_math_isnan
0x100029F82	0x00000015	[ 85] _mp_math_trunc
0x100029F97	0x00000017	[ 85] _mp_math_radians
0x100029FAE	0x00000017	[ 85] _mp_math_degrees
0x100029FC5	0x00000056	[ 85] _mp_math_erf
0x10002A01B	0x00000056	[ 85] _mp_math_erfc
0x10002A071	0x00000056	[ 85] _mp_math_gamma
0x10002A0C7	0x00000056	[ 85] _mp_math_lgamma
0x10002A11D	0x0000003A	[ 86] _mp_cmath_phase
0x10002A157	0x0000009C	[ 86] _mp_cmath_polar
0x10002A1F3	0x00000044	[ 86] _mp_cmath_rect
0x10002A237	0x0000005D	[ 86] _mp_cmath_exp
0x10002A294	0x00000074	[ 86] _mp_cmath_log
0x10002A308	0x0000007D	[ 86] _mp_cmath_log10
0x10002A385	0x00000092	[ 86] _mp_cmath_sqrt
0x10002A417	0x00000078	[ 86] _mp_cmath_cos
0x10002A48F	0x00000070	[ 86] _mp_cmath_sin
0x10002A4FF	0x00000087	[ 87] _mp_micropython_mem_info
0x10002A586	0x0000003B	[ 87] _mp_micropython_opt_level
0x10002A5C1	0x00000010	[ 87] _mp_micropython_mem_total
0x10002A5D1	0x00000010	[ 87] _mp_micropython_mem_current
0x10002A5E1	0x00000010	[ 87] _mp_micropython_mem_peak
0x10002A5F1	0x00000077	[ 87] _mp_micropython_qstr_info
0x10002A668	0x00000010	[ 87] _mp_micropython_stack_use
0x10002A678	0x00000010	[ 87] _mp_micropython_heap_lock
0x10002A688	0x0000001E	[ 87] _mp_micropython_heap_unlock
0x10002A6A6	0x00000018	[ 87] _mp_micropython_kbd_intr
0x10002A6BE	0x00000029	[ 88] _struct_calcsize
0x10002A6E7	0x000001C5	[ 88] _struct_unpack_from
0x10002A8AC	0x00000088	[ 88] _struct_pack
0x10002A934	0x000000B3	[ 88] _struct_pack_into
0x10002A9E7	0x000000EB	[ 88] _calc_size_items
0x10002AAD2	0x00000049	[ 88] _get_fmt_num
0x10002AB1B	0x00000174	[ 88] _struct_pack_into_internal
0x10002AC8F	0x0000002E	[ 89] _mp_sys_exit
0x10002ACBD	0x00000053	[ 89] _mp_sys_print_exception
0x10002AD10	0x00000059	[ 89] _mp_sys_exc_info
0x10002AD69	0x0000001B	[ 89] _mp_sys_atexit
0x10002AD84	0x00000030	[ 90] _mp_errno_to_str
0x10002ADB4	0x0000005C	[ 91] _thread_lock_acquire
0x10002AE10	0x0000002C	[ 91] _thread_lock_release
0x10002AE3C	0x00000012	[ 91] _thread_lock_locked
0x10002AE4E	0x00000013	[ 91] _thread_lock___exit__
0x10002AE61	0x00000012	[ 91] _mod_thread_get_ident
0x10002AE73	0x00000045	[ 91] _mod_thread_stack_size
0x10002AEB8	0x0000015B	[ 91] _mod_thread_start_new_thread
0x10002B013	0x000000FA	[ 91] _thread_entry
0x10002B10D	0x00000012	[ 91] _mod_thread_exit
0x10002B11F	0x00000034	[ 91] _mod_thread_allocate_lock
0x10002B160	0x00002012	[ 92] _mp_execute_bytecode
0x10002D172	0x000004BB	[ 93] _mp_setup_code_state
0x10002D62D	0x00000030	[ 93] _fun_pos_args_mismatch
0x10002D65D	0x00000079	[ 93] _mp_opcode_format
0x10002D6D8	0x00000381	[ 94] _mp_bytecode_print
0x10002DA59	0x00000083	[ 94] _mp_bytecode_print2
0x10002DADC	0x00000E4C	[ 94] _mp_bytecode_print_str
0x10002E928	0x00000214	[ 95] _mp_repl_continue_with_input
0x10002EB3C	0x00000039	[ 95] _str_startswith_word
0x10002EB75	0x0000037A	[ 95] _mp_repl_autocomplete
0x10002EEEF	0x00000079	[ 96] _mp_small_int_mul_overflow
0x10002EF68	0x00000028	[ 96] _mp_small_int_modulo
0x10002EF90	0x0000002E	[ 96] _mp_small_int_floor_divide
0x10002EFBE	0x000000A2	[ 97] _mp_find_frozen_str
0x10002F060	0x00000038	[ 97] _mp_frozen_stat
0x10002F098	0x00000084	[ 97] _mp_frozen_stat_helper
0x10002F11C	0x000000D2	[ 97] _mp_find_frozen_module
0x10002F1F0	0x00000029	[ 98] _uctypes_struct_addressof
0x10002F219	0x0000002C	[ 98] _uctypes_struct_bytearray_at
0x10002F245	0x00000029	[ 98] _uctypes_struct_bytes_at
0x10002F26E	0x00000073	[ 98] _uctypes_struct_print
0x10002F2E1	0x0000006D	[ 98] _uctypes_struct_make_new
0x10002F34E	0x0000003F	[ 98] _uctypes_struct_unary_op
0x10002F38D	0x00000032	[ 98] _uctypes_struct_attr
0x10002F3BF	0x00000221	[ 98] _uctypes_struct_subscr
0x10002F5E0	0x00000046	[ 98] _uctypes_get_buffer
0x10002F626	0x00000388	[ 98] _uctypes_struct_attr_op
0x10002F9AE	0x000000B6	[ 98] _get_aligned
0x10002FA64	0x0000009C	[ 98] _set_aligned
0x10002FB00	0x00000010	[ 98] _syntax_error
0x10002FB10	0x00000084	[ 98] _uctypes_struct_agg_size
0x10002FB94	0x0000017D	[ 98] _uctypes_struct_size
0x10002FD11	0x0000007A	[ 98] _uctypes_struct_sizeof
0x10002FD8C	0x0000004B	[ 99] _mod_ujson_dump
0x10002FDD7	0x00000052	[ 99] _mod_ujson_dumps
0x10002FE29	0x0000051F	[ 99] _mod_ujson_load
0x100030348	0x00000044	[ 99] _ujson_stream_next
0x10003038C	0x0000005C	[ 99] _mod_ujson_loads
0x1000303E8	0x00000092	[100] _match_group
0x10003047A	0x0000000F	[100] _re_match
0x100030489	0x0000000C	[100] _re_search
0x100030495	0x000001A4	[100] _re_split
0x100030639	0x00000088	[100] _mod_re_compile
0x1000306C1	0x0000058F	[100] __compilecode
0x100030C50	0x0000007E	[100] _re1_5_compilecode
0x100030CD1	0x0000021B	[100] _recursiveloop
0x100030EEF	0x0000005D	[100] __re1_5_namedclassmatch
0x100030F4C	0x00000107	[100] _ure_exec
0x100031053	0x00000016	[100] _re_print
0x100031069	0x00000016	[100] _match_print
0x10003107F	0x00000045	[101] _uzlib_get_byte
0x1000310C4	0x00000762	[101] _uzlib_uncompress
0x100031826	0x0000003A	[101] _tinf_getbit
0x100031860	0x0000012E	[101] _uzlib_uncompress_chksum
0x10003198E	0x0000013A	[101] _uzlib_adler32
0x100031AC8	0x00000040	[101] _uzlib_crc32
0x100031B08	0x0000007C	[101] _uzlib_zlib_parse_header
0x100031B84	0x000000EE	[101] _uzlib_gzip_parse_header
0x100031C72	0x0000014C	[101] _mod_uzlib_decompress
0x100031DBE	0x000000FB	[101] _decompio_make_new
0x100031EB9	0x0000004D	[101] _read_src_stream
0x100031F06	0x00000068	[101] _decompio_read
0x100031F6E	0x000000B1	[101] _tinf_build_tree
0x10003201F	0x00000065	[101] _tinf_decode_symbol
0x100032084	0x0000004B	[102] _mod_uheapq_heappush
0x1000320CF	0x0000009B	[102] _uheapq_heap_siftdown
0x10003216A	0x00000077	[102] _mod_uheapq_heappop
0x1000321E1	0x000000A0	[102] _uheapq_heap_siftup
0x100032281	0x00000061	[102] _mod_uheapq_heapify
0x1000322E2	0x00000067	[103] _utimeq_make_new
0x100032349	0x0000002D	[103] _utimeq_unary_op
0x100032376	0x0000007D	[103] _mod_utimeq_heappush
0x1000323F3	0x000000CE	[103] _utimeq_heap_siftdown
0x1000324C1	0x000001DC	[103] _mod_utimeq_heappop
0x10003269D	0x00000029	[103] _mod_utimeq_peektime
0x1000326C6	0x0000002B	[104] _sha256_init
0x1000326F1	0x0000006F	[104] _sha256_update
0x100032760	0x00000229	[104] _sha256_transform
0x100032989	0x0000013A	[104] _sha256_final
0x100032AC3	0x0000009D	[104] _uhashlib_sha256_make_new
0x100032B60	0x00000043	[104] _uhashlib_sha256_update
0x100032BA3	0x00000047	[104] _uhashlib_sha256_digest
0x100032BEA	0x00000080	[104] _uhashlib_sha1_make_new
0x100032C6A	0x00000043	[104] _uhashlib_sha1_update
0x100032CAD	0x00000044	[104] _uhashlib_sha1_digest
0x100032CF1	0x00000080	[104] _uhashlib_md5_make_new
0x100032D71	0x00000043	[104] _uhashlib_md5_update
0x100032DB4	0x00000044	[104] _uhashlib_md5_digest
0x100032DF8	0x0000011E	[105] _ucryptolib_aes_make_new
0x100032F16	0x0000000F	[105] _ucryptolib_aes_encrypt
0x100032F25	0x000001D8	[105] _aes_process
0x1000330FD	0x0000000C	[105] _ucryptolib_aes_decrypt
0x100033109	0x000000F5	[106] _mod_binascii_hexlify
0x1000331FE	0x000000CF	[106] _mod_binascii_unhexlify
0x1000332CD	0x0000013C	[106] _mod_binascii_a2b_base64
0x100033409	0x0000015B	[106] _mod_binascii_b2a_base64
0x100033564	0x0000005A	[106] _mod_binascii_crc32
0x1000335BE	0x0000001A	[107] _mp_virtual_pin_read
0x1000335D8	0x0000001B	[107] _mp_virtual_pin_write
0x1000335F3	0x00000019	[108] _machine_mem_print
0x10003360C	0x0000009D	[108] _machine_mem_subscr
0x1000336A9	0x000000B0	[109] _pinbase_ioctl
0x100033759	0x0000000D	[109] _pinbase_make_new
0x100033766	0x00000060	[110] _signal_make_new
0x1000337C6	0x0000005C	[110] _signal_call
0x100033822	0x0000004A	[110] _signal_ioctl
0x10003386C	0x0000001D	[110] _signal_value
0x100033889	0x00000015	[110] _signal_on
0x10003389E	0x00000012	[110] _signal_off
0x1000338B0	0x00000080	[111] _machine_time_pulse_us
0x100033930	0x00000053	[111] _machine_time_pulse_us_
0x100033983	0x00000187	[112] _mod_ssl_wrap_socket
0x100033B0A	0x000000A7	[112] _ussl_raise_error
0x100033BB1	0x00000017	[112] _ussl_socket_print
0x100033BC8	0x000000B4	[112] _ussl_socket_read
0x100033C7C	0x00000037	[112] _ussl_socket_write
0x100033CB3	0x0000005E	[112] _ussl_socket_ioctl
0x100033D11	0x0000007B	[112] _ussl_socket_setblocking
0x100033D8C	0x00000096	[113] _mod_urandom_getrandbits
0x100033E22	0x00000031	[113] _mod_urandom_seed
0x100033E53	0x0000006B	[114] _websocket_make_new
0x100033EBE	0x00000202	[114] _websocket_read
0x1000340C0	0x00000127	[114] _websocket_write
0x1000341E7	0x00000051	[114] _websocket_ioctl
0x100034238	0x0000012F	[115] _mp_vfs_posix_file_open
0x100034367	0x00000030	[115] _vfs_posix_file_print
0x100034397	0x0000006D	[115] _vfs_posix_file_make_new
0x100034404	0x00000069	[115] _vfs_posix_file_read
0x10003446D	0x00000069	[115] _vfs_posix_file_write
0x1000344D6	0x00000102	[115] _vfs_posix_file_ioctl
0x1000345D8	0x00000020	[115] _vfs_posix_file_fileno
0x1000345F8	0x0000000D	[115] _vfs_posix_file___exit__
0x100034605	0x00000020	[116] _time_sleep_ms
0x100034625	0x0000001C	[116] _time_sleep_us
0x100034641	0x0000001D	[116] _time_ticks_ms
0x10003465E	0x0000001D	[116] _time_ticks_us
0x10003467B	0x0000000B	[116] _time_ticks_cpu
0x100034686	0x00000033	[116] _time_ticks_diff
0x1000346B9	0x0000002D	[116] _time_ticks_add
0x1000346E6	0x00000017	[117] _abort_
0x1000346FD	0x000000AB	[118] _printf
0x1000347A8	0x00000024	[118] _putchar
0x1000347CC	0x00000036	[118] _puts
0x100034802	0x00000043	[120] _stderr_print_strn
0x100034845	0x00000024	[120] _main
0x100034869	0x00000A35	[120] _main_
0x10003529E	0x00000025	[120] _invalid_args
0x1000352C3	0x00000055	[120] _set_sys_argv
0x100035318	0x0000007E	[120] _handle_uncaught_exception
0x100035396	0x0000011D	[120] _execute_from_lexer
0x1000354B3	0x0000004D	[120] _mp_import_stat
0x100035500	0x0000005E	[120] _mp_builtin_open
0x10003555E	0x00000029	[120] _nlr_jump_fail
0x100035587	0x00000037	[120] _print_help
0x1000355BE	0x0000001E	[121] _gc_collect
0x1000355DC	0x0000003E	[122] _mp_hal_set_interrupt_char
0x10003561A	0x0000003E	[122] _sighandler
0x100035658	0x00000076	[122] _mp_hal_stdio_mode_raw
0x1000356CE	0x00000018	[122] _mp_hal_stdio_mode_orig
0x1000356E6	0x00000059	[122] _mp_hal_stdin_rx_chr
0x10003573F	0x0000003E	[122] _mp_hal_stdout_tx_strn
0x10003577D	0x0000000A	[122] _mp_hal_stdout_tx_strn_cooked
0x100035787	0x0000001F	[122] _mp_hal_stdout_tx_str
0x1000357A6	0x00000042	[122] _mp_hal_ticks_ms
0x1000357E8	0x0000002C	[122] _mp_hal_ticks_us
0x100035814	0x00000128	[123] _mp_thread_init
0x10003593C	0x0000001C	[123] _mp_thread_gc
0x100035958	0x00000071	[123] _mp_thread_deinit
0x1000359C9	0x0000006F	[123] _mp_thread_gc_others
0x100035A38	0x00000011	[123] _mp_thread_get_state
0x100035A49	0x00000014	[123] _mp_thread_set_state
0x100035A5D	0x00000052	[123] _mp_thread_start
0x100035AAF	0x0000013B	[123] _mp_thread_create
0x100035BEA	0x00000089	[123] _mp_thread_finish
0x100035C73	0x0000000C	[123] _mp_thread_mutex_init
0x100035C7F	0x00000030	[123] _mp_thread_mutex_lock
0x100035CAF	0x0000000A	[123] _mp_thread_mutex_unlock
0x100035CB9	0x000000F5	[124] _prompt_read_history
0x100035DAE	0x000000F6	[124] _prompt_write_history
0x100035EA4	0x00000035	[125] _mod_machine_mem_get_addr
0x100035ED9	0x00000010	[125] _machine_idle
0x100035EE9	0x0000002B	[126] _mod_os_system
0x100035F14	0x00000040	[126] _mod_os_getenv
0x100035F54	0x00000045	[126] _mod_os_putenv
0x100035F99	0x00000029	[126] _mod_os_unsetenv
0x100035FC2	0x00000038	[126] _mod_os_errno
0x100035FFA	0x00000123	[126] _mod_os_stat
0x10003611D	0x000000D1	[126] _mod_os_statvfs
0x1000361EE	0x00000029	[126] _mod_os_remove
0x100036217	0x00000040	[126] _mod_os_rename
0x100036257	0x00000029	[126] _mod_os_rmdir
0x100036280	0x0000002E	[126] _mod_os_mkdir
0x1000362AE	0x00000056	[126] _mod_os_ilistdir
0x100036304	0x00000091	[126] _listdir_next
0x100036395	0x000000FE	[127] _mod_time_mktime
0x100036493	0x00000031	[127] _mod_time_clock
0x1000364C4	0x00000095	[127] _mod_time_sleep
0x100036559	0x00000038	[127] _mod_time_time
0x100036591	0x000000EB	[127] _mod_time_localtime
0x10003667C	0x00000165	[128] _poll_register
0x1000367E1	0x00000054	[128] _poll_unregister
0x100036835	0x0000005D	[128] _poll_modify
0x100036892	0x000000E7	[128] _poll_poll
0x100036979	0x0000004D	[128] _poll_ipoll
0x1000369C6	0x00000069	[128] _select_poll
0x100036A2F	0x00000041	[128] _get_fd
0x100036A70	0x000000A1	[128] _poll_poll_internal
0x100036B11	0x0000008B	[128] _poll_iternext
0x100036B9C	0x00000084	[129] _mp_unix_alloc_exec
0x100036C20	0x0000005B	[129] _mp_unix_free_exec
0x100036C7B	0x00000036	[129] _mp_unix_mark_exec
0x100036CB1	0x0000001C	[129] _ffi_closure_alloc
0x100036CCD	0x0000005B	[131] _get_asn1_length
0x100036D28	0x00000020	[131] _asn1_next_obj
0x100036D48	0x00000030	[131] _asn1_skip_obj
0x100036D78	0x00000081	[131] _asn1_get_big_int
0x100036DF9	0x0000006B	[131] _asn1_get_int
0x100036E64	0x000000DA	[131] _asn1_get_private_key
0x100036F3E	0x0000000D	[131] _asn1_version
0x100036F4B	0x0000006A	[131] _asn1_validity
0x100036FB5	0x00000236	[131] _asn1_get_utc_time
0x1000371EB	0x00000252	[131] _asn1_name
0x10003743D	0x0000011D	[131] _asn1_public_key
0x10003755A	0x00000103	[131] _asn1_signature_type
0x10003765D	0x000000A2	[132] _ssl_obj_memory_load
0x1000376FF	0x00000025	[132] _ssl_obj_free
0x100037724	0x0000008E	[132] _load_key_certs
0x1000377B4	0x00000014	[133] _ssl_ext_new
0x1000377C9	0x00000042	[133] _ssl_ctx_new
0x10003780B	0x00000087	[133] _ssl_ctx_free
0x100037892	0x000000C8	[133] _ssl_free
0x10003795A	0x00000132	[133] _send_alert
0x100037A8C	0x00000034	[133] _disposable_free
0x100037AC0	0x00000035	[133] _ssl_read
0x100037AF5	0x0000047B	[133] _basic_read
0x100037F70	0x0000005F	[133] _ssl_write
0x100037FCF	0x000002AE	[133] _send_packet
0x10003827D	0x00000102	[133] _add_cert
0x100038381	0x00000052	[133] _disposable_new
0x1000383D3	0x0000008F	[133] _ssl_new
0x100038462	0x00000022	[133] _add_private_key
0x100038484	0x0000007A	[133] _add_packet
0x1000384FE	0x000000C3	[133] _generate_master_secret
0x1000385C1	0x0000032D	[133] _prf
0x1000388EE	0x00000141	[133] _finished_digest
0x100038A2F	0x000000E4	[133] _add_hmac_digest
0x100038B13	0x000002E0	[133] _set_key_block
0x100038DF3	0x0000005C	[133] _send_change_cipher_spec
0x100038E4F	0x00000089	[133] _send_finished
0x100038ED8	0x00000080	[133] _process_finished
0x100038F58	0x0000012F	[133] _send_certificate
0x100039088	0x0000000A	[133] _ssl_handshake_status
0x100039095	0x00000166	[133] _process_certificate
0x1000391FE	0x00000082	[133] _crypt_new
0x100039280	0x00000011	[134] _ssl_server_new
0x100039291	0x00000439	[134] _do_svr_handshake
0x1000396CC	0x00000030	[135] _ssl_client_new
0x1000396FC	0x000002C6	[135] _do_client_connect
0x1000399C2	0x00000432	[135] _do_clnt_handshake
0x100039DF4	0x000000BE	[135] _send_client_key_xchg
0x100039EB2	0x00000194	[136] _x509_new
0x10003A046	0x00000060	[136] _x509_free
0x10003A0A6	0x0000013C	[137] _AES_set_key
0x10003A1E2	0x000000C4	[137] _AES_convert_key
0x10003A2A6	0x00000108	[137] _AES_cbc_encrypt
0x10003A3AE	0x000001CD	[137] _AES_encrypt
0x10003A57B	0x00000137	[137] _AES_cbc_decrypt
0x10003A6B2	0x0000024E	[137] _AES_decrypt
0x10003A900	0x00000056	[138] _bi_initialize
0x10003A956	0x00000087	[138] _alloc
0x10003A9DD	0x00000018	[138] _bi_permanent
0x10003A9F5	0x00000043	[138] _bi_terminate
0x10003AA38	0x0000001B	[138] _bi_depermanent
0x10003AA53	0x00000037	[138] _bi_free
0x10003AA8A	0x0000004D	[138] _bi_clear_cache
0x10003AAD7	0x00000034	[138] _bi_clone
0x10003AB0B	0x000000C4	[138] _bi_add
0x10003ABCF	0x00000064	[138] _more_comps
0x10003AC33	0x000000E5	[138] _bi_subtract
0x10003AD18	0x00000476	[138] _bi_divide
0x10003B18E	0x000000C8	[138] _bi_int_multiply
0x10003B256	0x000000BC	[138] _bi_import
0x10003B312	0x00000088	[138] _bi_export
0x10003B39A	0x00000064	[138] _bi_set_mod
0x10003B3FE	0x0000004D	[138] _bi_free_mod
0x10003B44B	0x000000FC	[138] _bi_multiply
0x10003B547	0x000002C7	[138] _bi_mod_power
0x10003B80E	0x00000011	[139] _RNG_initialize
0x10003B81F	0x00000006	[139] _RNG_custom_init
0x10003B825	0x00000006	[139] _RNG_terminate
0x10003B82B	0x00000123	[139] _get_random
0x10003B94E	0x00000048	[139] _get_random_NZ
0x10003B996	0x00000182	[140] _ssl_hmac_md5
0x10003BB18	0x00000182	[140] _ssl_hmac_sha1
0x10003BC9A	0x00000165	[140] _hmac_sha256
0x10003BDFF	0x00000018	[141] _MD5_Init
0x10003BE17	0x000000DF	[141] _MD5_Update
0x10003BEF6	0x0000019D	[141] _MD5Transform
0x10003C093	0x0000008B	[141] _MD5_Final
0x10003C11E	0x00000041	[142] _RSA_priv_key_new
0x10003C15F	0x0000009B	[142] _RSA_pub_key_new
0x10003C1FA	0x00000062	[142] _RSA_free
0x10003C25C	0x00000122	[142] _RSA_decrypt
0x10003C37E	0x000000E1	[142] _RSA_encrypt
0x10003C45F	0x00000026	[143] _SHA1_Init
0x10003C485	0x0000005E	[143] _SHA1_Update
0x10003C4E3	0x0000022D	[143] _SHA1ProcessMessageBlock
0x10003C710	0x000000F1	[143] _SHA1_Final
0x10003C801	0x0000001D	[144] ___dbpanic
0x10003C81E	0x000000DB	[144] _mod_btree_open
0x10003C8F9	0x00000017	[144] _btree_print
0x10003C910	0x00000069	[144] _btree_binary_op
0x10003C979	0x00000114	[144] _btree_subscr
0x10003CA8D	0x00000028	[144] _btree_getiter
0x10003CAB5	0x00000155	[144] _btree_iternext
0x10003CC0A	0x00000016	[144] _btree_close
0x10003CC20	0x00000018	[144] _btree_flush
0x10003CC38	0x00000081	[144] _btree_get
0x10003CCB9	0x00000060	[144] _btree_put
0x10003CD19	0x0000009E	[144] _btree_seq
0x10003CDB7	0x0000000F	[144] _btree_keys
0x10003CDC6	0x00000044	[144] _btree_init_iter
0x10003CE0A	0x0000000F	[144] _btree_values
0x10003CE19	0x0000000F	[144] _btree_items
0x10003CE28	0x000000BC	[145] ___bt_close
0x10003CEE4	0x000000EF	[145] ___bt_sync
0x10003CFD3	0x00000150	[146] ___bt_pgin
0x10003D123	0x00000034	[146] _mswap
0x10003D157	0x00000141	[146] ___bt_pgout
0x10003D298	0x00000626	[147] ___bt_delete
0x10003D8BE	0x0000038F	[147] ___bt_dleaf
0x10003DC4D	0x00000230	[147] ___bt_pdelete
0x10003DE7D	0x00000086	[147] ___bt_relink
0x10003DF03	0x000000D6	[148] ___bt_get
0x10003DFD9	0x00000534	[149] ___bt_open
0x10003E50D	0x00000031	[149] ___bt_fd
0x10003E53E	0x000000DF	[150] ___ovfl_get
0x10003E61D	0x000000F3	[150] ___ovfl_put
0x10003E710	0x000000BF	[150] ___ovfl_delete
0x10003E7CF	0x00000031	[151] ___bt_free
0x10003E800	0x00000053	[151] ___bt_new
0x10003E853	0x00000546	[152] ___bt_put
0x10003ED99	0x0000023F	[153] ___bt_search
0x10003EFD8	0x000003B4	[154] ___bt_seq
0x10003F38C	0x0000004D	[154] ___bt_setcur
0x10003F3D9	0x000001C9	[154] ___bt_first
0x10003F5A2	0x00000698	[155] ___bt_split
0x10003FC3A	0x000000DA	[155] _bt_root
0x10003FD14	0x000001A5	[155] _bt_page
0x10003FEB9	0x00000101	[155] _bt_rroot
0x10003FFBA	0x0000011B	[155] _bt_broot
0x1000400D5	0x00000040	[155] _bt_preserve
0x100040115	0x00000381	[155] _bt_psplit
0x100040496	0x000001D3	[156] ___bt_ret
0x100040669	0x0000009D	[156] ___bt_cmp
0x100040706	0x00000045	[156] ___bt_defcmp
0x10004074B	0x00000052	[156] ___bt_defpfx
0x10004079D	0x000000B4	[157] _mpool_open
0x100040851	0x0000001B	[157] _mpool_filter
0x10004086C	0x0000009F	[157] _mpool_new
0x10004090B	0x000000E3	[157] _mpool_bkt
0x1000409EE	0x0000020C	[157] _mpool_get
0x100040BFA	0x00000015	[157] _mpool_put
0x100040C0F	0x00000055	[157] _mpool_close
0x100040C64	0x00000052	[157] _mpool_sync
0x100040CB6	0x0000009C	[157] _mpool_write
0x100040D52	0x00000136	[158] _mod_termios_tcgetattr
0x100040E88	0x0000013E	[158] _mod_termios_tcsetattr
0x100040FC6	0x0000009C	[158] _mod_termios_setraw
0x100041062	0x00000016	[159] _socket_print
0x100041078	0x00000076	[159] _socket_make_new
0x1000410EE	0x00000071	[159] _socket_read
0x10004115F	0x00000071	[159] _socket_write
0x1000411D0	0x00000031	[159] _socket_ioctl
0x100041201	0x0000000F	[159] _socket_fileno
0x100041210	0x00000096	[159] _socket_makefile
0x1000412A6	0x0000007B	[159] _socket_connect
0x100041321	0x00000050	[159] _socket_bind
0x100041371	0x00000027	[159] _socket_listen
0x100041398	0x000000F0	[159] _socket_accept
0x100041488	0x0000009D	[159] _socket_recv
0x100041525	0x00000138	[159] _socket_recvfrom
0x10004165D	0x00000085	[159] _socket_send
0x1000416E2	0x000000B9	[159] _socket_sendto
0x10004179B	0x000000AA	[159] _socket_setsockopt
0x100041845	0x00000069	[159] _socket_setblocking
0x1000418AE	0x000000D1	[159] _socket_settimeout
0x10004197F	0x00000176	[159] _mod_socket_getaddrinfo
0x100041AF5	0x00000098	[159] _mod_socket_inet_pton
0x100041B8D	0x0000009C	[159] _mod_socket_inet_ntop
0x100041C29	0x00000125	[159] _mod_socket_sockaddr
0x100041D50	0x00000045	[160] _ffimod_func
0x100041D95	0x00000027	[160] _mod_ffi_func
0x100041DBC	0x00000110	[160] _mod_ffi_callback
0x100041ECC	0x0000006A	[160] _ffimod_var
0x100041F36	0x0000003A	[160] _ffimod_addr
0x100041F70	0x00000016	[160] _ffivar_get
0x100041F86	0x0000001F	[160] _ffivar_set
0x100041FA5	0x00000019	[160] _mod_ffi_open
0x100041FBE	0x0000002C	[160] _mod_ffi_as_bytearray
0x100041FEA	0x000000F1	[160] _make_func
0x1000420DB	0x00000041	[160] _get_ffi_type
0x10004211C	0x00000138	[160] _char2ffi_type
0x100042254	0x00000017	[160] _ffifunc_print
0x10004226B	0x00000217	[160] _ffifunc_call
0x100042482	0x00000017	[160] _fficallback_print
0x100042499	0x000000B5	[160] _call_py_func
0x10004254E	0x00000019	[160] _ffivar_print
0x100042567	0x00000053	[160] _ffimod_make_new
0x1000425BA	0x00000017	[160] _ffimod_print
0x1000425D1	0x00000014	[160] _ffimod_close
0x1000425E8	0x0000001C	[161] _readline_init0
0x100042604	0x000005A8	[161] _readline_process_char
0x100042BAC	0x00000089	[161] _readline_push_history
0x100042C35	0x00000060	[161] _mp_hal_move_cursor_back
0x100042C98	0x00000105	[161] _readline_auto_indent
0x100042D9E	0x0000005E	[161] _readline
0x100042DFC	0x00000078	[163] _gc_helper_collect_regs_and_stack
0x100042E74	0x00000015	[157] _mpool_new.cold.1
0x100042E8A	0x00000006	[164] ____chkstk_darwin
0x100042E90	0x00000006	[164] ___bzero
0x100042E96	0x00000006	[164] ___error
0x100042E9C	0x00000006	[164] ___exp10
0x100042EA2	0x00000006	[164] ___memcpy_chk
0x100042EA8	0x00000006	[164] ___sincos_stret
0x100042EAE	0x00000006	[164] ___snprintf_chk
0x100042EB4	0x00000006	[164] ___stack_chk_fail
0x100042EBA	0x00000006	[164] ___strcpy_chk
0x100042EC0	0x00000006	[164] _abort
0x100042EC6	0x00000006	[164] _accept
0x100042ECC	0x00000006	[164] _acos
0x100042ED2	0x00000006	[164] _acosh
0x100042ED8	0x00000006	[164] _asin
0x100042EDE	0x00000006	[164] _asinh
0x100042EE4	0x00000006	[164] _atan
0x100042EEA	0x00000006	[164] _atan2
0x100042EF0	0x00000006	[164] _atanh
0x100042EF6	0x00000006	[164] _bind
0x100042EFC	0x00000006	[164] _calloc
0x100042F02	0x00000006	[164] _cfgetispeed
0x100042F08	0x00000006	[164] _cfgetospeed
0x100042F0E	0x00000006	[164] _cfsetispeed
0x100042F14	0x00000006	[164] _cfsetospeed
0x100042F1A	0x00000006	[164] _clock
0x100042F20	0x00000006	[164] _close
0x100042F26	0x00000006	[164] _closedir
0x100042F2C	0x00000006	[164] _connect
0x100042F32	0x00000006	[164] _cos
0x100042F38	0x00000006	[164] _cosh
0x100042F3E	0x00000006	[164] _dlclose
0x100042F44	0x00000006	[164] _dlopen
0x100042F4A	0x00000006	[164] _dlsym
0x100042F50	0x00000006	[164] _erf
0x100042F56	0x00000006	[164] _erfc
0x100042F5C	0x00000006	[164] _exit
0x100042F62	0x00000006	[164] _exp
0x100042F68	0x00000006	[164] _expm1
0x100042F6E	0x00000006	[164] _fcntl
0x100042F74	0x00000006	[165] _ffi_call
0x100042F7A	0x00000006	[165] _ffi_prep_cif
0x100042F80	0x00000006	[165] _ffi_prep_closure_loc
0x100042F86	0x00000006	[164] _fmod
0x100042F8C	0x00000006	[164] _fprintf
0x100042F92	0x00000006	[164] _free
[...]

# Dead Stripped Symbols:
#        	Size    	File  Name
<<dead>> 	0x00000018	[  2] CIE
<<dead>> 	0x00000018	[  3] CIE
<<dead>> 	0x00000068	[  4] _m_malloc_with_finaliser
<<dead>> 	0x00000018	[  4] CIE
<<dead>> 	0x00000040	[  5] _gc_sweep_all
<<dead>> 	0x00000018	[  5] CIE
<<dead>> 	0x00000018	[  6] CIE
<<dead>> 	0x0000000A	[  7] _vstr_hint_size
<<dead>> 	0x0000000F	[  7] _vstr_cut_head_bytes
<<dead>> 	0x00000028	[  7] _vstr_vprintf
<<dead>> 	0x00000018	[  7] CIE
<<dead>> 	0x00000018	[  8] CIE
<<dead>> 	0x0000001E	[  9] _unichar_isalnum
<<dead>> 	0x00000018	[  9] CIE
<<dead>> 	0x00000048	[ 10] _mpz_as_uint_checked
<<dead>> 	0x00000018	[ 10] CIE
<<dead>> 	0x00000018	[ 11] CIE
<<dead>> 	0x00000018	[ 12] CIE
<<dead>> 	0x0000016D	[ 13] _mp_parse_node_print
<<dead>> 	0x00000010	[ 13] 16-byte-literal
<<dead>> 	0x00000008	[ 13] literal string: [% 4d] 
<<dead>> 	0x00000008	[ 13] literal string:        
<<dead>> 	0x0000000A	[ 13] literal string: int(%ld)\n
<<dead>> 	0x00000008	[ 13] literal string: id(%s)\n
<<dead>> 	0x00000009	[ 13] literal string: str(%s)\n
<<dead>> 	0x0000000B	[ 13] literal string: bytes(%s)\n
<<dead>> 	0x00000009	[ 13] literal string: tok(%u)\n
<<dead>> 	0x00000013	[ 13] literal string: literal const(%p)\n
<<dead>> 	0x00000011	[ 13] literal string: rule(%u) (n=%u)\n
<<dead>> 	0x00000005	[ 13] literal string: NULL
<<dead>> 	0x00000018	[ 13] CIE
<<dead>> 	0x00000018	[ 14] CIE
<<dead>> 	0x0000000F	[ 15] literal string: invalid syntax
<<dead>> 	0x00000018	[ 15] CIE
<<dead>> 	0x00000018	[ 16] CIE
<<dead>> 	0x00000018	[ 17] CIE
<<dead>> 	0x00000015	[ 18] _mp_asm_base_align
<<dead>> 	0x00000018	[ 18] CIE
<<dead>> 	0x00000018	[ 19] _asm_x64_nop
<<dead>> 	0x00000045	[ 19] _asm_x64_push_r64
<<dead>> 	0x00000045	[ 19] _asm_x64_pop_r64
<<dead>> 	0x00000018	[ 19] CIE
<<dead>> 	0x00000018	[ 20] CIE
<<dead>> 	0x00000010	[ 21] 16-byte-literal
<<dead>> 	0x00000018	[ 21] CIE
<<dead>> 	0x00000018	[ 22] CIE
<<dead>> 	0x00000008	[ 23] 8-byte-literal
<<dead>> 	0x00000008	[ 23] 8-byte-literal
<<dead>> 	0x00000010	[ 23] 16-byte-literal
<<dead>> 	0x00000018	[ 23] CIE
<<dead>> 	0x00000018	[ 24] CIE
<<dead>> 	0x0000002C	[ 25] _mp_raw_code_load_mem
<<dead>> 	0x00000018	[ 25] CIE
<<dead>> 	0x00000048	[ 26] _mp_call_function_2
<<dead>> 	0x00000018	[ 26] CIE
<<dead>> 	0x0000005B	[ 27] _mp_call_function_2_protected
<<dead>> 	0x00000018	[ 27] CIE
<<dead>> 	0x00000026	[ 28] _mp_keyboard_interrupt
<<dead>> 	0x00000018	[ 28] CIE
<<dead>> 	0x00000018	[ 29] CIE
<<dead>> 	0x0000007A	[ 30] _mp_pairheap_meld
<<dead>> 	0x00000087	[ 30] _mp_pairheap_pairing
<<dead>> 	0x000000D9	[ 30] _mp_pairheap_delete
<<dead>> 	0x00000018	[ 30] CIE
<<dead>> 	0x00000054	[ 31] _ringbuf_get16
<<dead>> 	0x00000042	[ 31] _ringbuf_peek16
<<dead>> 	0x00000056	[ 31] _ringbuf_put16
<<dead>> 	0x00000018	[ 31] CIE
<<dead>> 	0x00000018	[ 32] CIE
<<dead>> 	0x00000010	[ 33] _mp_arg_error_terse_mismatch
<<dead>> 	0x0000001C	[ 33] literal string: argument num/types mismatch
<<dead>> 	0x00000018	[ 33] CIE
<<dead>> 	0x00000015	[ 34] _mp_emitter_warning
<<dead>> 	0x00000002	[ 34] literal string: \n
<<dead>> 	0x00000018	[ 34] CIE
<<dead>> 	0x00000018	[ 35] CIE
<<dead>> 	0x00000043	[ 36] _mp_obj_get_array_fixed_n
<<dead>> 	0x00000008	[ 36] 8-byte-literal
<<dead>> 	0x00000002	[ 36] literal string: \n
<<dead>> 	0x0000002D	[ 36] literal string: requested length %d but object has length %d
<<dead>> 	0x00000018	[ 36] CIE
<<dead>> 	0x0000003F	[ 37] _mp_obj_new_memoryview
<<dead>> 	0x00000018	[ 37] CIE
<<dead>> 	0x00000056	[ 38] _mp_obj_new_attrtuple
<<dead>> 	0x00000003	[ 38] literal string: , 
<<dead>> 	0x00000002	[ 38] literal string: )
<<dead>> 	0x00000018	[ 38] CIE
<<dead>> 	0x00000005	[ 39] literal string: true
<<dead>> 	0x00000006	[ 39] literal string: false
<<dead>> 	0x00000005	[ 39] literal string: True
<<dead>> 	0x00000006	[ 39] literal string: False
<<dead>> 	0x00000018	[ 39] CIE
<<dead>> 	0x00000018	[ 40] CIE
<<dead>> 	0x00000002	[ 41] literal string: >
<<dead>> 	0x00000018	[ 41] CIE
<<dead>> 	0x00000006	[ 42] literal string: (nil)
<<dead>> 	0x00000002	[ 42] literal string: >
<<dead>> 	0x00000018	[ 42] CIE
<<dead>> 	0x00000008	[ 43] 8-byte-literal
<<dead>> 	0x00000010	[ 43] 16-byte-literal
<<dead>> 	0x00000010	[ 43] 16-byte-literal
<<dead>> 	0x00000018	[ 43] CIE
<<dead>> 	0x00000018	[ 44] CIE
<<dead>> 	0x00000003	[ 45] literal string: , 
<<dead>> 	0x00000003	[ 45] literal string: : 
<<dead>> 	0x00000002	[ 45] literal string: )
<<dead>> 	0x00000018	[ 45] CIE
<<dead>> 	0x00000018	[ 46] CIE
<<dead>> 	0x0000000F	[ 47] _mp_obj_new_exception_args
<<dead>> 	0x00000003	[ 47] literal string: : 
<<dead>> 	0x00000001	[ 47] literal string: 
<<dead>> 	0x00000018	[ 47] CIE
<<dead>> 	0x00000018	[ 48] CIE
<<dead>> 	0x00000010	[ 49] 16-byte-literal
<<dead>> 	0x00000010	[ 49] 16-byte-literal
<<dead>> 	0x00000010	[ 49] 16-byte-literal
<<dead>> 	0x00000010	[ 49] 16-byte-literal
<<dead>> 	0x00000008	[ 49] 8-byte-literal
<<dead>> 	0x00000008	[ 49] 8-byte-literal
<<dead>> 	0x00000008	[ 49] 8-byte-literal
<<dead>> 	0x0000000F	[ 49] literal string: divide by zero
<<dead>> 	0x00000018	[ 49] CIE
<<dead>> 	0x0000001D	[ 50] _mp_obj_code_get_name
<<dead>> 	0x00000018	[ 50] CIE
<<dead>> 	0x0000001F	[ 51] literal string: generator raised StopIteration
<<dead>> 	0x00000018	[ 51] CIE
<<dead>> 	0x00000018	[ 52] CIE
<<dead>> 	0x00000018	[ 53] CIE
<<dead>> 	0x00000049	[ 54] _mp_obj_int_get_uint_checked
<<dead>> 	0x0000000F	[ 54] literal string: divide by zero
<<dead>> 	0x00000015	[ 54] literal string: negative shift count
<<dead>> 	0x00000018	[ 54] CIE
<<dead>> 	0x0000002B	[ 55] _mp_obj_list_store
<<dead>> 	0x00000003	[ 55] literal string: , 
<<dead>> 	0x00000002	[ 55] literal string: ]
<<dead>> 	0x00000018	[ 55] CIE
<<dead>> 	0x00000018	[ 56] CIE
<<dead>> 	0x00000032	[ 57] _mp_module_register
<<dead>> 	0x00000001	[ 57] literal string: 
<<dead>> 	0x00000018	[ 57] CIE
<<dead>> 	0x00000018	[ 58] CIE
<<dead>> 	0x00000018	[ 59] CIE
<<dead>> 	0x00000018	[ 60] CIE
<<dead>> 	0x00000005	[ 61] literal string: None
<<dead>> 	0x00000018	[ 61] CIE
<<dead>> 	0x0000002F	[ 62] _mp_obj_namedtuple_find_field
<<dead>> 	0x00000018	[ 62] CIE
<<dead>> 	0x00000002	[ 63] literal string: )
<<dead>> 	0x00000018	[ 63] CIE
<<dead>> 	0x00000018	[ 64] CIE
<<dead>> 	0x00000002	[ 65] literal string: {
<<dead>> 	0x00000003	[ 65] literal string: , 
<<dead>> 	0x00000002	[ 65] literal string: }
<<dead>> 	0x00000002	[ 65] literal string: )
<<dead>> 	0x00000018	[ 65] CIE
<<dead>> 	0x00000003	[ 66] literal string: %q
<<dead>> 	0x00000018	[ 66] CIE
<<dead>> 	0x00000003	[ 67] literal string: , 
<<dead>> 	0x00000002	[ 67] literal string: )
<<dead>> 	0x00000018	[ 67] CIE
<<dead>> 	0x00000049	[ 68] _mp_obj_str_intern
<<dead>> 	0x00000003	[ 68] literal string: %c
<<dead>> 	0x00000002	[ 68] literal string: "
<<dead>> 	0x00000001	[ 68] literal string: 
<<dead>> 	0x00000031	[ 68] literal string: only slices with step=1 (aka None) are supported
<<dead>> 	0x00000018	[ 68] CIE
<<dead>> 	0x00000005	[ 69] literal string: %.*s
<<dead>> 	0x00000003	[ 69] literal string: %c
<<dead>> 	0x00000004	[ 69] literal string: \%c
<<dead>> 	0x00000003	[ 69] literal string: \\
<<dead>> 	0x00000003	[ 69] literal string: \n
<<dead>> 	0x00000003	[ 69] literal string: \r
<<dead>> 	0x00000003	[ 69] literal string: \t
<<dead>> 	0x00000007	[ 69] literal string: \x%02x
<<dead>> 	0x00000007	[ 69] literal string: \u%04x
<<dead>> 	0x00000031	[ 69] literal string: only slices with step=1 (aka None) are supported
<<dead>> 	0x00000018	[ 69] CIE
<<dead>> 	0x00000018	[ 70] CIE
<<dead>> 	0x00000002	[ 71] literal string: [
<<dead>> 	0x00000002	[ 71] literal string: (
<<dead>> 	0x00000003	[ 71] literal string: , 
<<dead>> 	0x00000002	[ 71] literal string: ]
<<dead>> 	0x00000002	[ 71] literal string: )
<<dead>> 	0x00000031	[ 71] literal string: only slices with step=1 (aka None) are supported
<<dead>> 	0x00000018	[ 71] CIE
<<dead>> 	0x00000010	[ 72] 16-byte-literal
<<dead>> 	0x00000010	[ 72] 16-byte-literal
<<dead>> 	0x0000001B	[ 72] literal string: '%s' object isn't callable
<<dead>> 	0x00000003	[ 72] literal string: , 
<<dead>> 	0x00000002	[ 72] literal string: >
<<dead>> 	0x00000018	[ 72] CIE
<<dead>> 	0x00000018	[ 73] CIE
<<dead>> 	0x00000018	[ 74] CIE
<<dead>> 	0x00000018	[ 75] CIE
<<dead>> 	0x0000000F	[ 76] _stream_read1
<<dead>> 	0x0000003F	[ 76] _stream_write1_method
<<dead>> 	0x00000018	[ 76] _mp_stream_read1_obj
<<dead>> 	0x00000010	[ 76] _mp_stream_write1_obj
<<dead>> 	0x00000018	[ 76] CIE
<<dead>> 	0x00000018	[ 77] CIE
<<dead>> 	0x00000018	[ 78] CIE
<<dead>> 	0x00000018	[ 79] CIE
<<dead>> 	0x00000001	[ 81] literal string: 
<<dead>> 	0x00000002	[ 81] literal string: \n
<<dead>> 	0x00000018	[ 81] CIE
<<dead>> 	0x00000018	[ 83] CIE
<<dead>> 	0x00000018	[ 84] CIE
<<dead>> 	0x00000008	[ 85] 8-byte-literal
<<dead>> 	0x00000008	[ 85] 8-byte-literal
<<dead>> 	0x00000008	[ 85] 8-byte-literal
<<dead>> 	0x00000008	[ 85] 8-byte-literal
<<dead>> 	0x00000008	[ 85] 8-byte-literal
<<dead>> 	0x00000008	[ 85] 8-byte-literal
<<dead>> 	0x00000008	[ 85] 8-byte-literal
<<dead>> 	0x00000008	[ 85] 8-byte-literal
<<dead>> 	0x00000008	[ 85] 8-byte-literal
<<dead>> 	0x00000008	[ 85] 8-byte-literal
<<dead>> 	0x00000008	[ 85] 8-byte-literal
<<dead>> 	0x00000008	[ 85] 8-byte-literal
<<dead>> 	0x00000008	[ 85] 8-byte-literal
<<dead>> 	0x00000008	[ 85] 8-byte-literal
<<dead>> 	0x00000008	[ 85] 8-byte-literal
<<dead>> 	0x00000008	[ 85] 8-byte-literal
<<dead>> 	0x00000008	[ 85] 8-byte-literal
<<dead>> 	0x00000008	[ 85] 8-byte-literal
<<dead>> 	0x00000008	[ 85] 8-byte-literal
<<dead>> 	0x00000008	[ 85] 8-byte-literal
<<dead>> 	0x00000008	[ 85] 8-byte-literal
<<dead>> 	0x00000008	[ 85] 8-byte-literal
<<dead>> 	0x00000008	[ 85] 8-byte-literal
<<dead>> 	0x00000008	[ 85] 8-byte-literal
<<dead>> 	0x00000008	[ 85] 8-byte-literal
<<dead>> 	0x00000008	[ 85] 8-byte-literal
<<dead>> 	0x00000008	[ 85] 8-byte-literal
<<dead>> 	0x00000008	[ 85] 8-byte-literal
<<dead>> 	0x00000008	[ 85] 8-byte-literal
<<dead>> 	0x00000010	[ 85] 16-byte-literal
<<dead>> 	0x00000010	[ 85] 16-byte-literal
<<dead>> 	0x00000010	[ 85] 16-byte-literal
<<dead>> 	0x00000010	[ 85] 16-byte-literal
<<dead>> 	0x00000010	[ 85] 16-byte-literal
<<dead>> 	0x00000010	[ 85] 16-byte-literal
<<dead>> 	0x00000010	[ 85] 16-byte-literal
<<dead>> 	0x00000010	[ 85] 16-byte-literal
<<dead>> 	0x00000010	[ 85] 16-byte-literal
<<dead>> 	0x00000010	[ 85] 16-byte-literal
<<dead>> 	0x00000010	[ 85] 16-byte-literal
<<dead>> 	0x00000010	[ 85] 16-byte-literal
<<dead>> 	0x00000010	[ 85] 16-byte-literal
<<dead>> 	0x00000010	[ 85] 16-byte-literal
<<dead>> 	0x00000010	[ 85] 16-byte-literal
<<dead>> 	0x00000010	[ 85] 16-byte-literal
<<dead>> 	0x00000010	[ 85] 16-byte-literal
<<dead>> 	0x00000010	[ 85] 16-byte-literal
<<dead>> 	0x00000010	[ 85] 16-byte-literal
<<dead>> 	0x00000010	[ 85] 16-byte-literal
<<dead>> 	0x00000010	[ 85] 16-byte-literal
<<dead>> 	0x00000010	[ 85] 16-byte-literal
<<dead>> 	0x00000010	[ 85] 16-byte-literal
<<dead>> 	0x00000010	[ 85] 16-byte-literal
<<dead>> 	0x00000010	[ 85] 16-byte-literal
<<dead>> 	0x00000010	[ 85] 16-byte-literal
<<dead>> 	0x00000010	[ 85] 16-byte-literal
<<dead>> 	0x00000010	[ 85] 16-byte-literal
<<dead>> 	0x00000010	[ 85] 16-byte-literal
<<dead>> 	0x00000010	[ 85] 16-byte-literal
<<dead>> 	0x0000000F	[ 85] literal string: divide by zero
<<dead>> 	0x00000018	[ 85] CIE
<<dead>> 	0x00000008	[ 86] 8-byte-literal
<<dead>> 	0x00000008	[ 86] 8-byte-literal
<<dead>> 	0x00000008	[ 86] 8-byte-literal
<<dead>> 	0x00000010	[ 86] 16-byte-literal
<<dead>> 	0x00000018	[ 86] CIE
<<dead>> 	0x00000018	[ 87] CIE
<<dead>> 	0x00000018	[ 88] CIE
<<dead>> 	0x00000018	[ 89] CIE
<<dead>> 	0x00000018	[ 90] CIE
<<dead>> 	0x00000002	[ 91] literal string: \n
<<dead>> 	0x00000018	[ 91] CIE
<<dead>> 	0x00000010	[ 92] 16-byte-literal
<<dead>> 	0x00000018	[ 92] CIE
<<dead>> 	0x0000002F	[ 93] literal string: function got multiple values for argument '%q'
<<dead>> 	0x00000021	[ 93] literal string: unexpected keyword argument '%q'
<<dead>> 	0x00000035	[ 93] literal string: %q() takes %d positional arguments but %d were given
<<dead>> 	0x00000018	[ 93] CIE
<<dead>> 	0x00000002	[ 94] literal string: \n
<<dead>> 	0x00000018	[ 94] CIE
<<dead>> 	0x00000003	[ 95] literal string: if
<<dead>> 	0x00000006	[ 95] literal string: while
<<dead>> 	0x00000004	[ 95] literal string: for
<<dead>> 	0x00000004	[ 95] literal string: try
<<dead>> 	0x00000005	[ 95] literal string: with
<<dead>> 	0x00000004	[ 95] literal string: def
<<dead>> 	0x00000006	[ 95] literal string: class
<<dead>> 	0x00000006	[ 95] literal string: async
<<dead>> 	0x00000002	[ 95] literal string:  
<<dead>> 	0x00000002	[ 95] literal string: \n
<<dead>> 	0x00000018	[ 95] CIE
<<dead>> 	0x00000018	[ 96] CIE
<<dead>> 	0x00000018	[ 97] CIE
<<dead>> 	0x00000018	[ 98] CIE
<<dead>> 	0x00000018	[ 99] CIE
<<dead>> 	0x00000040	[100] _re1_5_sizecode
<<dead>> 	0x00000027	[100] _re1_5_recursiveloopprog
<<dead>> 	0x0000003B	[100] __re1_5_classmatch
<<dead>> 	0x00000018	[100] CIE
<<dead>> 	0x00000037	[101] _tinf_get_le_uint32
<<dead>> 	0x00000038	[101] _tinf_get_be_uint32
<<dead>> 	0x00000006	[101] _uzlib_init
<<dead>> 	0x00000025	[101] _uzlib_uncompress_init
<<dead>> 	0x00000021	[101] _tinf_skip_bytes
<<dead>> 	0x0000002C	[101] _tinf_get_uint16
<<dead>> 	0x00000010	[101] 16-byte-literal
<<dead>> 	0x00000018	[101] CIE
<<dead>> 	0x00000018	[102] CIE
<<dead>> 	0x0000000B	[103] literal string: empty heap
<<dead>> 	0x00000018	[103] CIE
<<dead>> 	0x00000010	[104] 16-byte-literal
<<dead>> 	0x00000010	[104] 16-byte-literal
<<dead>> 	0x00000018	[104] CIE
<<dead>> 	0x00000018	[105] CIE
<<dead>> 	0x00000018	[106] CIE
<<dead>> 	0x00000018	[107] CIE
<<dead>> 	0x00000018	[108] CIE
<<dead>> 	0x00000018	[109] CIE
<<dead>> 	0x00000018	[110] CIE
<<dead>> 	0x00000018	[111] CIE
<<dead>> 	0x00000018	[112] CIE
<<dead>> 	0x00000018	[113] CIE
<<dead>> 	0x00000018	[114] CIE
<<dead>> 	0x0000001D	[115] literal string: I/O operation on closed file
<<dead>> 	0x00000018	[115] CIE
<<dead>> 	0x0000004A	[116] _time_sleep
<<dead>> 	0x00000008	[116] 8-byte-literal
<<dead>> 	0x00000010	[116] _mp_utime_sleep_obj
<<dead>> 	0x00000018	[116] CIE
<<dead>> 	0x00000018	[117] CIE
<<dead>> 	0x000000AB	[118] _DEBUG_printf
<<dead>> 	0x00000017	[118] _vprintf
<<dead>> 	0x00000050	[118] _vsnprintf
<<dead>> 	0x0000002F	[118] _strn_print_strn
<<dead>> 	0x00000096	[118] _snprintf
<<dead>> 	0x00000018	[118] CIE
<<dead>> 	0x00000001	[119] literal string: 
<<dead>> 	0x00000010	[120] 16-byte-literal
<<dead>> 	0x00000003	[120] literal string: \n
<<dead>> 	0x00000002	[120] literal string: \n
<<dead>> 	0x00000018	[120] CIE
<<dead>> 	0x00000018	[121] CIE
<<dead>> 	0x00000018	[122] CIE
<<dead>> 	0x00000011	[123] _mp_thread_unix_begin_atomic_section
<<dead>> 	0x00000011	[123] _mp_thread_unix_end_atomic_section
<<dead>> 	0x00000018	[123] CIE
<<dead>> 	0x00000005	[124] literal string: HOME
<<dead>> 	0x00000002	[124] literal string: \n
<<dead>> 	0x00000018	[124] CIE
<<dead>> 	0x00000018	[125] CIE
<<dead>> 	0x00000010	[126] 16-byte-literal
<<dead>> 	0x00000010	[126] 16-byte-literal
<<dead>> 	0x00000002	[126] literal string: .
<<dead>> 	0x00000018	[126] CIE
<<dead>> 	0x00000008	[127] 8-byte-literal
<<dead>> 	0x00000008	[127] 8-byte-literal
<<dead>> 	0x00000010	[127] 16-byte-literal
<<dead>> 	0x00000018	[127] CIE
<<dead>> 	0x00000018	[128] CIE
<<dead>> 	0x00000006	[129] _ffi_closure_free
<<dead>> 	0x00000018	[129] CIE
<<dead>> 	0x00000008	[130] _get_fattime
<<dead>> 	0x00000018	[130] CIE
<<dead>> 	0x00000055	[131] _asn1_get_bool
<<dead>> 	0x00000076	[131] _asn1_get_bit_string_as_int
<<dead>> 	0x00000005	[131] _sig_sha1WithRSAEncrypt
<<dead>> 	0x00000009	[131] _sig_sha256
<<dead>> 	0x00000009	[131] _sig_sha384
<<dead>> 	0x00000009	[131] _sig_sha512
<<dead>> 	0x00000008	[131] _sig_oid_prefix
<<dead>> 	0x00000018	[131] CIE
<<dead>> 	0x0000000B	[132] _ssl_obj_load
<<dead>> 	0x00000018	[132] CIE
<<dead>> 	0x00000011	[133] _ssl_ext_free
<<dead>> 	0x00000020	[133] _ssl_find
<<dead>> 	0x00000046	[133] _ssl_renegotiate
<<dead>> 	0x0000000D	[133] _ssl_get_session_id
<<dead>> 	0x0000000A	[133] _ssl_get_session_id_size
<<dead>> 	0x0000000A	[133] _ssl_get_cipher_id
<<dead>> 	0x0000001B	[133] _ssl_get_config
<<dead>> 	0x0000000D	[133] _ssl_version
<<dead>> 	0x00000006	[133] _ssl_display_error
<<dead>> 	0x00000004	[133] _g_hello_request
<<dead>> 	0x0000000E	[133] literal string: master secret
<<dead>> 	0x0000000D	[133] literal string: (no version)
<<dead>> 	0x0000000E	[133] literal string: key expansion
<<dead>> 	0x00000018	[133] CIE
<<dead>> 	0x00000018	[134] CIE
<<dead>> 	0x00000010	[135] _g_sig_alg
<<dead>> 	0x00000018	[135] CIE
<<dead>> 	0x00000028	[136] _x509_display_error
<<dead>> 	0x0000001E	[136] literal string: Certificate verify successful
<<dead>> 	0x0000000C	[136] literal string: X509 not ok
<<dead>> 	0x0000001D	[136] literal string: No trusted cert is available
<<dead>> 	0x0000000E	[136] literal string: Bad signature
<<dead>> 	0x00000016	[136] literal string: Cert is not yet valid
<<dead>> 	0x00000011	[136] literal string: Cert has expired
<<dead>> 	0x00000014	[136] literal string: Cert is self-signed
<<dead>> 	0x00000028	[136] literal string: Chain is invalid (check order of certs)
<<dead>> 	0x00000013	[136] literal string: Unsupported digest
<<dead>> 	0x00000014	[136] literal string: Invalid private key
<<dead>> 	0x00000019	[136] literal string: Basic constraint invalid
<<dead>> 	0x00000008	[136] literal string: Unknown
<<dead>> 	0x00000060	[136] l_switch.table.x509_display_error
<<dead>> 	0x00000018	[136] CIE
<<dead>> 	0x00000010	[137] 16-byte-literal
<<dead>> 	0x00000010	[137] 16-byte-literal
<<dead>> 	0x00000018	[137] CIE
<<dead>> 	0x00000019	[138] _bi_copy
<<dead>> 	0x0000001F	[138] _int_to_bi
<<dead>> 	0x00000044	[138] _bi_compare
<<dead>> 	0x00000018	[138] CIE
<<dead>> 	0x0000001E	[139] literal string: Error: Feature not supported\n
<<dead>> 	0x00000008	[139] _unsupported_str
<<dead>> 	0x00000018	[139] CIE
<<dead>> 	0x00000010	[140] 16-byte-literal
<<dead>> 	0x00000010	[140] 16-byte-literal
<<dead>> 	0x00000010	[140] 16-byte-literal
<<dead>> 	0x00000010	[140] 16-byte-literal
<<dead>> 	0x00000018	[140] CIE
<<dead>> 	0x00000018	[141] CIE
<<dead>> 	0x00000019	[142] _RSA_private
<<dead>> 	0x00000019	[142] _RSA_public
<<dead>> 	0x00000018	[142] CIE
<<dead>> 	0x00000010	[143] 16-byte-literal
<<dead>> 	0x00000010	[143] 16-byte-literal
<<dead>> 	0x00000010	[143] 16-byte-literal
<<dead>> 	0x00000010	[143] 16-byte-literal
<<dead>> 	0x00000018	[143] CIE
<<dead>> 	0x00000010	[144] 16-byte-literal
<<dead>> 	0x00000010	[144] 16-byte-literal
<<dead>> 	0x00000010	[144] 16-byte-literal
<<dead>> 	0x00000018	[144] CIE
<<dead>> 	0x00000018	[145] CIE
<<dead>> 	0x00000018	[146] CIE
<<dead>> 	0x00000018	[147] CIE
<<dead>> 	0x00000018	[148] CIE
<<dead>> 	0x00000018	[149] CIE
<<dead>> 	0x00000018	[150] CIE
<<dead>> 	0x00000018	[151] CIE
<<dead>> 	0x00000018	[152] CIE
<<dead>> 	0x00000018	[153] CIE
<<dead>> 	0x00000018	[154] CIE
<<dead>> 	0x00000018	[155] CIE
<<dead>> 	0x00000018	[156] CIE
<<dead>> 	0x00000018	[157] CIE
<<dead>> 	0x00000018	[158] CIE
<<dead>> 	0x00000008	[159] 8-byte-literal
<<dead>> 	0x00000010	[159] 16-byte-literal
<<dead>> 	0x00000010	[159] 16-byte-literal
<<dead>> 	0x00000018	[159] CIE
<<dead>> 	0x00000018	[160] CIE
<<dead>> 	0x0000002F	[161] _readline_note_newline
<<dead>> 	0x0000004D	[161] _readline_init
<<dead>> 	0x00000003	[161] literal string: \n
<<dead>> 	0x00000018	[161] CIE
<<dead>> 	0x00000053	[162] _timeutils_is_leap_year
<<dead>> 	0x0000007A	[162] _timeutils_days_in_month
<<dead>> 	0x00000076	[162] _timeutils_year_day
<<dead>> 	0x000002DA	[162] _timeutils_seconds_since_2000_to_struct_time
<<dead>> 	0x000000E6	[162] _timeutils_seconds_since_2000
<<dead>> 	0x000001A5	[162] _timeutils_mktime
<<dead>> 	0x0000001A	[162] _days_since_jan1
<<dead>> 	0x0000000C	[162] _timeutils_seconds_since_2000_to_struct_time.days_in_month
<<dead>> 	0x00000018	[162] CIE
<<dead>> 	0x00000018	[163] CIE
