java.io.IOException: Cannot run program "/opt/homebrew/Cellar/openjdk@17/17.0.9/bin/java" (in directory "/Users/williamcrupi/Documents/github/python/algorithms/grokking-algorithms-second-edition-code/02_selection_sort/scala"): error=2, No such file or directory
  java.base/java.lang.ProcessBuilder.start(ProcessBuilder.java:1143)
  java.base/java.lang.ProcessBuilder.start(ProcessBuilder.java:1073)
  os.proc.proc$lzyINIT1$1(ProcessOps.scala:343)
  os.proc.os$proc$$_$proc$1(ProcessOps.scala:349)
  os.proc.spawn(ProcessOps.scala:353)
  os.proc.spawn(ProcessOps.scala:377)
  os.proc.call(ProcessOps.scala:222)
  scala.build.internal.OsLibc$.javaVersion(OsLibc.scala:78)
  scala.build.options.BuildOptions$JavaHomeInfo$.apply(BuildOptions.scala:617)
  scala.build.options.BuildOptions.javaCommand0$lzyINIT1$$anonfun$1(BuildOptions.scala:242)
  scala.build.Positioned.map(Positioned.scala:15)
  scala.build.options.BuildOptions.javaCommand0$lzyINIT1(BuildOptions.scala:242)
  scala.build.options.BuildOptions.javaCommand0(BuildOptions.scala:242)
  scala.build.options.BuildOptions.javaHome(BuildOptions.scala:250)
  scala.cli.commands.repl.Repl$.maybeRunRepl$1(Repl.scala:410)
  scala.cli.commands.repl.Repl$.runRepl$$anonfun$1(Repl.scala:476)
  scala.runtime.function.JProcedure1.apply(JProcedure1.java:15)
  scala.runtime.function.JProcedure1.apply(JProcedure1.java:10)
  scala.build.EitherCps$Helper.apply(EitherCps.scala:19)
  scala.cli.commands.repl.Repl$.runRepl(Repl.scala:290)
  scala.cli.commands.repl.Repl$.doRunRepl$1(Repl.scala:144)
  scala.cli.commands.repl.Repl$.runThing$1(Repl.scala:195)
  scala.cli.commands.repl.Repl$.runCommand(Repl.scala:198)
  scala.cli.commands.default.Default.runCommand(Default.scala:61)
  scala.cli.commands.default.Default.runCommand(Default.scala:40)
  scala.cli.commands.ScalaCommand.run(ScalaCommand.scala:390)
  scala.cli.commands.ScalaCommand.run(ScalaCommand.scala:371)
  caseapp.core.app.CaseApp.main(CaseApp.scala:166)
  scala.cli.commands.ScalaCommand.main(ScalaCommand.scala:356)
  caseapp.core.app.CommandsEntryPoint.main(CommandsEntryPoint.scala:370)
  scala.cli.ScalaCliCommands.main(ScalaCliCommands.scala:125)
  scala.cli.ScalaCli$.main0(ScalaCli.scala:320)
  scala.cli.ScalaCli$.main(ScalaCli.scala:124)
  scala.cli.ScalaCli.main(ScalaCli.scala)
java.io.IOException: error=2, No such file or directory
  java.base/java.lang.ProcessImpl.forkAndExec(Native Method)
  java.base/java.lang.ProcessImpl.<init>(ProcessImpl.java:314)
  java.base/java.lang.ProcessImpl.start(ProcessImpl.java:244)
  java.base/java.lang.ProcessBuilder.start(ProcessBuilder.java:1110)
  java.base/java.lang.ProcessBuilder.start(ProcessBuilder.java:1073)
  os.proc.proc$lzyINIT1$1(ProcessOps.scala:343)
  os.proc.os$proc$$_$proc$1(ProcessOps.scala:349)
  os.proc.spawn(ProcessOps.scala:353)
  os.proc.spawn(ProcessOps.scala:377)
  os.proc.call(ProcessOps.scala:222)
  scala.build.internal.OsLibc$.javaVersion(OsLibc.scala:78)
  scala.build.options.BuildOptions$JavaHomeInfo$.apply(BuildOptions.scala:617)
  scala.build.options.BuildOptions.javaCommand0$lzyINIT1$$anonfun$1(BuildOptions.scala:242)
  scala.build.Positioned.map(Positioned.scala:15)
  scala.build.options.BuildOptions.javaCommand0$lzyINIT1(BuildOptions.scala:242)
  scala.build.options.BuildOptions.javaCommand0(BuildOptions.scala:242)
  scala.build.options.BuildOptions.javaHome(BuildOptions.scala:250)
  scala.cli.commands.repl.Repl$.maybeRunRepl$1(Repl.scala:410)
  scala.cli.commands.repl.Repl$.runRepl$$anonfun$1(Repl.scala:476)
  scala.runtime.function.JProcedure1.apply(JProcedure1.java:15)
  scala.runtime.function.JProcedure1.apply(JProcedure1.java:10)
  scala.build.EitherCps$Helper.apply(EitherCps.scala:19)
  scala.cli.commands.repl.Repl$.runRepl(Repl.scala:290)
  scala.cli.commands.repl.Repl$.doRunRepl$1(Repl.scala:144)
  scala.cli.commands.repl.Repl$.runThing$1(Repl.scala:195)
  scala.cli.commands.repl.Repl$.runCommand(Repl.scala:198)
  scala.cli.commands.default.Default.runCommand(Default.scala:61)
  scala.cli.commands.default.Default.runCommand(Default.scala:40)
  scala.cli.commands.ScalaCommand.run(ScalaCommand.scala:390)
  scala.cli.commands.ScalaCommand.run(ScalaCommand.scala:371)
  caseapp.core.app.CaseApp.main(CaseApp.scala:166)
  scala.cli.commands.ScalaCommand.main(ScalaCommand.scala:356)
  caseapp.core.app.CommandsEntryPoint.main(CommandsEntryPoint.scala:370)
  scala.cli.ScalaCliCommands.main(ScalaCliCommands.scala:125)
  scala.cli.ScalaCli$.main0(ScalaCli.scala:320)
  scala.cli.ScalaCli$.main(ScalaCli.scala:124)
  scala.cli.ScalaCli.main(ScalaCli.scala)
