# Path: mpy-cross
# Arch: x86_64
# Object files:
[  0] linker synthesized
[  1] build/py/mpstate.o
[  2] build/py/nlr.o
[  3] build/py/nlrx64.o
[  4] build/py/malloc.o
[  5] build/py/gc.o
[  6] build/py/qstr.o
[  7] build/py/vstr.o
[  8] build/py/mpprint.o
[  9] build/py/unicode.o
[ 10] build/py/mpz.o
[ 11] build/py/reader.o
[ 12] build/py/lexer.o
[ 13] build/py/parse.o
[ 14] build/py/scope.o
[ 15] build/py/compile.o
[ 16] build/py/emitcommon.o
[ 17] build/py/emitbc.o
[ 18] build/py/asmbase.o
[ 19] build/py/asmx64.o
[ 20] build/py/emitnx64.o
[ 21] build/py/asmx86.o
[ 22] build/py/emitnx86.o
[ 23] build/py/asmthumb.o
[ 24] build/py/emitnthumb.o
[ 25] build/py/emitinlinethumb.o
[ 26] build/py/asmarm.o
[ 27] build/py/emitnarm.o
[ 28] build/py/asmxtensa.o
[ 29] build/py/emitnxtensa.o
[ 30] build/py/emitinlinextensa.o
[ 31] build/py/emitnxtensawin.o
[ 32] build/py/formatfloat.o
[ 33] build/py/parsenumbase.o
[ 34] build/py/parsenum.o
[ 35] build/py/emitglue.o
[ 36] build/py/persistentcode.o
[ 37] build/py/runtime.o
[ 38] build/py/runtime_utils.o
[ 39] build/py/scheduler.o
[ 40] build/py/nativeglue.o
[ 41] build/py/pairheap.o
[ 42] build/py/ringbuf.o
[ 43] build/py/stackctrl.o
[ 44] build/py/argcheck.o
[ 45] build/py/warning.o
[ 46] build/py/map.o
[ 47] build/py/obj.o
[ 48] build/py/objarray.o
[ 49] build/py/objbool.o
[ 50] build/py/objboundmeth.o
[ 51] build/py/objcell.o
[ 52] build/py/objclosure.o
[ 53] build/py/objcomplex.o
[ 54] build/py/objdict.o
[ 55] build/py/objenumerate.o
[ 56] build/py/objexcept.o
[ 57] build/py/objfilter.o
[ 58] build/py/objfloat.o
[ 59] build/py/objfun.o
[ 60] build/py/objgenerator.o
[ 61] build/py/objgetitemiter.o
[ 62] build/py/objint.o
[ 63] build/py/objint_mpz.o
[ 64] build/py/objlist.o
[ 65] build/py/objmap.o
[ 66] build/py/objmodule.o
[ 67] build/py/objobject.o
[ 68] build/py/objpolyiter.o
[ 69] build/py/objproperty.o
[ 70] build/py/objnone.o
[ 71] build/py/objrange.o
[ 72] build/py/objreversed.o
[ 73] build/py/objset.o
[ 74] build/py/objsingleton.o
[ 75] build/py/objslice.o
[ 76] build/py/objstr.o
[ 77] build/py/objstrunicode.o
[ 78] build/py/objtuple.o
[ 79] build/py/objtype.o
[ 80] build/py/objzip.o
[ 81] build/py/opmethods.o
[ 82] build/py/sequence.o
[ 83] build/py/stream.o
[ 84] build/py/binary.o
[ 85] build/py/builtinimport.o
[ 86] build/py/builtinevex.o
[ 87] build/py/modbuiltins.o
[ 88] build/py/modmicropython.o
[ 89] build/py/modstruct.o
[ 90] build/py/vm.o
[ 91] build/py/bc.o
[ 92] build/py/smallint.o
[ 93] build/main.o
[ 94] build/gccollect.o
[ 95] build/lib/utils/gchelper_generic.o
[ 96] /Applications/Xcode.app/Contents/Developer/Platforms/MacOSX.platform/Developer/SDKs/MacOSX.sdk/usr/lib/libm.tbd
# Sections:
# Address	Size    	Segment	Section
0x1000015B0	0x000436A2	__TEXT	__text
0x100044C52	0x000000C0	__TEXT	__stubs
0x100044D14	0x00000150	__TEXT	__stub_helper
0x100044E70	0x00000EB5	__TEXT	__const
0x100045D25	0x00005292	__TEXT	__cstring
0x10004AFB8	0x00000048	__TEXT	__unwind_info
0x10004B000	0x000000C8	__DATA_CONST	__got
0x10004B0D0	0x00003CF0	__DATA_CONST	__const
0x10004F000	0x00000100	__DATA	__la_symbol_ptr
0x10004F100	0x00000010	__DATA	__data
0x10004F110	0x00000358	__DATA	__common
0x10004F468	0x00000004	__DATA	__bss
# Symbols:
# Address	Size    	File  Name
0x1000015B0	0x0000001A	[  2] _nlr_push_tail
0x1000015CA	0x00000018	[  2] _nlr_pop
0x1000015E2	0x00000032	[  3] _nlr_push
0x100001614	0x00000053	[  3] _nlr_jump
0x100001667	0x00000029	[  4] _m_malloc
0x100001690	0x0000000C	[  4] _m_malloc_maybe
0x10000169C	0x0000000A	[  4] _m_malloc0
0x1000016A6	0x0000002C	[  4] _m_realloc
0x1000016D2	0x0000000A	[  4] _m_realloc_maybe
0x1000016DC	0x0000000A	[  4] _m_free
0x1000016F0	0x00000090	[  5] _gc_init
0x100001780	0x00000020	[  5] _gc_is_locked
0x1000017A0	0x00000040	[  5] _gc_collect_start
0x1000017E0	0x000001E0	[  5] _gc_collect_root
0x1000019C0	0x000002A0	[  5] _gc_collect_end
0x100001C60	0x00000210	[  5] _gc_alloc
0x100001E70	0x000000E0	[  5] _gc_free
0x100001F50	0x00000350	[  5] _gc_realloc
0x1000022A0	0x0000003D	[  6] _qstr_compute_hash
0x1000022DD	0x00000023	[  6] _qstr_init
0x100002300	0x000000EB	[  6] _qstr_find_strn
0x1000023EB	0x0000001F	[  6] _qstr_from_str
0x10000240A	0x0000020B	[  6] _qstr_from_strn
0x100002615	0x00000033	[  6] _qstr_hash
0x100002648	0x00000029	[  6] _qstr_len
0x100002671	0x00000029	[  6] _qstr_str
0x10000269A	0x00000030	[  6] _qstr_data
0x1000026CA	0x00000035	[  7] _vstr_init
0x1000026FF	0x0000003D	[  7] _vstr_init_len
0x10000273C	0x00000045	[  7] _vstr_init_print
0x100002781	0x0000003D	[  7] _vstr_add_strn
0x1000027BE	0x00000027	[  7] _vstr_clear
0x1000027E5	0x00000049	[  7] _vstr_extend
0x10000282E	0x0000004C	[  7] _vstr_ensure_extra
0x10000287A	0x00000036	[  7] _vstr_null_terminated_str
0x1000028B0	0x00000030	[  7] _vstr_add_byte
0x1000028E0	0x00000136	[  7] _vstr_add_char
0x100002A16	0x00000048	[  7] _vstr_add_str
0x100002A5E	0x00000017	[  7] _vstr_cut_tail_bytes
0x100002A76	0x0000003A	[  8] _mp_print_str
0x100002AB0	0x00000117	[  8] _mp_print_strn
0x100002BC7	0x000003BA	[  8] _mp_print_mp_int
0x100002F81	0x000000F4	[  8] _mp_print_float
0x100003075	0x0000009A	[  8] _mp_printf
0x10000310F	0x00000599	[  8] _mp_vprintf
0x1000036A8	0x0000014F	[  8] _mp_print_int
0x1000037F7	0x0000005C	[  9] _utf8_get_char
0x100003853	0x00000017	[  9] _utf8_next_char
0x10000386A	0x00000023	[  9] _utf8_ptr_to_index
0x10000388D	0x0000002C	[  9] _utf8_charlen
0x1000038B9	0x0000001E	[  9] _unichar_isspace
0x1000038D7	0x0000001F	[  9] _unichar_isalpha
0x1000038F6	0x0000001E	[  9] _unichar_isdigit
0x100003914	0x0000001F	[  9] _unichar_isxdigit
0x100003933	0x0000001E	[  9] _unichar_isupper
0x100003951	0x0000001E	[  9] _unichar_islower
0x10000396F	0x0000001F	[  9] _unichar_tolower
0x10000398E	0x0000001F	[  9] _unichar_toupper
0x1000039AD	0x00000019	[  9] _unichar_xdigit_value
0x1000039C6	0x0000005C	[  9] _utf8_check
0x100003A22	0x00000013	[ 10] _mpz_init_zero
0x100003A35	0x00000067	[ 10] _mpz_set_from_int
0x100003A9C	0x00000024	[ 10] _mpz_init_fixed_from_int
0x100003AC0	0x0000001A	[ 10] _mpz_deinit
0x100003ADA	0x0000004B	[ 10] _mpz_set
0x100003B25	0x0000005A	[ 10] _mpz_need_dig
0x100003B7F	0x00000076	[ 10] _mpz_set_from_ll
0x100003BF5	0x00000163	[ 10] _mpz_set_from_float
0x100003D58	0x0000011E	[ 10] _mpz_set_from_str
0x100003E76	0x000000CD	[ 10] _mpz_set_from_bytes
0x100003F43	0x00000085	[ 10] _mpz_cmp
0x100003FC8	0x00000020	[ 10] _mpz_abs_inpl
0x100003FE8	0x00000020	[ 10] _mpz_neg_inpl
0x100004008	0x000000AC	[ 10] _mpz_not_inpl
0x1000040B4	0x0000008B	[ 10] _mpn_sub
0x10000413F	0x00000084	[ 10] _mpn_add
0x1000041C3	0x00000118	[ 10] _mpz_shl_inpl
0x1000042DB	0x00000121	[ 10] _mpz_shr_inpl
0x1000043FC	0x00000061	[ 10] _mpn_shr
0x10000445D	0x000000CC	[ 10] _mpz_add_inpl
0x100004529	0x000000E8	[ 10] _mpz_sub_inpl
0x100004611	0x00000184	[ 10] _mpz_and_inpl
0x100004795	0x00000172	[ 10] _mpz_or_inpl
0x100004907	0x0000015A	[ 10] _mpz_xor_inpl
0x100004A61	0x00000171	[ 10] _mpz_mul_inpl
0x100004BD2	0x0000006E	[ 10] _mpz_clone
0x100004C40	0x00000026	[ 10] _mpz_free
0x100004C66	0x0000011E	[ 10] _mpz_pow_inpl
0x100004D84	0x000003BE	[ 10] _mpz_divmod_inpl
0x100005142	0x0000003D	[ 10] _mpz_hash
0x10000517F	0x0000004E	[ 10] _mpz_as_int_checked
0x1000051CD	0x000000A1	[ 10] _mpz_as_bytes
0x10000526E	0x00000052	[ 10] _mpz_as_float
0x1000052C0	0x000001DA	[ 10] _mpz_as_str_inpl
0x10000549A	0x0000008A	[ 11] _mp_reader_new_file_from_fd
0x100005524	0x00000068	[ 11] _mp_reader_posix_readbyte
0x10000558C	0x00000024	[ 11] _mp_reader_posix_close
0x1000055B0	0x0000003F	[ 11] _mp_reader_new_file
0x1000055F0	0x000008D8	[ 12] _mp_lexer_to_next
0x100005EC8	0x0000008F	[ 12] _skip_whitespace
0x100005F57	0x0000005F	[ 12] _is_string_or_bytes
0x100005FB6	0x0000008D	[ 12] _next_char
0x100006043	0x000000BC	[ 12] _mp_lexer_new
0x100006100	0x00000048	[ 12] _mp_lexer_new_from_file
0x100006149	0x00000039	[ 12] _mp_lexer_free
0x100006184	0x0000001A	[ 13] _mp_parse_node_is_const_false
0x10000619E	0x0000001D	[ 13] _mp_parse_node_is_const_true
0x1000061BB	0x00000052	[ 13] _mp_parse_node_get_int_maybe
0x10000620D	0x00000040	[ 13] _mp_parse_node_extract_list
0x10000624D	0x0000097B	[ 13] _mp_parse
0x100006BC8	0x00000083	[ 13] _push_rule
0x100006C4B	0x000001AD	[ 13] _push_result_token
0x100006DF8	0x00000035	[ 13] _push_rule_from_arg
0x100006E2D	0x0000004F	[ 13] _push_result_node
0x100006E7C	0x00000025	[ 13] _pop_result
0x100006EA1	0x000007B7	[ 13] _push_result_rule
0x100007658	0x00000027	[ 13] _mp_parse_tree_clear
0x10000767F	0x000000A9	[ 13] _parser_alloc
0x100007728	0x000000A4	[ 14] _scope_new
0x1000077CC	0x00000020	[ 14] _scope_free
0x1000077EC	0x000000A1	[ 14] _scope_find_or_add_id
0x10000788D	0x00000029	[ 14] _scope_find
0x1000078B6	0x00000035	[ 14] _scope_find_global
0x1000078EB	0x000000A8	[ 14] _scope_check_to_close_over
0x100007994	0x000005ED	[ 15] _mp_compile_to_raw_code
0x100007F81	0x00000054	[ 15] _scope_new_and_link
0x100007FD5	0x0000049C	[ 15] _compile_scope_inline_asm
0x100008471	0x0000055D	[ 15] _compile_scope
0x1000089D0	0x00000044	[ 15] _compile_syntax_error
0x100008A14	0x000001AB	[ 15] _compile_node
0x100008BBF	0x00000080	[ 15] _apply_to_single_or_list
0x100008C3F	0x00000077	[ 15] _compile_viper_type_annotation
0x100008CB6	0x00000038	[ 15] _compile_load_id
0x100008CEE	0x00000157	[ 15] _compile_scope_comp_iter
0x100008E45	0x00000033	[ 15] _compile_store_id
0x100008E78	0x00000065	[ 15] _compile_generic_all_nodes
0x100008EDD	0x000002C8	[ 15] _compile_decorated
0x1000091A5	0x00000027	[ 15] _compile_funcdef
0x1000091CC	0x00000387	[ 15] _compile_expr_stmt
0x100009553	0x0000000F	[ 15] _compile_generic_tuple
0x100009562	0x0000001A	[ 15] _compile_del_stmt
0x10000957C	0x0000005E	[ 15] _compile_break_cont_stmt
0x1000095DA	0x000000CE	[ 15] _compile_return_stmt
0x1000096A8	0x00000026	[ 15] _compile_yield_stmt
0x1000096CE	0x00000084	[ 15] _compile_raise_stmt
0x100009752	0x0000001A	[ 15] _compile_import_name
0x10000976C	0x0000026E	[ 15] _compile_import_from
0x1000099DA	0x0000012F	[ 15] _compile_global_nonlocal_stmt
0x100009B09	0x000000B3	[ 15] _compile_assert_stmt
0x100009BBC	0x00000336	[ 15] _compile_async_stmt
0x100009EF2	0x000001AD	[ 15] _compile_if_stmt
0x10000A09F	0x0000010F	[ 15] _compile_while_stmt
0x10000A1AE	0x0000048A	[ 15] _compile_for_stmt
0x10000A638	0x000000DD	[ 15] _compile_try_stmt
0x10000A715	0x00000049	[ 15] _compile_with_stmt
0x10000A75E	0x00000015	[ 15] _compile_namedexpr
0x10000A773	0x000000C7	[ 15] _compile_test_if_expr
0x10000A83A	0x0000004D	[ 15] _compile_lambdef
0x10000A887	0x000000A2	[ 15] _compile_or_and_test
0x10000A929	0x0000002E	[ 15] _compile_not_test_2
0x10000A957	0x000001D8	[ 15] _compile_comparison
0x10000AB2F	0x00000011	[ 15] _compile_star_expr
0x10000AB40	0x00000070	[ 15] _compile_binary_op
0x10000ABB0	0x0000006A	[ 15] _compile_term
0x10000AC1A	0x00000051	[ 15] _compile_factor_2
0x10000AC6B	0x0000002A	[ 15] _compile_power
0x10000AC95	0x00000044	[ 15] _compile_atom_expr_await
0x10000ACD9	0x000001DE	[ 15] _compile_atom_expr_normal
0x10000AEB7	0x000000D6	[ 15] _compile_atom_paren
0x10000AF8D	0x00000124	[ 15] _compile_atom_bracket
0x10000B0B1	0x0000025F	[ 15] _compile_atom_brace
0x10000B310	0x00000012	[ 15] _compile_trailer_paren
0x10000B322	0x0000002B	[ 15] _compile_trailer_bracket
0x10000B34D	0x00000023	[ 15] _compile_trailer_period
0x10000B370	0x00000117	[ 15] _compile_subscript
0x10000B487	0x00000026	[ 15] _compile_dictorsetmaker_item
0x10000B4AD	0x00000027	[ 15] _compile_classdef
0x10000B4D4	0x0000009C	[ 15] _compile_yield_expr
0x10000B570	0x0000001D	[ 15] _compile_const_object
0x10000B58D	0x00000058	[ 15] _compile_funcdef_helper
0x10000B5E5	0x0000009C	[ 15] _compile_classdef_helper
0x10000B681	0x000000B1	[ 15] _compile_funcdef_lambdef
0x10000B732	0x00000176	[ 15] _compile_funcdef_lambdef_param
0x10000B8A8	0x0000015A	[ 15] _close_over_variables_etc
0x10000BA02	0x00000297	[ 15] _compile_trailer_paren_helper
0x10000BC99	0x0000007F	[ 15] _compile_namedexpr_helper
0x10000BD18	0x000000C9	[ 15] _compile_comprehension
0x10000BDE1	0x00000364	[ 15] _c_assign
0x10000C145	0x0000017B	[ 15] _c_assign_tuple
0x10000C2C0	0x0000007D	[ 15] _c_tuple
0x10000C33D	0x00000245	[ 15] _c_del_stmt
0x10000C582	0x00000033	[ 15] _compile_delete_id
0x10000C5B5	0x000001CC	[ 15] _c_if_cond
0x10000C781	0x00000057	[ 15] _compile_dotted_as_name
0x10000C7D8	0x00000227	[ 15] _do_import_name
0x10000C9FF	0x00000040	[ 15] _compile_decrease_except_level
0x10000CA3F	0x00000052	[ 15] _compile_yield_from
0x10000CA91	0x0000040C	[ 15] _compile_async_with_stmt_helper
0x10000CE9D	0x000000F3	[ 15] _compile_try_finally
0x10000CF90	0x000002F6	[ 15] _compile_try_except
0x10000D286	0x0000013A	[ 15] _compile_with_stmt_helper
0x10000D3C0	0x0000019D	[ 15] _compile_scope_func_lambda_param
0x10000D560	0x00000027	[ 16] _mp_emit_common_get_id_for_modification
0x10000D587	0x000000B9	[ 16] _mp_emit_common_id_op
0x10000D640	0x0000000F	[ 17] _emit_bc_new
0x10000D64F	0x00000025	[ 17] _emit_bc_set_max_num_labels
0x10000D674	0x00000020	[ 17] _emit_bc_free
0x10000D694	0x00000293	[ 17] _mp_emit_bc_start_pass
0x10000D927	0x0000002B	[ 17] _emit_write_code_info_qstr
0x10000D952	0x00000163	[ 17] _mp_emit_bc_end_pass
0x10000DAB5	0x00000012	[ 17] _mp_emit_bc_last_emit_was_return_value
0x10000DAC7	0x00000039	[ 17] _mp_emit_bc_adjust_stack_size
0x10000DB00	0x0000012A	[ 17] _mp_emit_bc_set_source_line
0x10000DC2A	0x0000005C	[ 17] _mp_emit_bc_label_assign
0x10000DC86	0x00000053	[ 17] _mp_emit_bc_import
0x10000DCD9	0x0000004A	[ 17] _emit_write_bytecode_byte_qstr
0x10000DD23	0x00000080	[ 17] _mp_emit_bc_load_const_tok
0x10000DDA3	0x00000118	[ 17] _mp_emit_bc_load_const_small_int
0x10000DEBB	0x00000017	[ 17] _mp_emit_bc_load_const_str
0x10000DED2	0x0000003F	[ 17] _mp_emit_bc_load_const_obj
0x10000DF11	0x0000002A	[ 17] _mp_emit_bc_load_null
0x10000DF3B	0x00000055	[ 17] _mp_emit_bc_load_local
0x10000DF90	0x000000AF	[ 17] _emit_write_bytecode_byte_uint
0x10000E03F	0x00000040	[ 17] _mp_emit_bc_load_global
0x10000E07F	0x0000001C	[ 17] _mp_emit_bc_load_method
0x10000E09B	0x0000002A	[ 17] _mp_emit_bc_load_build_class
0x10000E0C5	0x0000007D	[ 17] _mp_emit_bc_subscr
0x10000E142	0x00000027	[ 17] _mp_emit_bc_rot_three
0x10000E169	0x00000090	[ 17] _mp_emit_bc_attr
0x10000E1F9	0x00000027	[ 17] _mp_emit_bc_rot_two
0x10000E220	0x00000057	[ 17] _mp_emit_bc_store_local
0x10000E277	0x00000018	[ 17] _mp_emit_bc_store_global
0x10000E28F	0x00000018	[ 17] _mp_emit_bc_delete_local
0x10000E2A7	0x00000015	[ 17] _mp_emit_bc_delete_global
0x10000E2BC	0x0000002A	[ 17] _mp_emit_bc_dup_top
0x10000E2E6	0x0000002A	[ 17] _mp_emit_bc_dup_top_two
0x10000E310	0x0000002C	[ 17] _mp_emit_bc_pop_top
0x10000E33C	0x00000014	[ 17] _mp_emit_bc_jump
0x10000E350	0x0000005B	[ 17] _emit_write_bytecode_byte_signed_label
0x10000E3AB	0x0000001A	[ 17] _mp_emit_bc_pop_jump_if
0x10000E3C5	0x0000001A	[ 17] _mp_emit_bc_jump_if_or_pop
0x10000E3DF	0x000000AA	[ 17] _mp_emit_bc_unwind_jump
0x10000E489	0x0000001D	[ 17] _mp_emit_bc_setup_block
0x10000E4A6	0x00000059	[ 17] _emit_write_bytecode_byte_unsigned_label
0x10000E4FF	0x00000062	[ 17] _mp_emit_bc_with_cleanup
0x10000E561	0x0000002C	[ 17] _mp_emit_bc_end_finally
0x10000E58D	0x0000002E	[ 17] _mp_emit_bc_get_iter
0x10000E5BB	0x00000017	[ 17] _mp_emit_bc_for_iter
0x10000E5D2	0x00000011	[ 17] _mp_emit_bc_for_iter_end
0x10000E5E3	0x00000014	[ 17] _mp_emit_bc_pop_except_jump
0x10000E5F7	0x0000002A	[ 17] _mp_emit_bc_unary_op
0x10000E621	0x00000070	[ 17] _mp_emit_bc_binary_op
0x10000E691	0x00000025	[ 17] _mp_emit_bc_build
0x10000E6B6	0x0000002C	[ 17] _mp_emit_bc_store_map
0x10000E6E2	0x0000003D	[ 17] _mp_emit_bc_store_comp
0x10000E71F	0x00000014	[ 17] _mp_emit_bc_unpack_sequence
0x10000E733	0x0000001E	[ 17] _mp_emit_bc_unpack_ex
0x10000E751	0x0000002D	[ 17] _mp_emit_bc_make_function
0x10000E77E	0x00000047	[ 17] _emit_write_bytecode_byte_raw_code
0x10000E7C5	0x00000062	[ 17] _mp_emit_bc_make_closure
0x10000E827	0x0000001A	[ 17] _mp_emit_bc_call_function
0x10000E841	0x00000027	[ 17] _emit_bc_call_function_method_helper
0x10000E868	0x0000001D	[ 17] _mp_emit_bc_call_method
0x10000E885	0x00000030	[ 17] _mp_emit_bc_return_value
0x10000E8B5	0x0000003E	[ 17] _mp_emit_bc_raise_varargs
0x10000E8F3	0x00000038	[ 17] _mp_emit_bc_yield
0x10000E92B	0x0000000F	[ 17] _mp_emit_bc_start_except_handler
0x10000E93A	0x00000011	[ 17] _mp_emit_bc_end_except_handler
0x10000E94B	0x00000038	[ 17] _emit_get_cur_to_write_code_info
0x10000E983	0x0000003F	[ 17] _emit_get_cur_to_write_bytecode
0x10000E9C2	0x00000025	[ 18] _mp_asm_base_init
0x10000E9E7	0x00000026	[ 18] _mp_asm_base_deinit
0x10000EA0D	0x00000059	[ 18] _mp_asm_base_start_pass
0x10000EA66	0x00000029	[ 18] _mp_asm_base_get_cur_to_write_bytes
0x10000EA8F	0x0000003E	[ 18] _mp_asm_base_label_assign
0x10000EACD	0x00000015	[ 18] _mp_asm_base_align
0x10000EAE2	0x00000041	[ 18] _mp_asm_base_data
0x10000EB23	0x0000000F	[ 19] _asm_x64_mov_r64_r64
0x10000EB32	0x00000054	[ 19] _asm_x64_generic_r64_r64
0x10000EB86	0x0000007D	[ 19] _asm_x64_mov_r8_to_mem8
0x10000EC03	0x000000BB	[ 19] _asm_x64_write_r64_disp
0x10000ECBE	0x00000083	[ 19] _asm_x64_mov_r16_to_mem16
0x10000ED41	0x0000007D	[ 19] _asm_x64_mov_r32_to_mem32
0x10000EDBE	0x0000005B	[ 19] _asm_x64_mov_r64_to_mem64
0x10000EE19	0x00000073	[ 19] _asm_x64_mov_mem8_to_r64zx
0x10000EE8C	0x00000073	[ 19] _asm_x64_mov_mem16_to_r64zx
0x10000EEFF	0x0000006D	[ 19] _asm_x64_mov_mem32_to_r64zx
0x10000EF6C	0x0000005B	[ 19] _asm_x64_mov_mem64_to_r64
0x10000EFC7	0x00000075	[ 19] _asm_x64_mov_i32_to_r64
0x10000F03C	0x0000005A	[ 19] _asm_x64_mov_i64_to_r64
0x10000F096	0x00000019	[ 19] _asm_x64_mov_i64_to_r64_optimised
0x10000F0AF	0x0000000F	[ 19] _asm_x64_and_r64_r64
0x10000F0BE	0x0000000F	[ 19] _asm_x64_or_r64_r64
0x10000F0CD	0x0000000F	[ 19] _asm_x64_xor_r64_r64
0x10000F0DC	0x00000038	[ 19] _asm_x64_shl_r64_cl
0x10000F114	0x00000038	[ 19] _asm_x64_shr_r64_cl
0x10000F14C	0x00000035	[ 19] _asm_x64_sar_r64_cl
0x10000F181	0x0000000F	[ 19] _asm_x64_add_r64_r64
0x10000F190	0x0000000F	[ 19] _asm_x64_sub_r64_r64
0x10000F19F	0x0000006A	[ 19] _asm_x64_mul_r64_r64
0x10000F209	0x00000015	[ 19] _asm_x64_cmp_r64_with_r64
0x10000F21E	0x00000044	[ 19] _asm_x64_test_r8_with_r8
0x10000F262	0x00000015	[ 19] _asm_x64_test_r64_with_r64
0x10000F277	0x0000003E	[ 19] _asm_x64_setcc_r8
0x10000F2B5	0x00000034	[ 19] _asm_x64_jmp_reg
0x10000F2E9	0x0000009B	[ 19] _asm_x64_jmp_label
0x10000F384	0x000000A9	[ 19] _asm_x64_jcc_label
0x10000F42D	0x00000088	[ 19] _asm_x64_entry
0x10000F4B5	0x00000076	[ 19] _asm_x64_sub_r64_i32
0x10000F52B	0x0000008A	[ 19] _asm_x64_exit
0x10000F5B5	0x00000018	[ 19] _asm_x64_mov_local_to_r64
0x10000F5CD	0x00000016	[ 19] _asm_x64_mov_r64_to_local
0x10000F5E3	0x00000093	[ 19] _asm_x64_mov_local_addr_to_r64
0x10000F676	0x0000008A	[ 19] _asm_x64_mov_reg_pcrel
0x10000F700	0x0000004B	[ 19] _asm_x64_call_ind
0x10000F74C	0x0000007A	[ 20] _emit_native_x64_new
0x10000F7C6	0x0000004C	[ 20] _emit_native_x64_free
0x10000F812	0x00000803	[ 20] _emit_native_start_pass
0x100010015	0x0000048B	[ 20] _emit_native_end_pass
0x1000104A0	0x0000000C	[ 20] _emit_native_last_emit_was_return_value
0x1000104AC	0x0000005E	[ 20] _emit_native_adjust_stack_size
0x10001050A	0x00000006	[ 20] _emit_native_set_source_line
0x100010510	0x0000009A	[ 20] _emit_native_load_local
0x1000105AA	0x00000075	[ 20] _emit_native_load_global
0x10001061F	0x000000D2	[ 20] _emit_native_store_local
0x1000106F1	0x0000012C	[ 20] _emit_native_store_global
0x10001081D	0x00000043	[ 20] _emit_native_delete_local
0x100010860	0x0000001F	[ 20] _emit_native_delete_global
0x10001087F	0x000000CD	[ 20] _emit_native_label_assign
0x10001094C	0x00000175	[ 20] _emit_native_import
0x100010AC1	0x0000003E	[ 20] _emit_native_load_const_tok
0x100010AFF	0x00000019	[ 20] _emit_native_load_const_small_int
0x100010B18	0x00000072	[ 20] _emit_native_load_const_str
0x100010B8A	0x00000054	[ 20] _emit_native_load_const_obj
0x100010BDE	0x00000015	[ 20] _emit_native_load_null
0x100010BF3	0x000000B5	[ 20] _emit_native_load_method
0x100010CA8	0x0000003A	[ 20] _emit_native_load_build_class
0x100010CE2	0x00000B12	[ 20] _emit_native_subscr
0x1000117F4	0x0000016C	[ 20] _emit_native_attr
0x100011960	0x00000063	[ 20] _emit_native_dup_top
0x1000119C3	0x000000B2	[ 20] _emit_native_dup_top_two
0x100011A75	0x00000018	[ 20] _emit_native_pop_top
0x100011A8D	0x00000092	[ 20] _emit_native_rot_two
0x100011B1F	0x000000DC	[ 20] _emit_native_rot_three
0x100011BFB	0x0000002C	[ 20] _emit_native_jump
0x100011C27	0x0000000F	[ 20] _emit_native_pop_jump_if
0x100011C36	0x0000000C	[ 20] _emit_native_jump_if_or_pop
0x100011C42	0x00000146	[ 20] _emit_native_unwind_jump
0x100011D88	0x000001CA	[ 20] _emit_native_setup_block
0x100011F52	0x00000234	[ 20] _emit_native_with_cleanup
0x100012186	0x00000124	[ 20] _emit_native_end_finally
0x1000122AA	0x000000C0	[ 20] _emit_native_get_iter
0x10001236A	0x0000007F	[ 20] _emit_native_for_iter
0x1000123E9	0x00000018	[ 20] _emit_native_for_iter_end
0x100012401	0x00000062	[ 20] _emit_native_pop_except_jump
0x100012463	0x000000A6	[ 20] _emit_native_unary_op
0x100012509	0x00000533	[ 20] _emit_native_binary_op
0x100012A3C	0x000001E4	[ 20] _emit_native_build
0x100012C20	0x000000E9	[ 20] _emit_native_store_map
0x100012D09	0x0000016B	[ 20] _emit_native_store_comp
0x100012E74	0x00000076	[ 20] _emit_native_unpack_sequence
0x100012EEA	0x0000008A	[ 20] _emit_native_unpack_ex
0x100012F74	0x0000011E	[ 20] _emit_native_make_function
0x100013092	0x000000B2	[ 20] _emit_native_make_closure
0x100013144	0x000001E2	[ 20] _emit_native_call_function
0x100013326	0x00000083	[ 20] _emit_native_call_method
0x1000133A9	0x000001F6	[ 20] _emit_native_return_value
0x10001359F	0x00000089	[ 20] _emit_native_raise_varargs
0x100013628	0x0000028D	[ 20] _emit_native_yield
0x1000138B5	0x00000038	[ 20] _emit_native_start_except_handler
0x1000138ED	0x00000011	[ 20] _emit_native_end_except_handler
0x1000138FE	0x00000047	[ 20] _emit_call_with_imm_arg
0x100013945	0x00000034	[ 20] _emit_native_mov_state_reg
0x100013979	0x000003A7	[ 20] _emit_native_global_exc_entry
0x100013D20	0x0000005F	[ 20] _need_reg_all
0x100013D7F	0x00000032	[ 20] _emit_native_mov_reg_state
0x100013DB1	0x0000003C	[ 20] _ensure_extra_stack
0x100013DED	0x0000003B	[ 20] _adjust_stack
0x100013E28	0x000000AB	[ 20] _emit_native_load_fast
0x100013ED3	0x00000051	[ 20] _emit_post_push_reg
0x100013F24	0x0000007C	[ 20] _need_reg_single
0x100013FA0	0x0000007B	[ 20] _emit_pre_pop_reg_flexible
0x10001401B	0x000000A6	[ 20] _emit_access_stack
0x1000140C1	0x000000BB	[ 20] _load_reg_stack_imm
0x10001417C	0x00000051	[ 20] _emit_post_push_imm
0x1000141CD	0x00000076	[ 20] _emit_call_with_qstr_arg
0x100014243	0x00000114	[ 20] _emit_native_store_fast
0x100014357	0x000000B9	[ 20] _need_stack_settled
0x100014410	0x00000085	[ 20] _emit_native_leave_exc_stack
0x100014495	0x00000087	[ 20] _emit_load_reg_with_ptr
0x10001451C	0x0000014D	[ 20] _emit_get_stack_pointer_to_reg_for_pop
0x100014669	0x0000007B	[ 20] _emit_get_stack_pointer_to_reg_for_push
0x1000146E4	0x00000055	[ 20] _emit_native_mov_reg_state_addr
0x100014739	0x000001A6	[ 20] _emit_native_jump_helper
0x1000148DF	0x0000009A	[ 20] _emit_native_push_exc_stack
0x100014979	0x0000005D	[ 20] _emit_call_with_2_imm_args
0x1000149D6	0x00000073	[ 20] _emit_fold_stack_top
0x100014A49	0x0000002F	[ 21] _asm_x86_mov_r32_r32
0x100014A78	0x00000042	[ 21] _asm_x86_mov_r8_to_mem8
0x100014ABA	0x000000B7	[ 21] _asm_x86_write_r32_disp
0x100014B71	0x00000044	[ 21] _asm_x86_mov_r16_to_mem16
0x100014BB5	0x00000042	[ 21] _asm_x86_mov_r32_to_mem32
0x100014BF7	0x00000044	[ 21] _asm_x86_mov_mem8_to_r32zx
0x100014C3B	0x00000044	[ 21] _asm_x86_mov_mem16_to_r32zx
0x100014C7F	0x00000042	[ 21] _asm_x86_mov_mem32_to_r32
0x100014CC1	0x00000050	[ 21] _asm_x86_mov_i32_to_r32
0x100014D11	0x0000002F	[ 21] _asm_x86_and_r32_r32
0x100014D40	0x0000002F	[ 21] _asm_x86_or_r32_r32
0x100014D6F	0x0000002F	[ 21] _asm_x86_xor_r32_r32
0x100014D9E	0x00000027	[ 21] _asm_x86_shl_r32_cl
0x100014DC5	0x00000027	[ 21] _asm_x86_shr_r32_cl
0x100014DEC	0x00000027	[ 21] _asm_x86_sar_r32_cl
0x100014E13	0x0000002F	[ 21] _asm_x86_add_r32_r32
0x100014E42	0x0000002F	[ 21] _asm_x86_sub_r32_r32
0x100014E71	0x00000031	[ 21] _asm_x86_mul_r32_r32
0x100014EA2	0x0000002F	[ 21] _asm_x86_cmp_r32_with_r32
0x100014ED1	0x0000002F	[ 21] _asm_x86_test_r8_with_r8
0x100014F00	0x0000002F	[ 21] _asm_x86_test_r32_with_r32
0x100014F2F	0x00000032	[ 21] _asm_x86_setcc_r8
0x100014F61	0x00000027	[ 21] _asm_x86_jmp_reg
0x100014F88	0x0000009B	[ 21] _asm_x86_jmp_label
0x100015023	0x000000A9	[ 21] _asm_x86_jcc_label
0x1000150CC	0x00000084	[ 21] _asm_x86_entry
0x100015150	0x0000006E	[ 21] _asm_x86_sub_r32_i32
0x1000151BE	0x00000086	[ 21] _asm_x86_exit
0x100015244	0x0000001B	[ 21] _asm_x86_mov_arg_to_r32
0x10001525F	0x00000018	[ 21] _asm_x86_mov_local_to_r32
0x100015277	0x00000016	[ 21] _asm_x86_mov_r32_to_local
0x10001528D	0x00000072	[ 21] _asm_x86_mov_local_addr_to_r32
0x1000152FF	0x000000BE	[ 21] _asm_x86_mov_reg_pcrel
0x1000153BD	0x000001AB	[ 21] _asm_x86_call_ind
0x100015568	0x0000007A	[ 22] _emit_native_x86_new
0x1000155E2	0x0000004C	[ 22] _emit_native_x86_free
0x10001562E	0x00000858	[ 22] _emit_native_start_pass
0x100015E86	0x00000489	[ 22] _emit_native_end_pass
0x10001630F	0x0000000C	[ 22] _emit_native_last_emit_was_return_value
0x10001631B	0x0000005E	[ 22] _emit_native_adjust_stack_size
0x100016379	0x00000006	[ 22] _emit_native_set_source_line
0x10001637F	0x0000009A	[ 22] _emit_native_load_local
0x100016419	0x00000072	[ 22] _emit_native_load_global
0x10001648B	0x000000D2	[ 22] _emit_native_store_local
0x10001655D	0x00000126	[ 22] _emit_native_store_global
0x100016683	0x00000043	[ 22] _emit_native_delete_local
0x1000166C6	0x0000001C	[ 22] _emit_native_delete_global
0x1000166E2	0x000000CD	[ 22] _emit_native_label_assign
0x1000167AF	0x00000171	[ 22] _emit_native_import
0x100016920	0x0000003E	[ 22] _emit_native_load_const_tok
0x10001695E	0x00000019	[ 22] _emit_native_load_const_small_int
0x100016977	0x00000072	[ 22] _emit_native_load_const_str
0x1000169E9	0x00000052	[ 22] _emit_native_load_const_obj
0x100016A3B	0x00000015	[ 22] _emit_native_load_null
0x100016A50	0x000000AF	[ 22] _emit_native_load_method
0x100016AFF	0x0000003C	[ 22] _emit_native_load_build_class
0x100016B3B	0x00000B05	[ 22] _emit_native_subscr
0x100017640	0x00000163	[ 22] _emit_native_attr
0x1000177A3	0x00000063	[ 22] _emit_native_dup_top
0x100017806	0x000000B2	[ 22] _emit_native_dup_top_two
0x1000178B8	0x00000018	[ 22] _emit_native_pop_top
0x1000178D0	0x00000092	[ 22] _emit_native_rot_two
0x100017962	0x000000DC	[ 22] _emit_native_rot_three
0x100017A3E	0x0000002C	[ 22] _emit_native_jump
0x100017A6A	0x0000000F	[ 22] _emit_native_pop_jump_if
0x100017A79	0x0000000C	[ 22] _emit_native_jump_if_or_pop
0x100017A85	0x00000146	[ 22] _emit_native_unwind_jump
0x100017BCB	0x000001C4	[ 22] _emit_native_setup_block
0x100017D8F	0x00000217	[ 22] _emit_native_with_cleanup
0x100017FA6	0x00000126	[ 22] _emit_native_end_finally
0x1000180CC	0x000000CB	[ 22] _emit_native_get_iter
0x100018197	0x00000081	[ 22] _emit_native_for_iter
0x100018218	0x00000018	[ 22] _emit_native_for_iter_end
0x100018230	0x00000062	[ 22] _emit_native_pop_except_jump
0x100018292	0x000000A3	[ 22] _emit_native_unary_op
0x100018335	0x0000052F	[ 22] _emit_native_binary_op
0x100018864	0x000001E0	[ 22] _emit_native_build
0x100018A44	0x000000EB	[ 22] _emit_native_store_map
0x100018B2F	0x00000174	[ 22] _emit_native_store_comp
0x100018CA3	0x00000073	[ 22] _emit_native_unpack_sequence
0x100018D16	0x00000087	[ 22] _emit_native_unpack_ex
0x100018D9D	0x0000011E	[ 22] _emit_native_make_function
0x100018EBB	0x000000B2	[ 22] _emit_native_make_closure
0x100018F6D	0x000001DC	[ 22] _emit_native_call_function
0x100019149	0x00000083	[ 22] _emit_native_call_method
0x1000191CC	0x000001E9	[ 22] _emit_native_return_value
0x1000193B5	0x0000008B	[ 22] _emit_native_raise_varargs
0x100019440	0x00000291	[ 22] _emit_native_yield
0x1000196D1	0x00000038	[ 22] _emit_native_start_except_handler
0x100019709	0x00000011	[ 22] _emit_native_end_except_handler
0x10001971A	0x00000052	[ 22] _emit_call_with_imm_arg
0x10001976C	0x00000034	[ 22] _emit_native_mov_state_reg
0x1000197A0	0x000003AC	[ 22] _emit_native_global_exc_entry
0x100019B4C	0x0000005F	[ 22] _need_reg_all
0x100019BAB	0x00000032	[ 22] _emit_native_mov_reg_state
0x100019BDD	0x0000003C	[ 22] _ensure_extra_stack
0x100019C19	0x0000003B	[ 22] _adjust_stack
0x100019C54	0x000000AB	[ 22] _emit_native_load_fast
0x100019CFF	0x00000051	[ 22] _emit_post_push_reg
0x100019D50	0x0000007C	[ 22] _need_reg_single
0x100019DCC	0x0000007B	[ 22] _emit_pre_pop_reg_flexible
0x100019E47	0x000000A6	[ 22] _emit_access_stack
0x100019EED	0x000000B7	[ 22] _load_reg_stack_imm
0x100019FA4	0x00000051	[ 22] _emit_post_push_imm
0x100019FF5	0x00000081	[ 22] _emit_call_with_qstr_arg
0x10001A076	0x00000114	[ 22] _emit_native_store_fast
0x10001A18A	0x000000B9	[ 22] _need_stack_settled
0x10001A243	0x00000085	[ 22] _emit_native_leave_exc_stack
0x10001A2C8	0x0000007A	[ 22] _emit_load_reg_with_ptr
0x10001A342	0x0000014A	[ 22] _emit_get_stack_pointer_to_reg_for_pop
0x10001A48C	0x0000007B	[ 22] _emit_get_stack_pointer_to_reg_for_push
0x10001A507	0x00000054	[ 22] _emit_native_mov_reg_state_addr
0x10001A55B	0x00000175	[ 22] _emit_native_jump_helper
0x10001A6D0	0x0000009A	[ 22] _emit_native_push_exc_stack
0x10001A76A	0x00000065	[ 22] _emit_call_with_2_imm_args
0x10001A7CF	0x00000070	[ 22] _emit_fold_stack_top
0x10001A83F	0x00000006	[ 23] _asm_thumb_end_pass
0x10001A845	0x00000147	[ 23] _asm_thumb_entry
0x10001A98C	0x0000002E	[ 23] _asm_thumb_op32
0x10001A9BA	0x00000021	[ 23] _asm_thumb_op16
0x10001A9DB	0x00000088	[ 23] _asm_thumb_exit
0x10001AA63	0x0000004D	[ 23] _asm_thumb_format_4
0x10001AAB0	0x00000057	[ 23] _asm_thumb_mov_reg_reg
0x10001AB07	0x00000073	[ 23] _asm_thumb_mov_reg_i16
0x10001AB7A	0x00000076	[ 23] _asm_thumb_b_n_label
0x10001ABF0	0x000000E5	[ 23] _asm_thumb_bcc_nw_label
0x10001ACD5	0x0000008D	[ 23] _asm_thumb_bl_label
0x10001AD62	0x00000049	[ 23] _asm_thumb_mov_reg_i32
0x10001ADAB	0x00000094	[ 23] _asm_thumb_mov_reg_i32_optimised
0x10001AE3F	0x00000041	[ 23] _asm_thumb_mov_local_reg
0x10001AE80	0x00000041	[ 23] _asm_thumb_mov_reg_local
0x10001AEC1	0x00000041	[ 23] _asm_thumb_mov_reg_local_addr
0x10001AF02	0x00000066	[ 23] _asm_thumb_mov_reg_pcrel
0x10001AF68	0x0000008A	[ 23] _asm_thumb_ldr_reg_reg_i12_optimised
0x10001AFF2	0x000000B2	[ 23] _asm_thumb_b_label
0x10001B0A4	0x000000C5	[ 23] _asm_thumb_bcc_label
0x10001B169	0x0000003D	[ 23] _asm_thumb_bl_ind
0x10001B1A8	0x0000007A	[ 24] _emit_native_thumb_new
0x10001B222	0x0000004C	[ 24] _emit_native_thumb_free
0x10001B26E	0x000007C2	[ 24] _emit_native_start_pass
0x10001BA30	0x00000451	[ 24] _emit_native_end_pass
0x10001BE81	0x0000000C	[ 24] _emit_native_last_emit_was_return_value
0x10001BE8D	0x0000005E	[ 24] _emit_native_adjust_stack_size
0x10001BEEB	0x00000006	[ 24] _emit_native_set_source_line
0x10001BEF1	0x0000009A	[ 24] _emit_native_load_local
0x10001BF8B	0x00000072	[ 24] _emit_native_load_global
0x10001BFFD	0x000000DA	[ 24] _emit_native_store_local
0x10001C0D7	0x00000126	[ 24] _emit_native_store_global
0x10001C1FD	0x00000043	[ 24] _emit_native_delete_local
0x10001C240	0x0000001C	[ 24] _emit_native_delete_global
0x10001C25C	0x000000CD	[ 24] _emit_native_label_assign
0x10001C329	0x0000016F	[ 24] _emit_native_import
0x10001C498	0x0000003E	[ 24] _emit_native_load_const_tok
0x10001C4D6	0x00000019	[ 24] _emit_native_load_const_small_int
0x10001C4EF	0x00000072	[ 24] _emit_native_load_const_str
0x10001C561	0x00000052	[ 24] _emit_native_load_const_obj
0x10001C5B3	0x00000015	[ 24] _emit_native_load_null
0x10001C5C8	0x000000AF	[ 24] _emit_native_load_method
0x10001C677	0x0000003D	[ 24] _emit_native_load_build_class
0x10001C6B4	0x00000BD4	[ 24] _emit_native_subscr
0x10001D288	0x00000168	[ 24] _emit_native_attr
0x10001D3F0	0x00000063	[ 24] _emit_native_dup_top
0x10001D453	0x000000B2	[ 24] _emit_native_dup_top_two
0x10001D505	0x00000018	[ 24] _emit_native_pop_top
0x10001D51D	0x00000092	[ 24] _emit_native_rot_two
0x10001D5AF	0x000000DC	[ 24] _emit_native_rot_three
0x10001D68B	0x0000002C	[ 24] _emit_native_jump
0x10001D6B7	0x0000000F	[ 24] _emit_native_pop_jump_if
0x10001D6C6	0x0000000C	[ 24] _emit_native_jump_if_or_pop
0x10001D6D2	0x0000014A	[ 24] _emit_native_unwind_jump
0x10001D81C	0x000001C4	[ 24] _emit_native_setup_block
0x10001D9E0	0x00000211	[ 24] _emit_native_with_cleanup
0x10001DBF1	0x00000126	[ 24] _emit_native_end_finally
0x10001DD17	0x000000C3	[ 24] _emit_native_get_iter
0x10001DDDA	0x0000007D	[ 24] _emit_native_for_iter
0x10001DE57	0x00000018	[ 24] _emit_native_for_iter_end
0x10001DE6F	0x00000062	[ 24] _emit_native_pop_except_jump
0x10001DED1	0x000000A3	[ 24] _emit_native_unary_op
0x10001DF74	0x000004EC	[ 24] _emit_native_binary_op
0x10001E460	0x000001DE	[ 24] _emit_native_build
0x10001E63E	0x000000E9	[ 24] _emit_native_store_map
0x10001E727	0x0000016B	[ 24] _emit_native_store_comp
0x10001E892	0x00000073	[ 24] _emit_native_unpack_sequence
0x10001E905	0x00000087	[ 24] _emit_native_unpack_ex
0x10001E98C	0x0000011C	[ 24] _emit_native_make_function
0x10001EAA8	0x000000B0	[ 24] _emit_native_make_closure
0x10001EB58	0x000001DC	[ 24] _emit_native_call_function
0x10001ED34	0x00000083	[ 24] _emit_native_call_method
0x10001EDB7	0x000001E7	[ 24] _emit_native_return_value
0x10001EF9E	0x00000089	[ 24] _emit_native_raise_varargs
0x10001F027	0x0000028E	[ 24] _emit_native_yield
0x10001F2B5	0x00000038	[ 24] _emit_native_start_except_handler
0x10001F2ED	0x00000011	[ 24] _emit_native_end_except_handler
0x10001F2FE	0x0000004A	[ 24] _emit_call_with_imm_arg
0x10001F348	0x00000032	[ 24] _emit_native_mov_state_reg
0x10001F37A	0x0000039E	[ 24] _emit_native_global_exc_entry
0x10001F718	0x0000005F	[ 24] _need_reg_all
0x10001F777	0x0000002D	[ 24] _emit_native_mov_reg_state
0x10001F7A4	0x0000003C	[ 24] _ensure_extra_stack
0x10001F7E0	0x0000003B	[ 24] _adjust_stack
0x10001F81B	0x000000AB	[ 24] _emit_native_load_fast
0x10001F8C6	0x00000051	[ 24] _emit_post_push_reg
0x10001F917	0x0000007C	[ 24] _need_reg_single
0x10001F993	0x0000007B	[ 24] _emit_pre_pop_reg_flexible
0x10001FA0E	0x000000A6	[ 24] _emit_access_stack
0x10001FAB4	0x000000A8	[ 24] _load_reg_stack_imm
0x10001FB5C	0x00000051	[ 24] _emit_post_push_imm
0x10001FBAD	0x0000007E	[ 24] _emit_call_with_qstr_arg
0x10001FC2B	0x00000114	[ 24] _emit_native_store_fast
0x10001FD3F	0x000000B9	[ 24] _need_stack_settled
0x10001FDF8	0x0000008A	[ 24] _emit_native_leave_exc_stack
0x10001FE82	0x00000076	[ 24] _emit_load_reg_with_ptr
0x10001FEF8	0x0000014A	[ 24] _emit_get_stack_pointer_to_reg_for_pop
0x100020042	0x0000007B	[ 24] _emit_get_stack_pointer_to_reg_for_push
0x1000200BD	0x00000064	[ 24] _emit_native_mov_reg_state_addr
0x100020121	0x0000016A	[ 24] _emit_native_jump_helper
0x10002028B	0x0000009B	[ 24] _emit_native_push_exc_stack
0x100020326	0x0000005D	[ 24] _emit_call_with_2_imm_args
0x100020383	0x00000070	[ 24] _emit_fold_stack_top
0x1000203F4	0x0000005B	[ 25] _emit_inline_thumb_new
0x10002044F	0x0000002A	[ 25] _emit_inline_thumb_free
0x100020479	0x00000050	[ 25] _emit_inline_thumb_start_pass
0x1000204C9	0x0000001C	[ 25] _emit_inline_thumb_end_pass
0x1000204E5	0x000000B8	[ 25] _emit_inline_thumb_count_params
0x10002059D	0x00000044	[ 25] _emit_inline_thumb_label
0x1000205E1	0x000010AF	[ 25] _emit_inline_thumb_op
0x100021690	0x000000AC	[ 25] _get_arg_vfpreg
0x10002173C	0x000000C7	[ 25] _get_arg_reg
0x100021803	0x00000078	[ 25] _get_arg_addr
0x10002187B	0x0000007E	[ 25] _get_arg_i
0x1000218F9	0x0000007C	[ 25] _get_arg_label
0x100021975	0x00000168	[ 25] _get_arg_reglist
0x100021ADD	0x00000006	[ 26] _asm_arm_end_pass
0x100021AE3	0x0000007A	[ 26] _asm_arm_entry
0x100021B5D	0x00000063	[ 26] _asm_arm_exit
0x100021BC0	0x0000002E	[ 26] _asm_arm_mov_reg_reg
0x100021BEE	0x0000006B	[ 26] _asm_arm_mov_reg_i32
0x100021C59	0x00000071	[ 26] _asm_arm_mov_reg_i32_optimised
0x100021CCA	0x00000032	[ 26] _asm_arm_mov_local_reg
0x100021CFC	0x00000032	[ 26] _asm_arm_mov_reg_local
0x100021D2E	0x00000031	[ 26] _asm_arm_cmp_reg_i8
0x100021D5F	0x0000002E	[ 26] _asm_arm_cmp_reg_reg
0x100021D8D	0x00000060	[ 26] _asm_arm_setcc_reg
0x100021DED	0x00000041	[ 26] _asm_arm_add_reg_reg_reg
0x100021E2E	0x00000041	[ 26] _asm_arm_sub_reg_reg_reg
0x100021E6F	0x0000004A	[ 26] _asm_arm_mul_reg_reg_reg
0x100021EB9	0x00000041	[ 26] _asm_arm_and_reg_reg_reg
0x100021EFA	0x00000041	[ 26] _asm_arm_eor_reg_reg_reg
0x100021F3B	0x00000041	[ 26] _asm_arm_orr_reg_reg_reg
0x100021F7C	0x00000033	[ 26] _asm_arm_mov_reg_local_addr
0x100021FAF	0x000000AC	[ 26] _asm_arm_mov_reg_pcrel
0x10002205B	0x00000036	[ 26] _asm_arm_lsl_reg_reg
0x100022091	0x00000036	[ 26] _asm_arm_lsr_reg_reg
0x1000220C7	0x00000036	[ 26] _asm_arm_asr_reg_reg
0x1000220FD	0x00000041	[ 26] _asm_arm_ldr_reg_reg
0x10002213E	0x00000032	[ 26] _asm_arm_ldrh_reg_reg
0x100022170	0x00000032	[ 26] _asm_arm_ldrb_reg_reg
0x1000221A2	0x00000041	[ 26] _asm_arm_str_reg_reg
0x1000221E3	0x00000032	[ 26] _asm_arm_strh_reg_reg
0x100022215	0x00000032	[ 26] _asm_arm_strb_reg_reg
0x100022247	0x00000041	[ 26] _asm_arm_str_reg_reg_reg
0x100022288	0x0000005C	[ 26] _asm_arm_strh_reg_reg_reg
0x1000222E4	0x00000041	[ 26] _asm_arm_strb_reg_reg_reg
0x100022325	0x00000080	[ 26] _asm_arm_bcc_label
0x1000223A5	0x00000011	[ 26] _asm_arm_b_label
0x1000223B6	0x00000050	[ 26] _asm_arm_bl_ind
0x100022406	0x00000026	[ 26] _asm_arm_bx_reg
0x10002242C	0x0000007A	[ 27] _emit_native_arm_new
0x1000224A6	0x0000004C	[ 27] _emit_native_arm_free
0x1000224F2	0x000007D0	[ 27] _emit_native_start_pass
0x100022CC2	0x00000450	[ 27] _emit_native_end_pass
0x100023112	0x0000000C	[ 27] _emit_native_last_emit_was_return_value
0x10002311E	0x0000005E	[ 27] _emit_native_adjust_stack_size
0x10002317C	0x00000006	[ 27] _emit_native_set_source_line
0x100023182	0x0000009A	[ 27] _emit_native_load_local
0x10002321C	0x00000072	[ 27] _emit_native_load_global
0x10002328E	0x000000D2	[ 27] _emit_native_store_local
0x100023360	0x00000126	[ 27] _emit_native_store_global
0x100023486	0x00000043	[ 27] _emit_native_delete_local
0x1000234C9	0x0000001C	[ 27] _emit_native_delete_global
0x1000234E5	0x000000CD	[ 27] _emit_native_label_assign
0x1000235B2	0x0000016F	[ 27] _emit_native_import
0x100023721	0x0000003E	[ 27] _emit_native_load_const_tok
0x10002375F	0x00000019	[ 27] _emit_native_load_const_small_int
0x100023778	0x00000072	[ 27] _emit_native_load_const_str
0x1000237EA	0x00000052	[ 27] _emit_native_load_const_obj
0x10002383C	0x00000015	[ 27] _emit_native_load_null
0x100023851	0x000000AF	[ 27] _emit_native_load_method
0x100023900	0x0000003D	[ 27] _emit_native_load_build_class
0x10002393D	0x00000A53	[ 27] _emit_native_subscr
0x100024390	0x00000168	[ 27] _emit_native_attr
0x1000244F8	0x00000063	[ 27] _emit_native_dup_top
0x10002455B	0x000000B2	[ 27] _emit_native_dup_top_two
0x10002460D	0x00000018	[ 27] _emit_native_pop_top
0x100024625	0x00000092	[ 27] _emit_native_rot_two
0x1000246B7	0x000000DC	[ 27] _emit_native_rot_three
0x100024793	0x0000002C	[ 27] _emit_native_jump
0x1000247BF	0x0000000F	[ 27] _emit_native_pop_jump_if
0x1000247CE	0x0000000C	[ 27] _emit_native_jump_if_or_pop
0x1000247DA	0x00000147	[ 27] _emit_native_unwind_jump
0x100024921	0x000001C4	[ 27] _emit_native_setup_block
0x100024AE5	0x0000020F	[ 27] _emit_native_with_cleanup
0x100024CF4	0x00000122	[ 27] _emit_native_end_finally
0x100024E16	0x000000C3	[ 27] _emit_native_get_iter
0x100024ED9	0x0000007C	[ 27] _emit_native_for_iter
0x100024F55	0x00000018	[ 27] _emit_native_for_iter_end
0x100024F6D	0x00000062	[ 27] _emit_native_pop_except_jump
0x100024FCF	0x000000A3	[ 27] _emit_native_unary_op
0x100025072	0x000004E2	[ 27] _emit_native_binary_op
0x100025554	0x000001DE	[ 27] _emit_native_build
0x100025732	0x000000E9	[ 27] _emit_native_store_map
0x10002581B	0x0000016B	[ 27] _emit_native_store_comp
0x100025986	0x00000073	[ 27] _emit_native_unpack_sequence
0x1000259F9	0x00000087	[ 27] _emit_native_unpack_ex
0x100025A80	0x0000011C	[ 27] _emit_native_make_function
0x100025B9C	0x000000B0	[ 27] _emit_native_make_closure
0x100025C4C	0x000001DC	[ 27] _emit_native_call_function
0x100025E28	0x00000083	[ 27] _emit_native_call_method
0x100025EAB	0x000001E7	[ 27] _emit_native_return_value
0x100026092	0x00000089	[ 27] _emit_native_raise_varargs
0x10002611B	0x0000028D	[ 27] _emit_native_yield
0x1000263A8	0x00000038	[ 27] _emit_native_start_except_handler
0x1000263E0	0x00000011	[ 27] _emit_native_end_except_handler
0x1000263F1	0x0000004A	[ 27] _emit_call_with_imm_arg
0x10002643B	0x00000032	[ 27] _emit_native_mov_state_reg
0x10002646D	0x0000039B	[ 27] _emit_native_global_exc_entry
0x100026808	0x0000005F	[ 27] _need_reg_all
0x100026867	0x00000030	[ 27] _emit_native_mov_reg_state
0x100026897	0x0000003C	[ 27] _ensure_extra_stack
0x1000268D3	0x0000003B	[ 27] _adjust_stack
0x10002690E	0x000000AB	[ 27] _emit_native_load_fast
0x1000269B9	0x00000051	[ 27] _emit_post_push_reg
0x100026A0A	0x0000007C	[ 27] _need_reg_single
0x100026A86	0x0000007B	[ 27] _emit_pre_pop_reg_flexible
0x100026B01	0x000000A6	[ 27] _emit_access_stack
0x100026BA7	0x000000AD	[ 27] _load_reg_stack_imm
0x100026C54	0x00000051	[ 27] _emit_post_push_imm
0x100026CA5	0x00000079	[ 27] _emit_call_with_qstr_arg
0x100026D1E	0x00000114	[ 27] _emit_native_store_fast
0x100026E32	0x000000B9	[ 27] _need_stack_settled
0x100026EEB	0x00000087	[ 27] _emit_native_leave_exc_stack
0x100026F72	0x0000007A	[ 27] _emit_load_reg_with_ptr
0x100026FEC	0x0000014A	[ 27] _emit_get_stack_pointer_to_reg_for_pop
0x100027136	0x0000007B	[ 27] _emit_get_stack_pointer_to_reg_for_push
0x1000271B1	0x00000053	[ 27] _emit_native_mov_reg_state_addr
0x100027204	0x0000016E	[ 27] _emit_native_jump_helper
0x100027372	0x0000009B	[ 27] _emit_native_push_exc_stack
0x10002740D	0x0000005D	[ 27] _emit_call_with_2_imm_args
0x10002746A	0x00000070	[ 27] _emit_fold_stack_top
0x1000274DA	0x00000013	[ 28] _asm_xtensa_end_pass
0x1000274ED	0x0000012B	[ 28] _asm_xtensa_entry
0x100027618	0x000000E1	[ 28] _asm_xtensa_exit
0x1000276F9	0x000000A5	[ 28] _asm_xtensa_entry_win
0x10002779E	0x0000003B	[ 28] _asm_xtensa_exit_win
0x1000277D9	0x00000021	[ 28] _asm_xtensa_op16
0x1000277FA	0x00000029	[ 28] _asm_xtensa_op24
0x100027823	0x0000004E	[ 28] _asm_xtensa_j_label
0x100027871	0x00000092	[ 28] _asm_xtensa_bccz_reg_label
0x100027903	0x000000A4	[ 28] _asm_xtensa_bcc_reg_reg_label
0x1000279A7	0x00000095	[ 28] _asm_xtensa_setcc_reg_reg_reg
0x100027A3C	0x0000008D	[ 28] _asm_xtensa_mov_reg_i32
0x100027AC9	0x00000065	[ 28] _asm_xtensa_mov_reg_i32_optimised
0x100027B2E	0x0000003F	[ 28] _asm_xtensa_mov_local_reg
0x100027B6D	0x0000003F	[ 28] _asm_xtensa_mov_reg_local
0x100027BAC	0x000000C4	[ 28] _asm_xtensa_mov_reg_local_addr
0x100027C70	0x000000D5	[ 28] _asm_xtensa_mov_reg_pcrel
0x100027D45	0x0000006B	[ 28] _asm_xtensa_call_ind
0x100027DB0	0x0000006B	[ 28] _asm_xtensa_call_ind_win
0x100027E1C	0x0000007A	[ 29] _emit_native_xtensa_new
0x100027E96	0x0000004C	[ 29] _emit_native_xtensa_free
0x100027EE2	0x000007AF	[ 29] _emit_native_start_pass
0x100028691	0x00000441	[ 29] _emit_native_end_pass
0x100028AD2	0x0000000C	[ 29] _emit_native_last_emit_was_return_value
0x100028ADE	0x0000005E	[ 29] _emit_native_adjust_stack_size
0x100028B3C	0x00000006	[ 29] _emit_native_set_source_line
0x100028B42	0x000000A4	[ 29] _emit_native_load_local
0x100028BE6	0x00000078	[ 29] _emit_native_load_global
0x100028C5E	0x000000E2	[ 29] _emit_native_store_local
0x100028D40	0x0000012A	[ 29] _emit_native_store_global
0x100028E6A	0x00000043	[ 29] _emit_native_delete_local
0x100028EAD	0x0000001F	[ 29] _emit_native_delete_global
0x100028ECC	0x000000D7	[ 29] _emit_native_label_assign
0x100028FA3	0x00000176	[ 29] _emit_native_import
0x100029119	0x0000003E	[ 29] _emit_native_load_const_tok
0x100029157	0x00000019	[ 29] _emit_native_load_const_small_int
0x100029170	0x0000007B	[ 29] _emit_native_load_const_str
0x1000291EB	0x00000058	[ 29] _emit_native_load_const_obj
0x100029243	0x00000015	[ 29] _emit_native_load_null
0x100029258	0x000000B5	[ 29] _emit_native_load_method
0x10002930D	0x0000003B	[ 29] _emit_native_load_build_class
0x100029348	0x00000B50	[ 29] _emit_native_subscr
0x100029E98	0x0000016A	[ 29] _emit_native_attr
0x10002A002	0x00000063	[ 29] _emit_native_dup_top
0x10002A065	0x000000BB	[ 29] _emit_native_dup_top_two
0x10002A120	0x00000018	[ 29] _emit_native_pop_top
0x10002A138	0x00000098	[ 29] _emit_native_rot_two
0x10002A1D0	0x000000E2	[ 29] _emit_native_rot_three
0x10002A2B2	0x0000002C	[ 29] _emit_native_jump
0x10002A2DE	0x0000000F	[ 29] _emit_native_pop_jump_if
0x10002A2ED	0x0000000C	[ 29] _emit_native_jump_if_or_pop
0x10002A2F9	0x00000158	[ 29] _emit_native_unwind_jump
0x10002A451	0x000001CD	[ 29] _emit_native_setup_block
0x10002A61E	0x000001FC	[ 29] _emit_native_with_cleanup
0x10002A81A	0x0000011B	[ 29] _emit_native_end_finally
0x10002A935	0x000000BF	[ 29] _emit_native_get_iter
0x10002A9F4	0x00000072	[ 29] _emit_native_for_iter
0x10002AA66	0x00000018	[ 29] _emit_native_for_iter_end
0x10002AA7E	0x00000068	[ 29] _emit_native_pop_except_jump
0x10002AAE6	0x000000A9	[ 29] _emit_native_unary_op
0x10002AB8F	0x00000525	[ 29] _emit_native_binary_op
0x10002B0B4	0x000001DE	[ 29] _emit_native_build
0x10002B292	0x000000EA	[ 29] _emit_native_store_map
0x10002B37C	0x00000169	[ 29] _emit_native_store_comp
0x10002B4E5	0x00000076	[ 29] _emit_native_unpack_sequence
0x10002B55B	0x0000008A	[ 29] _emit_native_unpack_ex
0x10002B5E5	0x0000011A	[ 29] _emit_native_make_function
0x10002B6FF	0x000000AE	[ 29] _emit_native_make_closure
0x10002B7AD	0x000001E5	[ 29] _emit_native_call_function
0x10002B992	0x00000086	[ 29] _emit_native_call_method
0x10002BA18	0x000001FA	[ 29] _emit_native_return_value
0x10002BC12	0x00000087	[ 29] _emit_native_raise_varargs
0x10002BC99	0x00000296	[ 29] _emit_native_yield
0x10002BF2F	0x0000003E	[ 29] _emit_native_start_except_handler
0x10002BF6D	0x00000011	[ 29] _emit_native_end_except_handler
0x10002BF7E	0x00000045	[ 29] _emit_call_with_imm_arg
0x10002BFC3	0x00000038	[ 29] _emit_native_mov_state_reg
0x10002BFFB	0x0000036B	[ 29] _emit_native_global_exc_entry
0x10002C366	0x0000005F	[ 29] _need_reg_all
0x10002C3C5	0x00000038	[ 29] _emit_native_mov_reg_state
0x10002C3FD	0x0000003C	[ 29] _ensure_extra_stack
0x10002C439	0x0000003B	[ 29] _adjust_stack
0x10002C474	0x000000B4	[ 29] _emit_native_load_fast
0x10002C528	0x00000051	[ 29] _emit_post_push_reg
0x10002C579	0x0000007C	[ 29] _need_reg_single
0x10002C5F5	0x0000007B	[ 29] _emit_pre_pop_reg_flexible
0x10002C670	0x000000B5	[ 29] _emit_access_stack
0x10002C725	0x000000AA	[ 29] _load_reg_stack_imm
0x10002C7CF	0x00000051	[ 29] _emit_post_push_imm
0x10002C820	0x00000074	[ 29] _emit_call_with_qstr_arg
0x10002C894	0x0000011A	[ 29] _emit_native_store_fast
0x10002C9AE	0x000000BF	[ 29] _need_stack_settled
0x10002CA6D	0x0000008C	[ 29] _emit_native_leave_exc_stack
0x10002CAF9	0x0000007D	[ 29] _emit_load_reg_with_ptr
0x10002CB76	0x00000150	[ 29] _emit_get_stack_pointer_to_reg_for_pop
0x10002CCC6	0x0000007B	[ 29] _emit_get_stack_pointer_to_reg_for_push
0x10002CD41	0x0000005B	[ 29] _emit_native_mov_reg_state_addr
0x10002CD9C	0x00000150	[ 29] _emit_native_jump_helper
0x10002CEEC	0x000000A1	[ 29] _emit_native_push_exc_stack
0x10002CF8D	0x0000005B	[ 29] _emit_call_with_2_imm_args
0x10002CFE8	0x00000073	[ 29] _emit_fold_stack_top
0x10002D05C	0x00000063	[ 30] _emit_inline_xtensa_new
0x10002D0BF	0x0000002A	[ 30] _emit_inline_xtensa_free
0x10002D0E9	0x00000050	[ 30] _emit_inline_xtensa_start_pass
0x10002D139	0x0000001C	[ 30] _emit_inline_xtensa_end_pass
0x10002D155	0x000000B8	[ 30] _emit_inline_xtensa_count_params
0x10002D20D	0x00000044	[ 30] _emit_inline_xtensa_label
0x10002D251	0x000003AB	[ 30] _emit_inline_xtensa_op
0x10002D5FC	0x000000A8	[ 30] _get_arg_reg
0x10002D6A4	0x0000007C	[ 30] _get_arg_label
0x10002D720	0x000000A2	[ 30] _get_arg_i
0x10002D7C4	0x0000007A	[ 31] _emit_native_xtensawin_new
0x10002D83E	0x0000004C	[ 31] _emit_native_xtensawin_free
0x10002D88A	0x00000832	[ 31] _emit_native_start_pass
0x10002E0BC	0x000004BA	[ 31] _emit_native_end_pass
0x10002E576	0x0000000C	[ 31] _emit_native_last_emit_was_return_value
0x10002E582	0x0000005E	[ 31] _emit_native_adjust_stack_size
0x10002E5E0	0x00000006	[ 31] _emit_native_set_source_line
0x10002E5E6	0x000000A4	[ 31] _emit_native_load_local
0x10002E68A	0x00000078	[ 31] _emit_native_load_global
0x10002E702	0x000000E2	[ 31] _emit_native_store_local
0x10002E7E4	0x0000012A	[ 31] _emit_native_store_global
0x10002E90E	0x00000043	[ 31] _emit_native_delete_local
0x10002E951	0x0000001F	[ 31] _emit_native_delete_global
0x10002E970	0x000000D7	[ 31] _emit_native_label_assign
0x10002EA47	0x00000176	[ 31] _emit_native_import
0x10002EBBD	0x0000003E	[ 31] _emit_native_load_const_tok
0x10002EBFB	0x00000019	[ 31] _emit_native_load_const_small_int
0x10002EC14	0x0000007B	[ 31] _emit_native_load_const_str
0x10002EC8F	0x00000058	[ 31] _emit_native_load_const_obj
0x10002ECE7	0x00000015	[ 31] _emit_native_load_null
0x10002ECFC	0x000000B5	[ 31] _emit_native_load_method
0x10002EDB1	0x0000003B	[ 31] _emit_native_load_build_class
0x10002EDEC	0x00000B54	[ 31] _emit_native_subscr
0x10002F940	0x0000016A	[ 31] _emit_native_attr
0x10002FAAA	0x00000063	[ 31] _emit_native_dup_top
0x10002FB0D	0x000000BB	[ 31] _emit_native_dup_top_two
0x10002FBC8	0x00000018	[ 31] _emit_native_pop_top
0x10002FBE0	0x00000098	[ 31] _emit_native_rot_two
0x10002FC78	0x000000E2	[ 31] _emit_native_rot_three
0x10002FD5A	0x0000002C	[ 31] _emit_native_jump
0x10002FD86	0x0000000F	[ 31] _emit_native_pop_jump_if
0x10002FD95	0x0000000C	[ 31] _emit_native_jump_if_or_pop
0x10002FDA1	0x00000158	[ 31] _emit_native_unwind_jump
0x10002FEF9	0x000001CD	[ 31] _emit_native_setup_block
0x1000300C6	0x000001FC	[ 31] _emit_native_with_cleanup
0x1000302C2	0x0000011B	[ 31] _emit_native_end_finally
0x1000303DD	0x000000BF	[ 31] _emit_native_get_iter
0x10003049C	0x00000072	[ 31] _emit_native_for_iter
0x10003050E	0x00000018	[ 31] _emit_native_for_iter_end
0x100030526	0x00000068	[ 31] _emit_native_pop_except_jump
0x10003058E	0x000000A9	[ 31] _emit_native_unary_op
0x100030637	0x00000525	[ 31] _emit_native_binary_op
0x100030B5C	0x000001DE	[ 31] _emit_native_build
0x100030D3A	0x000000EA	[ 31] _emit_native_store_map
0x100030E24	0x00000169	[ 31] _emit_native_store_comp
0x100030F8D	0x00000076	[ 31] _emit_native_unpack_sequence
0x100031003	0x0000008A	[ 31] _emit_native_unpack_ex
0x10003108D	0x0000011A	[ 31] _emit_native_make_function
0x1000311A7	0x000000AE	[ 31] _emit_native_make_closure
0x100031255	0x000001E5	[ 31] _emit_native_call_function
0x10003143A	0x00000086	[ 31] _emit_native_call_method
0x1000314C0	0x0000021A	[ 31] _emit_native_return_value
0x1000316DA	0x00000087	[ 31] _emit_native_raise_varargs
0x100031761	0x00000296	[ 31] _emit_native_yield
0x1000319F7	0x0000003E	[ 31] _emit_native_start_except_handler
0x100031A35	0x00000011	[ 31] _emit_native_end_except_handler
0x100031A46	0x00000045	[ 31] _emit_call_with_imm_arg
0x100031A8B	0x00000037	[ 31] _emit_native_mov_state_reg
0x100031AC2	0x00000415	[ 31] _emit_native_global_exc_entry
0x100031ED7	0x0000005F	[ 31] _need_reg_all
0x100031F36	0x00000037	[ 31] _emit_native_mov_reg_state
0x100031F6D	0x0000003C	[ 31] _ensure_extra_stack
0x100031FA9	0x0000003B	[ 31] _adjust_stack
0x100031FE4	0x000000B4	[ 31] _emit_native_load_fast
0x100032098	0x00000051	[ 31] _emit_post_push_reg
0x1000320E9	0x0000007C	[ 31] _need_reg_single
0x100032165	0x0000007B	[ 31] _emit_pre_pop_reg_flexible
0x1000321E0	0x000000B5	[ 31] _emit_access_stack
0x100032295	0x000000AA	[ 31] _load_reg_stack_imm
0x10003233F	0x00000051	[ 31] _emit_post_push_imm
0x100032390	0x00000074	[ 31] _emit_call_with_qstr_arg
0x100032404	0x0000011A	[ 31] _emit_native_store_fast
0x10003251E	0x000000BF	[ 31] _need_stack_settled
0x1000325DD	0x0000008C	[ 31] _emit_native_leave_exc_stack
0x100032669	0x0000007D	[ 31] _emit_load_reg_with_ptr
0x1000326E6	0x00000150	[ 31] _emit_get_stack_pointer_to_reg_for_pop
0x100032836	0x0000007B	[ 31] _emit_get_stack_pointer_to_reg_for_push
0x1000328B1	0x00000057	[ 31] _emit_native_mov_reg_state_addr
0x100032908	0x00000150	[ 31] _emit_native_jump_helper
0x100032A58	0x000000A1	[ 31] _emit_native_push_exc_stack
0x100032AF9	0x0000005B	[ 31] _emit_call_with_2_imm_args
0x100032B54	0x00000073	[ 31] _emit_fold_stack_top
0x100032BC7	0x00000656	[ 32] _mp_format_float
0x10003321D	0x000000B5	[ 33] _mp_parse_num_base
0x1000332D2	0x000001D6	[ 34] _mp_parse_num_integer
0x1000334A8	0x00000034	[ 34] _raise_exc
0x1000334DC	0x0000036F	[ 34] _mp_parse_num_decimal
0x10003384B	0x0000001A	[ 35] _mp_emit_glue_new_raw_code
0x100033865	0x00000032	[ 35] _mp_emit_glue_assign_bytecode
0x100033897	0x00000072	[ 35] _mp_emit_glue_assign_native
0x100033909	0x000000CC	[ 36] _mp_raw_code_save
0x1000339D5	0x0000007E	[ 36] _mp_raw_code_has_native
0x100033A53	0x00000061	[ 36] _mp_print_uint
0x100033AB4	0x0000042F	[ 36] _save_raw_code
0x100033EE3	0x0000004F	[ 36] _mp_raw_code_save_file
0x100033F32	0x0000000A	[ 36] _fd_print_strn
0x100033F3C	0x0000015B	[ 36] _extract_prelude
0x100034097	0x0000004A	[ 36] _save_prelude_qstrs
0x1000340E1	0x0000010B	[ 36] _save_qstr
0x1000341EC	0x0000006E	[ 37] _mp_init
0x10003425A	0x00000006	[ 37] _mp_deinit
0x100034262	0x00000073	[ 37] _mp_raise_msg_varg
0x1000342D8	0x000001DC	[ 37] _mp_unary_op
0x1000344B4	0x00000564	[ 37] _mp_binary_op
0x100034A18	0x00000013	[ 37] _mp_raise_ValueError
0x100034A2B	0x000000FF	[ 37] _mp_getiter
0x100034B2A	0x0000010D	[ 37] _mp_iternext
0x100034C37	0x00000023	[ 37] _mp_raise_msg
0x100034C5A	0x00000058	[ 37] _mp_call_function_n_kw
0x100034CB2	0x00000021	[ 37] _mp_call_function_1
0x100034CD3	0x00000030	[ 37] _mp_call_method_n_kw
0x100034D04	0x000000B1	[ 37] _mp_convert_member_lookup
0x100034DB5	0x000000C1	[ 37] _mp_load_method_maybe
0x100034E76	0x000000C3	[ 37] _mp_iternext_allow_raise
0x100034F3A	0x00000035	[ 37] _m_malloc_fail
0x100034F6F	0x00000013	[ 37] _mp_raise_TypeError
0x100034F82	0x00000020	[ 37] _mp_raise_OSError
0x100034FA2	0x00000013	[ 37] _mp_raise_NotImplementedError
0x100034FB5	0x0000001D	[ 37] _mp_raise_recursion_depth
0x100034FD2	0x00000066	[ 37] _checked_fun_call
0x100035038	0x0000008C	[ 40] _mp_native_type_from_qstr
0x1000350C4	0x00000014	[ 43] _mp_stack_ctrl_init
0x1000350D8	0x00000011	[ 43] _mp_stack_set_limit
0x1000350E9	0x0000002A	[ 43] _mp_stack_check
0x100035113	0x0000007D	[ 44] _mp_arg_check_num_sig
0x100035190	0x0000013C	[ 44] _mp_arg_parse_all
0x1000352CC	0x00000054	[ 44] _mp_arg_parse_all_kw_array
0x100035320	0x00000010	[ 44] _mp_arg_error_unimpl_kw
0x100035330	0x0000003F	[ 46] _mp_map_init
0x10003536F	0x00000019	[ 46] _mp_map_init_fixed_table
0x100035388	0x00000031	[ 46] _mp_map_deinit
0x1000353B9	0x00000037	[ 46] _mp_map_clear
0x1000353F0	0x0000023C	[ 46] _mp_map_lookup
0x10003562C	0x000000C5	[ 46] _mp_map_rehash
0x1000356F1	0x00000021	[ 47] _mp_obj_get_type
0x100035712	0x00000029	[ 47] _mp_obj_get_type_str
0x10003573B	0x0000008D	[ 47] _mp_obj_print_helper
0x1000357C8	0x00000128	[ 47] _mp_obj_print_exception
0x1000358F0	0x0000007E	[ 47] _mp_obj_is_true
0x10003596E	0x0000006D	[ 47] _mp_obj_len_maybe
0x1000359DB	0x000001B9	[ 47] _mp_obj_equal_not_equal
0x100035B94	0x0000001D	[ 47] _mp_obj_equal
0x100035BB1	0x0000004D	[ 47] _mp_obj_get_int
0x100035BFE	0x00000027	[ 47] _mp_obj_get_int_truncated
0x100035C25	0x0000005C	[ 47] _mp_obj_get_int_maybe
0x100035C81	0x0000006C	[ 47] _mp_obj_get_float_maybe
0x100035CED	0x00000042	[ 47] _mp_obj_get_float
0x100035D2F	0x00000095	[ 47] _mp_obj_get_complex_maybe
0x100035DC4	0x00000048	[ 47] _mp_obj_get_array
0x100035E0C	0x000000C7	[ 47] _mp_get_index
0x100035ED3	0x0000009E	[ 47] _mp_obj_subscr
0x100035F71	0x00000009	[ 47] _mp_identity_getiter
0x100035F7A	0x00000035	[ 47] _mp_get_buffer
0x100035FAF	0x0000003C	[ 47] _mp_get_buffer_raise
0x100035FEB	0x00000014	[ 47] _mp_generic_unary_op
0x100035FFF	0x00000020	[ 49] _bool_print
0x10003601F	0x00000041	[ 49] _bool_make_new
0x100036060	0x00000021	[ 49] _bool_unary_op
0x100036081	0x00000018	[ 49] _bool_binary_op
0x100036099	0x000000F0	[ 50] _mp_call_method_self_n_kw
0x10003618C	0x000000F3	[ 53] _complex_print
0x10003627F	0x00000192	[ 53] _complex_make_new
0x100036411	0x000000E7	[ 53] _complex_unary_op
0x1000364F8	0x00000017	[ 53] _complex_binary_op
0x10003650F	0x0000003C	[ 53] _complex_attr
0x10003654B	0x00000040	[ 53] _mp_obj_new_complex
0x10003658B	0x0000002B	[ 53] _mp_obj_complex_get
0x1000365B6	0x00000316	[ 53] _mp_obj_complex_binary_op
0x1000368CC	0x000000B3	[ 54] _mp_obj_dict_make_new
0x10003697F	0x000001C2	[ 54] _dict_update
0x100036B41	0x0000003B	[ 54] _mp_obj_dict_get
0x100036B7C	0x00000096	[ 54] _mp_obj_dict_copy
0x100036C12	0x000000BA	[ 54] _dict_print
0x100036CCC	0x00000030	[ 54] _dict_unary_op
0x100036CFC	0x000000D2	[ 54] _dict_binary_op
0x100036DCE	0x0000009A	[ 54] _dict_subscr
0x100036E68	0x00000026	[ 54] _dict_getiter
0x100036E8E	0x00000018	[ 54] _mp_obj_dict_init
0x100036EA6	0x00000034	[ 54] _mp_obj_dict_store
0x100036EDA	0x00000095	[ 54] _dict_get_helper
0x100036F6F	0x0000005F	[ 54] _dict_iter_next
0x100036FCE	0x00000055	[ 54] _dict_view_it_iternext
0x100037023	0x00000021	[ 54] _dict_clear
0x100037044	0x000000B3	[ 54] _dict_fromkeys
0x1000370F7	0x0000000C	[ 54] _dict_get
0x100037103	0x0000002F	[ 54] _dict_items
0x100037132	0x000000C1	[ 54] _dict_view_print
0x1000371F3	0x00000038	[ 54] _dict_view_binary_op
0x10003722B	0x00000029	[ 54] _dict_view_getiter
0x100037254	0x0000002F	[ 54] _dict_keys
0x100037283	0x0000000F	[ 54] _dict_pop
0x100037292	0x0000007C	[ 54] _dict_popitem
0x10003730E	0x0000000F	[ 54] _dict_setdefault
0x10003731D	0x0000002F	[ 54] _dict_values
0x10003734C	0x000000B9	[ 56] _mp_obj_exception_print
0x100037405	0x000000AC	[ 56] _mp_obj_exception_make_new
0x1000374B1	0x00000066	[ 56] _mp_obj_exception_attr
0x100037517	0x00000063	[ 56] _mp_obj_new_exception
0x10003757A	0x00000034	[ 56] _mp_obj_new_exception_arg1
0x1000375AE	0x000000C5	[ 56] _mp_obj_new_exception_msg
0x100037673	0x0000009A	[ 56] _mp_obj_new_exception_msg_varg
0x10003770D	0x00000150	[ 56] _mp_obj_new_exception_msg_vlist
0x10003785D	0x0000008E	[ 56] _exc_add_strn
0x1000378EB	0x00000034	[ 56] _mp_obj_is_exception_type
0x10003791F	0x00000012	[ 56] _mp_obj_is_exception_instance
0x100037931	0x00000038	[ 56] _mp_obj_exception_match
0x100037969	0x000000FC	[ 56] _mp_obj_exception_add_traceback
0x100037A65	0x00000066	[ 56] _mp_obj_exception_get_traceback
0x100037ACC	0x000000B2	[ 58] _float_print
0x100037B7E	0x000000B6	[ 58] _float_make_new
0x100037C34	0x000000C8	[ 58] _float_unary_op
0x100037CFC	0x00000047	[ 58] _float_binary_op
0x100037D43	0x00000031	[ 58] _mp_obj_new_float
0x100037D74	0x00000022	[ 58] _mp_obj_float_get
0x100037D96	0x00000386	[ 58] _mp_obj_float_binary_op
0x10003811C	0x000000BE	[ 58] _mp_obj_float_divmod
0x1000381DD	0x00000041	[ 59] _fun_builtin_1_call
0x10003821E	0x00000044	[ 59] _fun_builtin_2_call
0x100038262	0x00000048	[ 59] _fun_builtin_3_call
0x1000382AA	0x0000008F	[ 59] _fun_builtin_var_call
0x100038339	0x0000002A	[ 61] _mp_obj_new_getitem_iter
0x100038363	0x00000070	[ 61] _it_iternext
0x1000383D3	0x000000AA	[ 62] _mp_obj_new_int_from_float
0x10003847D	0x0000008F	[ 62] _mp_obj_int_print
0x10003850C	0x000001D5	[ 62] _mp_obj_int_formatted
0x1000386E1	0x00000069	[ 62] _mp_int_format_size
0x10003874A	0x00000070	[ 62] _mp_obj_int_binary_op_extra_cases
0x1000387BA	0x000000F4	[ 62] _mp_obj_int_make_new
0x1000388AE	0x000000A0	[ 62] _int_from_bytes
0x10003894E	0x000000C2	[ 62] _int_to_bytes
0x100038A10	0x00000030	[ 63] _mp_obj_int_new_mpz
0x100038A40	0x000000B8	[ 63] _mp_obj_int_formatted_impl
0x100038AF8	0x0000005D	[ 63] _mp_obj_int_from_bytes_impl
0x100038B55	0x00000056	[ 63] _mp_obj_int_to_bytes_impl
0x100038BAB	0x0000003A	[ 63] _mp_obj_int_sign
0x100038BE5	0x00000133	[ 63] _mp_obj_int_unary_op
0x100038D18	0x00000460	[ 63] _mp_obj_int_binary_op
0x100039178	0x00000044	[ 63] _mp_obj_int_get_checked
0x1000391BC	0x0000001C	[ 63] _mp_obj_new_int
0x1000391D8	0x0000004E	[ 63] _mp_obj_new_int_from_ll
0x100039226	0x0000004B	[ 63] _mp_obj_new_int_from_ull
0x100039271	0x0000001A	[ 63] _mp_obj_new_int_from_uint
0x10003928B	0x00000069	[ 63] _mp_obj_new_int_from_str_len
0x1000392F4	0x0000001C	[ 63] _mp_obj_int_get_truncated
0x100039311	0x00000025	[ 63] _mp_obj_int_as_float_impl
0x100039336	0x0000006C	[ 64] _mp_obj_list_append
0x1000393A2	0x0000006E	[ 64] _mp_obj_list_sort
0x100039410	0x0000014A	[ 64] _mp_quicksort
0x10003955A	0x00000069	[ 64] _mp_obj_list_remove
0x1000395C3	0x0000001B	[ 64] _list_index
0x1000395DE	0x000000B5	[ 64] _list_pop
0x100039693	0x00000075	[ 64] _list_print
0x100039708	0x00000058	[ 64] _list_make_new
0x100039760	0x0000002D	[ 64] _list_unary_op
0x10003978D	0x00000180	[ 64] _list_binary_op
0x10003990D	0x000002C9	[ 64] _list_subscr
0x100039BD6	0x0000002A	[ 64] _list_getiter
0x100039C00	0x00000051	[ 64] _mp_obj_list_init
0x100039C51	0x00000056	[ 64] _mp_obj_new_list
0x100039CA7	0x00000014	[ 64] _mp_obj_list_get
0x100039CBB	0x0000003C	[ 64] _list_extend_from_iter
0x100039CF7	0x000000AE	[ 64] _list_extend
0x100039DA5	0x00000027	[ 64] _list_it_iternext
0x100039DCC	0x00000044	[ 64] _list_clear
0x100039E10	0x00000015	[ 64] _list_copy
0x100039E25	0x00000015	[ 64] _list_count
0x100039E3A	0x00000071	[ 64] _list_insert
0x100039EAB	0x0000004A	[ 64] _list_reverse
0x100039EF5	0x0000002A	[ 67] _object_make_new
0x100039F1F	0x0000000B	[ 67] _object___init__
0x100039F2A	0x00000042	[ 67] _object___new__
0x100039F6C	0x00000008	[ 68] _polymorph_it_iternext
0x100039F74	0x00000082	[ 69] _property_make_new
0x100039FF6	0x0000000A	[ 69] _mp_obj_property_get
0x10003A000	0x0000003E	[ 69] _property_getter
0x10003A03E	0x0000003E	[ 69] _property_setter
0x10003A07C	0x00000036	[ 69] _property_deleter
0x10003A0B2	0x00000011	[ 70] _none_print
0x10003A0C3	0x00000017	[ 74] _singleton_print
0x10003A0DA	0x00000085	[ 75] _slice_print
0x10003A15F	0x0000013B	[ 75] _mp_obj_slice_indices
0x10003A29C	0x0000013B	[ 76] _mp_str_print_quoted
0x10003A3D7	0x0000018B	[ 76] _mp_obj_str_make_new
0x10003A562	0x000000A7	[ 76] _mp_obj_new_str_from_vstr
0x10003A609	0x0000006B	[ 76] _mp_obj_new_str_copy
0x10003A674	0x0000003A	[ 76] _mp_obj_new_str
0x10003A6AE	0x0000008E	[ 76] _find_subbytes
0x10003A73C	0x00000994	[ 76] _mp_obj_str_binary_op
0x10003B0D0	0x00000036	[ 76] _bad_implicit_conversion
0x10003B106	0x000001A8	[ 76] _str_join
0x10003B2AE	0x00000256	[ 76] _mp_obj_str_split
0x10003B504	0x00000026	[ 76] _mp_obj_new_str_of_type
0x10003B52A	0x00000061	[ 76] _mp_obj_str_get_data
0x10003B58B	0x000001E3	[ 76] _str_rsplit
0x10003B76E	0x00000011	[ 76] _str_find
0x10003B77F	0x00000011	[ 76] _str_rfind
0x10003B790	0x00000014	[ 76] _str_index
0x10003B7A4	0x00000014	[ 76] _str_rindex
0x10003B7B8	0x000000C4	[ 76] _str_startswith
0x10003B87C	0x0000009B	[ 76] _str_endswith
0x10003B917	0x00000015	[ 76] _str_strip
0x10003B92C	0x00000012	[ 76] _str_lstrip
0x10003B93E	0x00000015	[ 76] _str_rstrip
0x10003B953	0x0000008E	[ 76] _mp_obj_str_format
0x10003B9E1	0x00000A27	[ 76] _mp_obj_str_format_helper
0x10003C408	0x000002B6	[ 76] _str_replace
0x10003C6BE	0x0000016B	[ 76] _str_count
0x10003C829	0x00000014	[ 76] _str_lower
0x10003C83D	0x00000014	[ 76] _str_upper
0x10003C851	0x00000071	[ 76] _str_isspace
0x10003C8C2	0x00000071	[ 76] _str_isalpha
0x10003C933	0x00000071	[ 76] _str_isdigit
0x10003C9A4	0x00000096	[ 76] _str_isupper
0x10003CA3A	0x00000096	[ 76] _str_islower
0x10003CAD0	0x00000064	[ 76] _bytes_decode
0x10003CB34	0x0000005F	[ 76] _str_encode
0x10003CB93	0x0000005E	[ 76] _mp_obj_str_get_buffer
0x10003CBF1	0x0000008B	[ 76] _str_print
0x10003CC7C	0x00000203	[ 76] _bytes_make_new
0x10003CE7F	0x000000D0	[ 76] _bytes_subscr
0x10003CF4F	0x0000002A	[ 76] _mp_obj_new_bytes_iterator
0x10003CF79	0x00000017	[ 76] _mp_obj_new_bytes
0x10003CF90	0x00000013	[ 76] _mp_obj_new_str_via_qstr
0x10003CFA4	0x000000F8	[ 76] _mp_obj_str_equal
0x10003D09C	0x0000003D	[ 76] _mp_obj_str_get_qstr
0x10003D0DC	0x0000017E	[ 76] _str_finder
0x10003D25A	0x000001FD	[ 76] _str_uni_strip
0x10003D457	0x0000009A	[ 76] _str_caseconv
0x10003D4F1	0x00000064	[ 76] _bytes_it_iternext
0x10003D555	0x00000108	[ 77] _str_index_to_ptr
0x10003D65D	0x000001BB	[ 77] _uni_print
0x10003D818	0x0000006A	[ 77] _uni_unary_op
0x10003D882	0x00000168	[ 77] _str_subscr
0x10003D9EA	0x0000002A	[ 77] _mp_obj_new_str_iterator
0x10003DA14	0x0000007F	[ 77] _str_it_iternext
0x10003DA93	0x00000089	[ 78] _mp_obj_tuple_print
0x10003DB1C	0x00000086	[ 78] _mp_obj_tuple_unary_op
0x10003DBA2	0x000001C1	[ 78] _mp_obj_tuple_binary_op
0x10003DD63	0x00000053	[ 78] _mp_obj_new_tuple
0x10003DDB6	0x000000C3	[ 78] _mp_obj_tuple_subscr
0x10003DE79	0x000000DA	[ 78] _mp_obj_tuple_make_new
0x10003DF53	0x0000002A	[ 78] _mp_obj_tuple_getiter
0x10003DF7D	0x00000043	[ 78] _mp_obj_tuple_get
0x10003DFC0	0x00000024	[ 78] _tuple_it_iternext
0x10003DFE4	0x00000015	[ 78] _tuple_count
0x10003DFF9	0x0000001B	[ 78] _tuple_index
0x10003E014	0x0000005D	[ 79] _mp_obj_new_instance
0x10003E071	0x000000AD	[ 79] _instance_count_native_bases
0x10003E11E	0x00000243	[ 79] _mp_obj_instance_make_new
0x10003E361	0x00000205	[ 79] _mp_obj_class_lookup
0x10003E566	0x000000D2	[ 79] _mp_obj_instance_call
0x10003E638	0x000000BE	[ 79] _mp_obj_instance_getiter
0x10003E6F6	0x00000017	[ 79] _type_print
0x10003E70D	0x0000005D	[ 79] _type_make_new
0x10003E76A	0x00000029	[ 79] _type_call
0x10003E793	0x000001BA	[ 79] _type_attr
0x10003E94D	0x000002A2	[ 79] _mp_obj_new_type
0x10003EBEF	0x00000141	[ 79] _instance_print
0x10003ED30	0x000000FF	[ 79] _instance_unary_op
0x10003EE2F	0x000000DE	[ 79] _instance_binary_op
0x10003EF0D	0x00000292	[ 79] _mp_obj_instance_attr
0x10003F19F	0x000000FB	[ 79] _instance_subscr
0x10003F29A	0x00000098	[ 79] _instance_get_buffer
0x10003F332	0x00000053	[ 79] _static_class_method_make_new
0x10003F385	0x00000091	[ 79] _mp_obj_is_subclass_fast
0x10003F416	0x00000036	[ 79] _mp_obj_cast_to_native_base
0x10003F44C	0x00000056	[ 79] _native_base_init_wrapper
0x10003F4A2	0x00000027	[ 81] _op_getitem
0x10003F4C9	0x00000031	[ 81] _op_setitem
0x10003F4FA	0x00000024	[ 81] _op_delitem
0x10003F51E	0x0000003F	[ 82] _mp_seq_multiply
0x10003F55D	0x00000056	[ 82] _mp_seq_get_fast_slice_indexes
0x10003F5B3	0x00000069	[ 82] _mp_seq_extract_slice
0x10003F61C	0x00000091	[ 82] _mp_seq_cmp_bytes
0x10003F6AD	0x000000E4	[ 82] _mp_seq_cmp_objs
0x10003F791	0x000000C2	[ 82] _mp_seq_index_obj
0x10003F853	0x00000055	[ 82] _mp_seq_count_obj
0x10003F8AB	0x0000003D	[ 84] _mp_binary_set_int
0x10003F8E8	0x0000001E	[ 87] _mp_builtin_next
0x10003F906	0x00000089	[ 91] _mp_opcode_format
0x10003F98F	0x00000079	[ 92] _mp_small_int_mul_overflow
0x10003FA08	0x00000028	[ 92] _mp_small_int_modulo
0x10003FA30	0x0000002E	[ 92] _mp_small_int_floor_divide
0x10003FA5E	0x00000776	[ 93] _main_
0x1000401D4	0x00000037	[ 93] _usage
0x10004020B	0x0000001F	[ 93] _main
0x10004022A	0x00000029	[ 93] _nlr_jump_fail
0x100040253	0x0000000F	[ 93] _stderr_print_strn
0x100040262	0x00000014	[ 94] _gc_collect
0x100040276	0x00000074	[ 95] _gc_helper_collect_regs_and_stack
0x1000402F0	0x00000030	[  5] _gc_free.cold.1
0x100040320	0x00000030	[  5] _gc_free.cold.2
0x100040350	0x00000030	[  5] _gc_realloc.cold.1
0x100040380	0x00000030	[  5] _gc_realloc.cold.2
0x1000403B0	0x00000023	[  5] _gc_realloc.cold.3
0x1000403D3	0x00000023	[  7] _vstr_add_char.cold.1
0x1000403F7	0x00000023	[  8] _mp_print_mp_int.cold.1
0x10004041A	0x00000023	[  8] _mp_vprintf.cold.1
0x10004043D	0x00000023	[ 10] _mpz_need_dig.cold.1
0x100040460	0x00000023	[ 10] _mpz_set_from_str.cold.1
0x100040483	0x00000023	[ 10] _mpz_or_inpl.cold.1
0x1000404A6	0x00000023	[ 10] _mpz_clone.cold.1
0x1000404C9	0x00000023	[ 10] _mpz_divmod_inpl.cold.1
0x1000404EC	0x00000023	[ 10] _mpz_as_str_inpl.cold.1
0x10004050F	0x00000023	[ 10] _mpz_as_str_inpl.cold.2
0x100040534	0x00000023	[ 13] _mp_parse.cold.1
0x100040557	0x00000023	[ 13] _mp_parse.cold.2
0x10004057A	0x00000023	[ 13] _mp_parse.cold.3
0x10004059D	0x00000023	[ 13] _mp_parse.cold.4
0x1000405C0	0x00000023	[ 13] _mp_parse.cold.5
0x1000405E3	0x00000023	[ 13] _mp_parse.cold.6
0x100040606	0x00000023	[ 13] _mp_parse.cold.7
0x100040629	0x00000023	[ 13] _mp_parse.cold.8
0x10004064C	0x00000023	[ 13] _mp_parse.cold.9
0x10004066F	0x00000023	[ 13] _mp_parse.cold.10
0x100040692	0x00000023	[ 13] _mp_parse.cold.11
0x1000406B5	0x00000023	[ 13] _mp_parse.cold.12
0x1000406D8	0x00000023	[ 13] _push_rule_from_arg.cold.1
0x1000406FB	0x00000023	[ 13] _pop_result.cold.1
0x10004071E	0x00000023	[ 13] _push_result_rule.cold.1
0x100040741	0x00000023	[ 13] _push_result_rule.cold.2
0x100040764	0x00000023	[ 13] _push_result_rule.cold.3
0x100040787	0x00000023	[ 13] _push_result_rule.cold.4
0x1000407AA	0x00000023	[ 13] _push_result_rule.cold.5
0x1000407CD	0x00000023	[ 13] _push_result_rule.cold.6
0x1000407F0	0x00000023	[ 13] _push_result_rule.cold.7
0x100040813	0x00000023	[ 13] _push_result_rule.cold.8
0x100040836	0x00000023	[ 13] _push_result_rule.cold.9
0x100040859	0x00000023	[ 13] _push_result_rule.cold.10
0x10004087C	0x00000023	[ 13] _push_result_rule.cold.11
0x10004089F	0x00000023	[ 13] _push_result_rule.cold.12
0x1000408C2	0x00000023	[ 13] _push_result_rule.cold.13
0x1000408E5	0x00000023	[ 13] _push_result_rule.cold.14
0x100040908	0x00000023	[ 13] _push_result_rule.cold.15
0x10004092B	0x00000023	[ 13] _push_result_rule.cold.16
0x10004094E	0x00000021	[ 14] _scope_new.cold.1
0x10004096F	0x00000023	[ 14] _scope_check_to_close_over.cold.1
0x100040992	0x00000021	[ 14] _scope_check_to_close_over.cold.2
0x1000409B5	0x00000023	[ 15] _mp_compile_to_raw_code.cold.1
0x1000409D8	0x00000023	[ 15] _compile_scope_inline_asm.cold.1
0x1000409FB	0x00000023	[ 15] _compile_scope_inline_asm.cold.2
0x100040A1E	0x00000023	[ 15] _compile_scope_inline_asm.cold.3
0x100040A41	0x00000023	[ 15] _compile_scope_inline_asm.cold.4
0x100040A64	0x00000023	[ 15] _compile_scope.cold.1
0x100040A87	0x00000023	[ 15] _compile_scope.cold.2
0x100040AAA	0x00000023	[ 15] _compile_scope.cold.3
0x100040ACD	0x00000023	[ 15] _compile_scope.cold.4
0x100040AF0	0x00000023	[ 15] _compile_scope.cold.5
0x100040B13	0x00000023	[ 15] _compile_scope.cold.6
0x100040B36	0x00000023	[ 15] _compile_scope.cold.7
0x100040B59	0x00000023	[ 15] _compile_scope.cold.8
0x100040B7C	0x00000023	[ 15] _compile_scope.cold.9
0x100040B9F	0x00000023	[ 15] _compile_scope.cold.10
0x100040BC2	0x00000023	[ 15] _compile_scope.cold.11
0x100040BE5	0x00000023	[ 15] _compile_scope.cold.12
0x100040C08	0x00000023	[ 15] _compile_scope.cold.13
0x100040C2B	0x00000023	[ 15] _compile_node.cold.1
0x100040C4E	0x00000023	[ 15] _compile_scope_comp_iter.cold.1
0x100040C71	0x00000023	[ 15] _compile_decorated.cold.1
0x100040C94	0x00000023	[ 15] _compile_decorated.cold.2
0x100040CB7	0x00000023	[ 15] _compile_decorated.cold.3
0x100040CDA	0x00000023	[ 15] _compile_decorated.cold.4
0x100040CFD	0x00000023	[ 15] _compile_expr_stmt.cold.1
0x100040D20	0x00000023	[ 15] _compile_break_cont_stmt.cold.1
0x100040D43	0x00000023	[ 15] _compile_import_from.cold.1
0x100040D66	0x00000023	[ 15] _compile_import_from.cold.2
0x100040D89	0x00000023	[ 15] _compile_import_from.cold.3
0x100040DAC	0x00000023	[ 15] _compile_async_stmt.cold.1
0x100040DCF	0x00000023	[ 15] _compile_async_stmt.cold.2
0x100040DF2	0x00000023	[ 15] _compile_async_stmt.cold.3
0x100040E15	0x00000023	[ 15] _compile_if_stmt.cold.1
0x100040E38	0x00000023	[ 15] _compile_for_stmt.cold.1
0x100040E5B	0x00000023	[ 15] _compile_try_stmt.cold.1
0x100040E7E	0x00000023	[ 15] _compile_with_stmt.cold.1
0x100040EA1	0x00000023	[ 15] _compile_test_if_expr.cold.1
0x100040EC4	0x00000023	[ 15] _compile_comparison.cold.1
0x100040EE7	0x00000023	[ 15] _compile_comparison.cold.2
0x100040F0A	0x00000023	[ 15] _compile_factor_2.cold.1
0x100040F2D	0x00000023	[ 15] _compile_atom_paren.cold.1
0x100040F50	0x00000023	[ 15] _compile_atom_paren.cold.2
0x100040F73	0x00000023	[ 15] _compile_atom_paren.cold.3
0x100040F96	0x00000023	[ 15] _compile_atom_bracket.cold.1
0x100040FB9	0x00000023	[ 15] _compile_atom_brace.cold.1
0x100040FDC	0x00000023	[ 15] _compile_atom_brace.cold.2
0x100040FFF	0x00000023	[ 15] _compile_subscript.cold.1
0x100041022	0x00000023	[ 15] _compile_subscript.cold.2
0x100041045	0x00000023	[ 15] _compile_subscript.cold.3
0x100041068	0x00000023	[ 15] _compile_subscript.cold.4
0x10004108B	0x00000023	[ 15] _compile_funcdef_lambdef_param.cold.1
0x1000410AE	0x00000023	[ 15] _compile_funcdef_lambdef_param.cold.2
0x1000410D1	0x00000023	[ 15] _close_over_variables_etc.cold.1
0x1000410F4	0x00000023	[ 15] _close_over_variables_etc.cold.2
0x100041117	0x00000023	[ 15] _compile_comprehension.cold.1
0x10004113A	0x00000023	[ 15] _compile_comprehension.cold.2
0x10004115D	0x00000023	[ 15] _c_assign.cold.1
0x100041180	0x00000023	[ 15] _c_assign.cold.2
0x1000411A3	0x00000023	[ 15] _c_assign.cold.3
0x1000411C6	0x00000023	[ 15] _c_assign.cold.4
0x1000411E9	0x00000023	[ 15] _c_assign.cold.5
0x10004120C	0x00000023	[ 15] _c_del_stmt.cold.1
0x10004122F	0x00000023	[ 15] _c_del_stmt.cold.2
0x100041252	0x00000023	[ 15] _c_del_stmt.cold.3
0x100041275	0x00000023	[ 15] _c_del_stmt.cold.4
0x100041298	0x00000023	[ 15] _c_if_cond.cold.1
0x1000412BB	0x00000023	[ 15] _do_import_name.cold.1
0x1000412DE	0x00000023	[ 15] _compile_decrease_except_level.cold.1
0x100041301	0x00000023	[ 15] _compile_try_finally.cold.1
0x100041324	0x00000023	[ 15] _compile_try_except.cold.1
0x100041347	0x00000023	[ 15] _compile_scope_func_lambda_param.cold.1
0x10004136A	0x00000023	[ 15] _compile_scope_func_lambda_param.cold.2
0x10004138D	0x00000023	[ 15] _compile_scope_func_lambda_param.cold.3
0x1000413B0	0x00000021	[ 16] _mp_emit_common_id_op.cold.1
0x1000413D1	0x00000021	[ 16] _mp_emit_common_id_op.cold.2
0x1000413F2	0x00000023	[ 17] _emit_write_code_info_qstr.cold.1
0x100041415	0x00000023	[ 17] _mp_emit_bc_end_pass.cold.1
0x100041438	0x00000023	[ 17] _mp_emit_bc_end_pass.cold.2
0x10004145B	0x00000023	[ 17] _mp_emit_bc_end_pass.cold.3
0x10004147E	0x00000023	[ 17] _mp_emit_bc_adjust_stack_size.cold.1
0x1000414A1	0x00000023	[ 17] _mp_emit_bc_set_source_line.cold.1
0x1000414C4	0x00000023	[ 17] _mp_emit_bc_label_assign.cold.1
0x1000414E7	0x00000023	[ 17] _mp_emit_bc_label_assign.cold.2
0x10004150A	0x00000023	[ 17] _mp_emit_bc_label_assign.cold.3
0x10004152D	0x00000023	[ 17] _emit_write_bytecode_byte_qstr.cold.1
0x100041550	0x00000023	[ 17] _mp_emit_bc_make_closure.cold.1
0x100041573	0x00000023	[ 17] _mp_emit_bc_raise_varargs.cold.1
0x100041596	0x00000021	[ 17] _emit_get_cur_to_write_code_info.cold.1
0x1000415B7	0x00000023	[ 17] _emit_get_cur_to_write_bytecode.cold.1
0x1000415DA	0x00000021	[ 18] _mp_asm_base_start_pass.cold.1
0x1000415FB	0x00000021	[ 18] _mp_asm_base_get_cur_to_write_bytes.cold.1
0x10004161C	0x00000021	[ 18] _mp_asm_base_label_assign.cold.1
0x10004163D	0x00000021	[ 18] _mp_asm_base_label_assign.cold.2
0x10004165E	0x00000021	[ 18] _mp_asm_base_label_assign.cold.3
0x10004167F	0x00000023	[ 19] _asm_x64_mov_mem8_to_r64zx.cold.1
0x1000416A2	0x00000023	[ 19] _asm_x64_mov_mem16_to_r64zx.cold.1
0x1000416C5	0x00000023	[ 19] _asm_x64_mov_mem32_to_r64zx.cold.1
0x1000416E8	0x00000023	[ 19] _asm_x64_test_r8_with_r8.cold.1
0x10004170B	0x00000023	[ 19] _asm_x64_test_r8_with_r8.cold.2
0x10004172E	0x00000023	[ 19] _asm_x64_setcc_r8.cold.1
0x100041751	0x00000023	[ 19] _asm_x64_jmp_reg.cold.1
0x100041774	0x00000023	[ 19] _asm_x64_jmp_label.cold.1
0x100041797	0x00000023	[ 19] _asm_x64_jcc_label.cold.1
0x1000417BA	0x00000023	[ 19] _asm_x64_entry.cold.1
0x1000417DD	0x00000023	[ 19] _asm_x64_mov_local_addr_to_r64.cold.1
0x100041800	0x00000023	[ 19] _asm_x64_mov_reg_pcrel.cold.1
0x100041823	0x00000023	[ 19] _asm_x64_call_ind.cold.1
0x100041849	0x00000023	[ 20] _emit_native_start_pass.cold.1
0x10004186C	0x00000023	[ 20] _emit_native_end_pass.cold.1
0x10004188F	0x00000023	[ 20] _emit_native_end_pass.cold.2
0x1000418B2	0x00000023	[ 20] _emit_native_end_pass.cold.3
0x1000418D5	0x00000023	[ 20] _emit_native_end_pass.cold.4
0x1000418F8	0x00000023	[ 20] _emit_native_store_global.cold.1
0x10004191B	0x00000023	[ 20] _emit_native_import.cold.1
0x10004193E	0x00000023	[ 20] _emit_native_import.cold.2
0x100041961	0x00000023	[ 20] _emit_native_import.cold.3
0x100041984	0x00000023	[ 20] _emit_native_import.cold.4
0x1000419A7	0x00000023	[ 20] _emit_native_load_method.cold.1
0x1000419CA	0x00000023	[ 20] _emit_native_subscr.cold.1
0x1000419ED	0x00000023	[ 20] _emit_native_subscr.cold.2
0x100041A10	0x00000023	[ 20] _emit_native_attr.cold.1
0x100041A33	0x00000023	[ 20] _emit_native_attr.cold.2
0x100041A56	0x00000023	[ 20] _emit_native_attr.cold.3
0x100041A79	0x00000023	[ 20] _emit_native_attr.cold.4
0x100041A9C	0x00000023	[ 20] _emit_native_setup_block.cold.1
0x100041ABF	0x00000023	[ 20] _emit_native_end_finally.cold.1
0x100041AE2	0x00000023	[ 20] _emit_native_end_finally.cold.2
0x100041B05	0x00000023	[ 20] _emit_native_get_iter.cold.1
0x100041B28	0x00000023	[ 20] _emit_native_build.cold.1
0x100041B4B	0x00000023	[ 20] _emit_native_build.cold.2
0x100041B6E	0x00000023	[ 20] _emit_native_build.cold.3
0x100041B91	0x00000023	[ 20] _emit_native_build.cold.4
0x100041BB4	0x00000023	[ 20] _emit_native_build.cold.5
0x100041BD7	0x00000023	[ 20] _emit_native_build.cold.6
0x100041BFA	0x00000023	[ 20] _emit_native_store_map.cold.1
0x100041C1D	0x00000023	[ 20] _emit_native_store_map.cold.2
0x100041C40	0x00000023	[ 20] _emit_native_store_map.cold.3
0x100041C63	0x00000023	[ 20] _emit_native_store_comp.cold.1
0x100041C86	0x00000023	[ 20] _emit_native_store_comp.cold.2
0x100041CA9	0x00000023	[ 20] _emit_native_store_comp.cold.3
0x100041CCC	0x00000023	[ 20] _emit_native_store_comp.cold.4
0x100041CEF	0x00000023	[ 20] _emit_native_store_comp.cold.5
0x100041D12	0x00000023	[ 20] _emit_native_unpack_sequence.cold.1
0x100041D35	0x00000023	[ 20] _emit_native_unpack_ex.cold.1
0x100041D58	0x00000023	[ 20] _emit_native_make_function.cold.1
0x100041D7B	0x00000023	[ 20] _emit_native_make_function.cold.2
0x100041D9E	0x00000023	[ 20] _emit_native_call_function.cold.1
0x100041DC1	0x00000023	[ 20] _emit_native_call_function.cold.2
0x100041DE4	0x00000023	[ 20] _emit_native_call_function.cold.3
0x100041E07	0x00000023	[ 20] _emit_native_return_value.cold.1
0x100041E2A	0x00000023	[ 20] _emit_native_raise_varargs.cold.1
0x100041E4D	0x00000023	[ 20] _adjust_stack.cold.1
0x100041E70	0x00000023	[ 20] _adjust_stack.cold.2
0x100041E93	0x00000023	[ 20] _emit_native_leave_exc_stack.cold.1
0x100041EB6	0x00000023	[ 20] _emit_get_stack_pointer_to_reg_for_pop.cold.1
0x100041ED9	0x00000023	[ 21] _asm_x86_jmp_label.cold.1
0x100041EFC	0x00000023	[ 21] _asm_x86_jcc_label.cold.1
0x100041F1F	0x00000023	[ 21] _asm_x86_entry.cold.1
0x100041F42	0x00000023	[ 21] _asm_x86_mov_reg_pcrel.cold.1
0x100041F65	0x00000023	[ 21] _asm_x86_call_ind.cold.1
0x100041F8B	0x00000023	[ 22] _emit_native_start_pass.cold.1
0x100041FAE	0x00000023	[ 22] _emit_native_end_pass.cold.1
0x100041FD1	0x00000023	[ 22] _emit_native_end_pass.cold.2
0x100041FF4	0x00000023	[ 22] _emit_native_end_pass.cold.3
0x100042017	0x00000023	[ 22] _emit_native_end_pass.cold.4
0x10004203A	0x00000023	[ 22] _emit_native_store_global.cold.1
0x10004205D	0x00000023	[ 22] _emit_native_import.cold.1
0x100042080	0x00000023	[ 22] _emit_native_import.cold.2
0x1000420A3	0x00000023	[ 22] _emit_native_import.cold.3
0x1000420C6	0x00000023	[ 22] _emit_native_import.cold.4
0x1000420E9	0x00000023	[ 22] _emit_native_load_method.cold.1
0x10004210C	0x00000023	[ 22] _emit_native_subscr.cold.1
0x10004212F	0x00000023	[ 22] _emit_native_subscr.cold.2
0x100042152	0x00000023	[ 22] _emit_native_attr.cold.1
0x100042175	0x00000023	[ 22] _emit_native_attr.cold.2
0x100042198	0x00000023	[ 22] _emit_native_attr.cold.3
0x1000421BB	0x00000023	[ 22] _emit_native_attr.cold.4
0x1000421DE	0x00000023	[ 22] _emit_native_setup_block.cold.1
0x100042201	0x00000023	[ 22] _emit_native_end_finally.cold.1
0x100042224	0x00000023	[ 22] _emit_native_end_finally.cold.2
0x100042247	0x00000023	[ 22] _emit_native_get_iter.cold.1
0x10004226A	0x00000023	[ 22] _emit_native_build.cold.1
0x10004228D	0x00000023	[ 22] _emit_native_build.cold.2
0x1000422B0	0x00000023	[ 22] _emit_native_build.cold.3
0x1000422D3	0x00000023	[ 22] _emit_native_build.cold.4
0x1000422F6	0x00000023	[ 22] _emit_native_build.cold.5
0x100042319	0x00000023	[ 22] _emit_native_build.cold.6
0x10004233C	0x00000023	[ 22] _emit_native_store_map.cold.1
[...]
<<dead>> 	0x0000002C	[ 59] literal string: mp_obj_is_type(def_args_in, &mp_type_tuple)
<<dead>> 	0x00000013	[ 59] literal string: fun_builtin_0_call
<<dead>> 	0x00000030	[ 59] literal string: mp_obj_is_type(self_in, &mp_type_fun_builtin_0)
<<dead>> 	0x00000016	[ 59] literal string: <function %q at 0x%p>
<<dead>> 	0x0000000C	[ 59] literal string: fun_bc_call
<<dead>> 	0x00000029	[ 59] literal string: vm_return_kind == MP_VM_RETURN_EXCEPTION
<<dead>> 	0x0000000D	[ 59] literal string: fun_asm_call
<<dead>> 	0x0000000C	[ 59] literal string: n_args == 4
<<dead>> 	0x000000D4	[ 60] _gen_wrap_call
<<dead>> 	0x000000D3	[ 60] _native_gen_wrap_call
<<dead>> 	0x00000163	[ 60] _mp_obj_gen_resume
<<dead>> 	0x00000031	[ 60] _gen_instance_print
<<dead>> 	0x00000011	[ 60] _gen_instance_iternext
<<dead>> 	0x00000053	[ 60] _gen_resume_and_raise
<<dead>> 	0x0000006B	[ 60] _gen_instance_close
<<dead>> 	0x00000020	[ 60] _gen_instance_send
<<dead>> 	0x0000003C	[ 60] _gen_instance_throw
<<dead>> 	0x0000001F	[ 60] _gen_instance_pend_throw
<<dead>> 	0x00000020	[ 60] _mp_const_GeneratorExit_obj
<<dead>> 	0x00000078	[ 60] _mp_type_gen_wrap
<<dead>> 	0x00000078	[ 60] _mp_type_native_gen_wrap
<<dead>> 	0x00000080	[ 60] _mp_type_gen_instance
<<dead>> 	0x00000040	[ 60] _gen_instance_locals_dict_table
<<dead>> 	0x00000020	[ 60] _gen_instance_locals_dict
<<dead>> 	0x00000018	[ 60] _gen_instance_throw_obj
<<dead>> 	0x00000010	[ 60] _gen_instance_close_obj
<<dead>> 	0x00000010	[ 60] _gen_instance_send_obj
<<dead>> 	0x00000010	[ 60] _gen_instance_pend_throw_obj
<<dead>> 	0x0000001C	[ 60] literal string: generator already executing
<<dead>> 	0x00000036	[ 60] literal string: can't send non-None value to a just-started generator
<<dead>> 	0x0000001F	[ 60] literal string: generator raised StopIteration
<<dead>> 	0x0000001E	[ 60] literal string: <generator object '%q' at %p>
<<dead>> 	0x00000020	[ 60] literal string: generator ignored GeneratorExit
<<dead>> 	0x00000049	[ 63] _mp_obj_int_get_uint_checked
<<dead>> 	0x00000026	[ 63] literal string: mp_obj_is_type(self_in, &mp_type_int)
<<dead>> 	0x0000000F	[ 63] literal string: divide by zero
<<dead>> 	0x00000015	[ 63] literal string: negative shift count
<<dead>> 	0x0000000A	[ 64] _mp_obj_list_set_len
<<dead>> 	0x0000002B	[ 64] _mp_obj_list_store
<<dead>> 	0x00000003	[ 64] literal string: , 
<<dead>> 	0x00000002	[ 64] literal string: ]
<<dead>> 	0x0000007A	[ 65] _map_make_new
<<dead>> 	0x00000076	[ 65] _map_iternext
<<dead>> 	0x00000078	[ 65] _mp_type_map
<<dead>> 	0x0000004E	[ 66] _module_print
<<dead>> 	0x000000A2	[ 66] _module_attr
<<dead>> 	0x0000007D	[ 66] _mp_obj_new_module
<<dead>> 	0x0000004D	[ 66] _mp_module_get
<<dead>> 	0x00000031	[ 66] _mp_module_register
<<dead>> 	0x00000080	[ 66] _mp_type_module
<<dead>> 	0x00000040	[ 66] _mp_builtin_module_table
<<dead>> 	0x00000018	[ 66] _mp_builtin_module_map
<<dead>> 	0x00000001	[ 66] literal string: 
<<dead>> 	0x0000000E	[ 66] literal string: <module '%s'>
<<dead>> 	0x00000005	[ 70] literal string: None
<<dead>> 	0x00000055	[ 71] _range_print
<<dead>> 	0x0000009A	[ 71] _range_make_new
<<dead>> 	0x00000057	[ 71] _range_unary_op
<<dead>> 	0x00000049	[ 71] _range_attr
<<dead>> 	0x000000DE	[ 71] _range_subscr
<<dead>> 	0x00000023	[ 71] _range_getiter
<<dead>> 	0x0000003D	[ 71] _range_it_iternext
<<dead>> 	0x00000078	[ 71] _mp_type_range
<<dead>> 	0x00000078	[ 71] _range_it_type
<<dead>> 	0x0000000F	[ 71] literal string: range(%ld, %ld
<<dead>> 	0x00000002	[ 71] literal string: )
<<dead>> 	0x00000007	[ 71] literal string: , %ld)
<<dead>> 	0x0000000A	[ 71] literal string: zero step
<<dead>> 	0x000000AB	[ 72] _reversed_make_new
<<dead>> 	0x0000002D	[ 72] _reversed_iternext
<<dead>> 	0x00000078	[ 72] _mp_type_reversed
<<dead>> 	0x000000B1	[ 73] _set_print
<<dead>> 	0x00000096	[ 73] _set_make_new
<<dead>> 	0x0000002D	[ 73] _set_unary_op
<<dead>> 	0x000001F8	[ 73] _set_binary_op
<<dead>> 	0x0000002A	[ 73] _set_getiter
<<dead>> 	0x0000006F	[ 73] _mp_obj_new_set
<<dead>> 	0x00000013	[ 73] _mp_obj_set_store
<<dead>> 	0x00000025	[ 73] _set_union
<<dead>> 	0x00000025	[ 73] _set_symmetric_difference
<<dead>> 	0x0000000C	[ 73] _set_intersect
<<dead>> 	0x0000000C	[ 73] _set_diff
<<dead>> 	0x0000003F	[ 73] _set_update
<<dead>> 	0x0000004F	[ 73] _set_symmetric_difference_update
<<dead>> 	0x00000106	[ 73] _set_intersect_int
<<dead>> 	0x00000093	[ 73] _set_diff_int
<<dead>> 	0x0000000C	[ 73] _set_issubset
<<dead>> 	0x00000015	[ 73] _set_issuperset
<<dead>> 	0x0000004F	[ 73] _set_copy
<<dead>> 	0x0000004A	[ 73] _set_update_int
<<dead>> 	0x00000019	[ 73] _set_add
<<dead>> 	0x00000014	[ 73] _set_clear
<<dead>> 	0x00000146	[ 73] _set_issubset_internal
<<dead>> 	0x00000048	[ 73] _set_it_iternext
<<dead>> 	0x00000019	[ 73] _set_discard
<<dead>> 	0x00000015	[ 73] _set_diff_update
<<dead>> 	0x0000000F	[ 73] _set_intersect_update
<<dead>> 	0x00000058	[ 73] _set_isdisjoint
<<dead>> 	0x00000027	[ 73] _set_pop
<<dead>> 	0x0000003F	[ 73] _set_remove
<<dead>> 	0x00000080	[ 73] _mp_type_set
<<dead>> 	0x00000120	[ 73] _set_locals_dict_table
<<dead>> 	0x00000020	[ 73] _set_locals_dict
<<dead>> 	0x00000018	[ 73] _set_diff_obj
<<dead>> 	0x00000018	[ 73] _set_diff_update_obj
<<dead>> 	0x00000018	[ 73] _set_update_obj
<<dead>> 	0x00000010	[ 73] _set_add_obj
<<dead>> 	0x00000010	[ 73] _set_clear_obj
<<dead>> 	0x00000010	[ 73] _set_copy_obj
<<dead>> 	0x00000010	[ 73] _set_discard_obj
<<dead>> 	0x00000010	[ 73] _set_intersect_obj
<<dead>> 	0x00000010	[ 73] _set_intersect_update_obj
<<dead>> 	0x00000010	[ 73] _set_isdisjoint_obj
<<dead>> 	0x00000010	[ 73] _set_issubset_obj
<<dead>> 	0x00000010	[ 73] _set_issuperset_obj
<<dead>> 	0x00000010	[ 73] _set_pop_obj
<<dead>> 	0x00000010	[ 73] _set_remove_obj
<<dead>> 	0x00000010	[ 73] _set_symmetric_difference_obj
<<dead>> 	0x00000010	[ 73] _set_symmetric_difference_update_obj
<<dead>> 	0x00000010	[ 73] _set_union_obj
<<dead>> 	0x00000006	[ 73] literal string: set()
<<dead>> 	0x00000002	[ 73] literal string: {
<<dead>> 	0x00000003	[ 73] literal string: , 
<<dead>> 	0x00000002	[ 73] literal string: }
<<dead>> 	0x00000016	[ 73] literal string: pop from an empty set
<<dead>> 	0x0000003E	[ 75] _mp_obj_new_slice
<<dead>> 	0x00000003	[ 75] literal string: , 
<<dead>> 	0x00000002	[ 75] literal string: )
<<dead>> 	0x00000049	[ 76] _mp_obj_str_intern
<<dead>> 	0x0000002C	[ 76] _mp_obj_str_intern_checked
<<dead>> 	0x0000004F	[ 76] _mp_obj_str_get_str
<<dead>> 	0x00000003	[ 76] literal string: %c
<<dead>> 	0x00000001	[ 76] literal string: 
<<dead>> 	0x00000031	[ 76] literal string: only slices with step=1 (aka None) are supported
<<dead>> 	0x00000005	[ 77] literal string: %.*s
<<dead>> 	0x00000003	[ 77] literal string: %c
<<dead>> 	0x00000004	[ 77] literal string: \%c
<<dead>> 	0x00000003	[ 77] literal string: \\
<<dead>> 	0x00000003	[ 77] literal string: \n
<<dead>> 	0x00000003	[ 77] literal string: \r
<<dead>> 	0x00000003	[ 77] literal string: \t
<<dead>> 	0x00000007	[ 77] literal string: \x%02x
<<dead>> 	0x00000031	[ 77] literal string: only slices with step=1 (aka None) are supported
<<dead>> 	0x00000021	[ 78] _mp_obj_tuple_del
<<dead>> 	0x00000023	[ 78] _mp_obj_tuple_del.cold.1
<<dead>> 	0x00000003	[ 78] literal string: , 
<<dead>> 	0x00000002	[ 78] literal string: )
<<dead>> 	0x00000031	[ 78] literal string: only slices with step=1 (aka None) are supported
<<dead>> 	0x00000011	[ 78] literal string: mp_obj_tuple_del
<<dead>> 	0x00000028	[ 78] literal string: mp_obj_is_type(self_in, &mp_type_tuple)
<<dead>> 	0x00000069	[ 79] _mp_obj_instance_is_callable
<<dead>> 	0x00000057	[ 79] _super_print
<<dead>> 	0x00000050	[ 79] _super_make_new
<<dead>> 	0x00000153	[ 79] _super_attr
<<dead>> 	0x0000002F	[ 79] _mp_load_super_method
<<dead>> 	0x00000028	[ 79] _mp_builtin_issubclass
<<dead>> 	0x0000001F	[ 79] _mp_builtin_isinstance
<<dead>> 	0x000000BE	[ 79] _mp_obj_is_subclass
<<dead>> 	0x00000023	[ 79] _super_attr.cold.1
<<dead>> 	0x00000023	[ 79] _super_attr.cold.2
<<dead>> 	0x00000023	[ 79] _super_attr.cold.3
<<dead>> 	0x00000010	[ 79] 16-byte-literal
<<dead>> 	0x00000010	[ 79] 16-byte-literal
<<dead>> 	0x0000001B	[ 79] literal string: '%s' object isn't callable
<<dead>> 	0x00000016	[ 79] literal string: mp_map_slot_is_filled
<<dead>> 	0x0000000C	[ 79] literal string: ../py/obj.h
<<dead>> 	0x00000011	[ 79] literal string: pos < map->alloc
<<dead>> 	0x00000009	[ 79] literal string: <super: 
<<dead>> 	0x00000003	[ 79] literal string: , 
<<dead>> 	0x00000002	[ 79] literal string: >
<<dead>> 	0x0000000B	[ 79] literal string: super_attr
<<dead>> 	0x00000028	[ 79] literal string: mp_obj_is_type(self_in, &mp_type_super)
<<dead>> 	0x0000002A	[ 79] literal string: mp_obj_is_type(self->type, &mp_type_type)
<<dead>> 	0x00000028	[ 79] literal string: mp_obj_is_type(items[i], &mp_type_type)
<<dead>> 	0x00000023	[ 79] literal string: issubclass() arg 1 must be a class
<<dead>> 	0x00000039	[ 79] literal string: issubclass() arg 2 must be a class or a tuple of classes
<<dead>> 	0x00000078	[ 79] _mp_type_super
<<dead>> 	0x00000010	[ 79] _mp_builtin_issubclass_obj
<<dead>> 	0x00000010	[ 79] _mp_builtin_isinstance_obj
<<dead>> 	0x0000006F	[ 80] _zip_make_new
<<dead>> 	0x00000061	[ 80] _zip_iternext
<<dead>> 	0x00000078	[ 80] _mp_type_zip
<<dead>> 	0x00000027	[ 81] _op_contains
<<dead>> 	0x00000010	[ 81] _mp_op_contains_obj
<<dead>> 	0x0000008C	[ 83] _mp_stream_rw
<<dead>> 	0x00000053	[ 83] _mp_get_stream_raise
<<dead>> 	0x0000000C	[ 83] _stream_read
<<dead>> 	0x0000000F	[ 83] _stream_read1
<<dead>> 	0x0000002C	[ 83] _mp_stream_write
<<dead>> 	0x0000000F	[ 83] _mp_stream_write_adaptor
<<dead>> 	0x00000094	[ 83] _stream_write_method
<<dead>> 	0x0000003F	[ 83] _stream_write1_method
<<dead>> 	0x000000B1	[ 83] _stream_readinto
<<dead>> 	0x000000DD	[ 83] _stream_unbuffered_readline
<<dead>> 	0x00000072	[ 83] _stream_unbuffered_readlines
<<dead>> 	0x00000034	[ 83] _mp_stream_unbuffered_iter
<<dead>> 	0x00000036	[ 83] _mp_stream_close
<<dead>> 	0x00000092	[ 83] _stream_seek
<<dead>> 	0x0000004D	[ 83] _stream_tell
<<dead>> 	0x00000036	[ 83] _stream_flush
<<dead>> 	0x0000008F	[ 83] _stream_ioctl
<<dead>> 	0x00000287	[ 83] _stream_read_generic
<<dead>> 	0x00000010	[ 83] 16-byte-literal
<<dead>> 	0x0000001F	[ 83] literal string: stream operation not supported
<<dead>> 	0x00000018	[ 83] _mp_stream_read_obj
<<dead>> 	0x00000018	[ 83] _mp_stream_read1_obj
<<dead>> 	0x00000018	[ 83] _mp_stream_write_obj
<<dead>> 	0x00000010	[ 83] _mp_stream_write1_obj
<<dead>> 	0x00000018	[ 83] _mp_stream_readinto_obj
<<dead>> 	0x00000018	[ 83] _mp_stream_unbuffered_readline_obj
<<dead>> 	0x00000010	[ 83] _mp_stream_unbuffered_readlines_obj
<<dead>> 	0x00000010	[ 83] _mp_stream_close_obj
<<dead>> 	0x00000018	[ 83] _mp_stream_seek_obj
<<dead>> 	0x00000010	[ 83] _mp_stream_tell_obj
<<dead>> 	0x00000010	[ 83] _mp_stream_flush_obj
<<dead>> 	0x00000018	[ 83] _mp_stream_ioctl_obj
<<dead>> 	0x0000020C	[ 84] _mp_binary_get_size
<<dead>> 	0x00000128	[ 84] _mp_binary_get_val_array
<<dead>> 	0x00000054	[ 84] _mp_binary_get_int
<<dead>> 	0x00000133	[ 84] _mp_binary_get_val
<<dead>> 	0x00000106	[ 84] _mp_binary_set_val
<<dead>> 	0x000000B8	[ 84] _mp_binary_set_val_array
<<dead>> 	0x000000DA	[ 84] _mp_binary_set_val_array_from_int
<<dead>> 	0x0000000D	[ 84] literal string: bad typecode
<<dead>> 	0x0000004B	[ 85] _mp_obj_is_package
<<dead>> 	0x00000534	[ 85] _mp_builtin___import__
<<dead>> 	0x00000054	[ 85] _stat_dir_or_file
<<dead>> 	0x00000033	[ 85] _do_load
<<dead>> 	0x00000023	[ 85] _mp_builtin___import__.cold.1
<<dead>> 	0x00000016	[ 85] literal string: mp_builtin___import__
<<dead>> 	0x00000016	[ 85] literal string: ../py/builtinimport.c
<<dead>> 	0x0000001B	[ 85] literal string: this_name_q != MP_OBJ_NULL
<<dead>> 	0x0000001E	[ 85] literal string: can't perform relative import
<<dead>> 	0x00000015	[ 85] literal string: no module named '%q'
<<dead>> 	0x0000000C	[ 85] literal string: __init__.py
<<dead>> 	0x00000004	[ 85] literal string: .py
<<dead>> 	0x00000018	[ 85] _mp_builtin___import___obj
<<dead>> 	0x0000000F	[ 86] _mp_builtin_eval
<<dead>> 	0x0000000F	[ 86] _mp_builtin_exec
<<dead>> 	0x000000B0	[ 86] _eval_exec_helper
<<dead>> 	0x00000018	[ 86] _mp_builtin_eval_obj
<<dead>> 	0x00000018	[ 86] _mp_builtin_exec_obj
<<dead>> 	0x000000EC	[ 87] _mp_builtin___build_class__
<<dead>> 	0x00000012	[ 87] _mp_builtin_abs
<<dead>> 	0x00000041	[ 87] _mp_builtin_all
<<dead>> 	0x00000041	[ 87] _mp_builtin_any
<<dead>> 	0x0000004C	[ 87] _mp_builtin_bin
<<dead>> 	0x00000016	[ 87] _mp_builtin_callable
<<dead>> 	0x000000D2	[ 87] _mp_builtin_chr
<<dead>> 	0x0000010B	[ 87] _mp_builtin_dir
<<dead>> 	0x00000015	[ 87] _mp_builtin_divmod
<<dead>> 	0x00000012	[ 87] _mp_builtin_hash
<<dead>> 	0x00000017	[ 87] _mp_builtin_hex
<<dead>> 	0x0000000C	[ 87] _mp_builtin_iter
<<dead>> 	0x0000000F	[ 87] _mp_builtin_max
<<dead>> 	0x0000000C	[ 87] _mp_builtin_min
<<dead>> 	0x00000017	[ 87] _mp_builtin_oct
<<dead>> 	0x00000090	[ 87] _mp_builtin_ord
<<dead>> 	0x0000002B	[ 87] _mp_builtin_pow
<<dead>> 	0x000000C9	[ 87] _mp_builtin_print
<<dead>> 	0x0000003E	[ 87] _mp_builtin___repl_print__
<<dead>> 	0x00000052	[ 87] _mp_builtin_repr
<<dead>> 	0x0000009B	[ 87] _mp_builtin_round
<<dead>> 	0x0000005A	[ 87] _mp_builtin_sum
<<dead>> 	0x00000057	[ 87] _mp_builtin_sorted
<<dead>> 	0x00000091	[ 87] _mp_builtin_getattr
<<dead>> 	0x0000002D	[ 87] _mp_builtin_setattr
<<dead>> 	0x0000002A	[ 87] _mp_builtin_delattr
<<dead>> 	0x00000069	[ 87] _mp_builtin_hasattr
<<dead>> 	0x00000011	[ 87] _mp_builtin_globals
<<dead>> 	0x00000011	[ 87] _mp_builtin_locals
<<dead>> 	0x0000014F	[ 87] _mp_builtin_min_max
<<dead>> 	0x00000021	[ 87] _mp_builtin___build_class__.cold.1
<<dead>> 	0x00000023	[ 87] _mp_builtin_dir.cold.1
<<dead>> 	0x00000018	[ 87] _mp_builtin___build_class___obj
<<dead>> 	0x00000010	[ 87] _mp_builtin_abs_obj
<<dead>> 	0x00000010	[ 87] _mp_builtin_all_obj
<<dead>> 	0x00000010	[ 87] _mp_builtin_any_obj
<<dead>> 	0x00000010	[ 87] _mp_builtin_bin_obj
<<dead>> 	0x00000010	[ 87] _mp_builtin_callable_obj
<<dead>> 	0x00000010	[ 87] _mp_builtin_chr_obj
<<dead>> 	0x00000018	[ 87] _mp_builtin_dir_obj
<<dead>> 	0x00000010	[ 87] _mp_builtin_divmod_obj
<<dead>> 	0x00000010	[ 87] _mp_builtin_hash_obj
<<dead>> 	0x00000010	[ 87] _mp_builtin_hex_obj
<<dead>> 	0x00000010	[ 87] _mp_builtin_iter_obj
<<dead>> 	0x00000018	[ 87] _mp_builtin_max_obj
<<dead>> 	0x00000018	[ 87] _mp_builtin_min_obj
<<dead>> 	0x00000010	[ 87] _mp_builtin_oct_obj
<<dead>> 	0x00000010	[ 87] _mp_builtin_ord_obj
<<dead>> 	0x00000018	[ 87] _mp_builtin_pow_obj
<<dead>> 	0x00000018	[ 87] _mp_builtin_print_obj
<<dead>> 	0x00000010	[ 87] _mp_builtin___repl_print___obj
<<dead>> 	0x00000010	[ 87] _mp_builtin_repr_obj
<<dead>> 	0x00000018	[ 87] _mp_builtin_round_obj
<<dead>> 	0x00000018	[ 87] _mp_builtin_sum_obj
<<dead>> 	0x00000018	[ 87] _mp_builtin_sorted_obj
<<dead>> 	0x00000018	[ 87] _mp_builtin_getattr_obj
<<dead>> 	0x00000010	[ 87] _mp_builtin_setattr_obj
<<dead>> 	0x00000010	[ 87] _mp_builtin_delattr_obj
<<dead>> 	0x00000010	[ 87] _mp_builtin_hasattr_obj
<<dead>> 	0x00000010	[ 87] _mp_builtin_globals_obj
<<dead>> 	0x00000010	[ 87] _mp_builtin_locals_obj
<<dead>> 	0x00000010	[ 87] _mp_builtin_id_obj
<<dead>> 	0x00000010	[ 87] _mp_builtin_len_obj
<<dead>> 	0x000005B0	[ 87] _mp_module_builtins_globals_table
<<dead>> 	0x00000020	[ 87] _mp_module_builtins_globals
<<dead>> 	0x00000010	[ 87] _mp_module_builtins
<<dead>> 	0x0000001B	[ 87] literal string: mp_builtin___build_class__
<<dead>> 	0x00000014	[ 87] literal string: ../py/modbuiltins.c
<<dead>> 	0x0000000C	[ 87] literal string: 2 <= n_args
<<dead>> 	0x00000021	[ 87] literal string: chr() arg not in range(0x110000)
<<dead>> 	0x00000016	[ 87] literal string: mp_map_slot_is_filled
<<dead>> 	0x0000000C	[ 87] literal string: ../py/obj.h
<<dead>> 	0x00000011	[ 87] literal string: pos < map->alloc
<<dead>> 	0x00000019	[ 87] literal string: arg is an empty sequence
<<dead>> 	0x0000003A	[ 87] literal string: ord() expected a character, but string of length %d found
<<dead>> 	0x0000001A	[ 87] literal string: 3-arg pow() not supported
<<dead>> 	0x00000002	[ 87] literal string: \n
<<dead>> 	0x0000002B	[ 87] literal string: must use keyword argument for key function
<<dead>> 	0x00000020	[ 87] _mp_builtin_print.allowed_args
<<dead>> 	0x0000003B	[ 88] _mp_micropython_opt_level
<<dead>> 	0x00000010	[ 88] _mp_micropython_heap_lock
<<dead>> 	0x0000001E	[ 88] _mp_micropython_heap_unlock
<<dead>> 	0x00000010	[ 88] _mp_module_micropython
<<dead>> 	0x00000050	[ 88] _mp_module_micropython_globals_table
<<dead>> 	0x00000020	[ 88] _mp_module_micropython_globals
<<dead>> 	0x00000018	[ 88] _mp_micropython_opt_level_obj
<<dead>> 	0x00000010	[ 88] _mp_micropython_heap_lock_obj
<<dead>> 	0x00000010	[ 88] _mp_micropython_heap_unlock_obj
<<dead>> 	0x00000029	[ 89] _struct_calcsize
<<dead>> 	0x000001C5	[ 89] _struct_unpack_from
<<dead>> 	0x00000088	[ 89] _struct_pack
<<dead>> 	0x000000B3	[ 89] _struct_pack_into
<<dead>> 	0x000000EB	[ 89] _calc_size_items
<<dead>> 	0x00000049	[ 89] _get_fmt_num
<<dead>> 	0x00000174	[ 89] _struct_pack_into_internal
<<dead>> 	0x00000010	[ 89] _struct_calcsize_obj
<<dead>> 	0x00000018	[ 89] _struct_unpack_from_obj
<<dead>> 	0x00000018	[ 89] _struct_pack_obj
<<dead>> 	0x00000018	[ 89] _struct_pack_into_obj
<<dead>> 	0x00000018	[ 89] _mp_module_ustruct
<<dead>> 	0x00000060	[ 89] _mp_module_struct_globals_table
<<dead>> 	0x00000020	[ 89] _mp_module_struct_globals
<<dead>> 	0x00000011	[ 89] literal string: buffer too small
<<dead>> 	0x000017F0	[ 90] _mp_execute_bytecode
<<dead>> 	0x00000030	[ 90] _mp_execute_bytecode.cold.1
<<dead>> 	0x00000030	[ 90] _mp_execute_bytecode.cold.2
<<dead>> 	0x00000030	[ 90] _mp_execute_bytecode.cold.3
<<dead>> 	0x00000030	[ 90] _mp_execute_bytecode.cold.4
<<dead>> 	0x00000030	[ 90] _mp_execute_bytecode.cold.5
<<dead>> 	0x00000030	[ 90] _mp_execute_bytecode.cold.6
<<dead>> 	0x00000030	[ 90] _mp_execute_bytecode.cold.7
<<dead>> 	0x00000030	[ 90] _mp_execute_bytecode.cold.8
<<dead>> 	0x00000030	[ 90] _mp_execute_bytecode.cold.9
<<dead>> 	0x00000030	[ 90] _mp_execute_bytecode.cold.10
<<dead>> 	0x00000030	[ 90] _mp_execute_bytecode.cold.11
<<dead>> 	0x00000023	[ 90] _mp_execute_bytecode.cold.12
<<dead>> 	0x00000010	[ 90] 16-byte-literal
<<dead>> 	0x0000002C	[ 90] literal string: local variable referenced before assignment
<<dead>> 	0x00000014	[ 90] literal string: mp_execute_bytecode
<<dead>> 	0x0000000B	[ 90] literal string: ../py/vm.c
<<dead>> 	0x00000024	[ 90] literal string: mp_obj_is_exception_instance(TOP())
<<dead>> 	0x00000014	[ 90] literal string: exc_sp >= exc_stack
<<dead>> 	0x00000029	[ 90] literal string: &sp[-1] == MP_TAGPTR_PTR(exc_sp->val_sp)
<<dead>> 	0x00000040	[ 90] literal string: sp[-1] == mp_const_none || mp_obj_is_exception_instance(sp[-1])
<<dead>> 	0x00000018	[ 90] literal string: exc_sp == exc_stack - 1
<<dead>> 	0x0000001F	[ 90] literal string: no active exception to reraise
<<dead>> 	0x00000021	[ 90] literal string: exception chaining not supported
<<dead>> 	0x00000023	[ 90] literal string: ret_kind == MP_VM_RETURN_EXCEPTION
<<dead>> 	0x0000003F	[ 90] literal string: !EXC_MATCH(ret_value, MP_OBJ_FROM_PTR(&mp_type_StopIteration))
<<dead>> 	0x00000007	[ 90] literal string: opcode
<<dead>> 	0x000004BB	[ 91] _mp_setup_code_state
<<dead>> 	0x00000030	[ 91] _fun_pos_args_mismatch
<<dead>> 	0x0000002F	[ 91] literal string: function got multiple values for argument '%q'
<<dead>> 	0x00000021	[ 91] literal string: unexpected keyword argument '%q'
<<dead>> 	0x00000032	[ 91] literal string: function missing required positional argument #%d
<<dead>> 	0x00000030	[ 91] literal string: function missing required keyword argument '%q'
<<dead>> 	0x00000027	[ 91] literal string: function missing keyword-only argument
<<dead>> 	0x00000035	[ 91] literal string: %q() takes %d positional arguments but %d were given
<<dead>> 	0x00000008	[ 93] _mp_import_stat
<<dead>> 	0x00000000	[ 96] ___memcpy_chk
